Component: Arm Compiler for Embedded 6.19 Tool: armlink [5e73cb00]

==============================================================================

Section Cross References

    hardware_drivers.o(.text.SysTick_Handler) refers to hardware_drivers.o(.bss.tick_counter) for tick_counter
    hardware_drivers.o(.ARM.exidx.text.SysTick_Handler) refers to hardware_drivers.o(.text.SysTick_Handler) for [Anonymous Symbol]
    hardware_drivers.o(.text.HD_IncrementTick) refers to hardware_drivers.o(.bss.tick_counter) for tick_counter
    hardware_drivers.o(.ARM.exidx.text.HD_IncrementTick) refers to hardware_drivers.o(.text.HD_IncrementTick) for [Anonymous Symbol]
    hardware_drivers.o(.text.Timer1_IRQHandler) refers to mdr32fxqi_timer.o(.text.TIMER_GetITStatus) for TIMER_GetITStatus
    hardware_drivers.o(.text.Timer1_IRQHandler) refers to mdr32fxqi_timer.o(.text.TIMER_ClearFlag) for TIMER_ClearFlag
    hardware_drivers.o(.text.Timer1_IRQHandler) refers to leds.o(.text.LED_Process) for LED_Process
    hardware_drivers.o(.ARM.exidx.text.Timer1_IRQHandler) refers to hardware_drivers.o(.text.Timer1_IRQHandler) for [Anonymous Symbol]
    hardware_drivers.o(.text.HD_Timer1_Init) refers to mdr32fxqi_rst_clk.o(.text.RST_CLK_PCLKcmd) for RST_CLK_PCLKcmd
    hardware_drivers.o(.text.HD_Timer1_Init) refers to mdr32fxqi_timer.o(.text.TIMER_CntStructInit) for TIMER_CntStructInit
    hardware_drivers.o(.text.HD_Timer1_Init) refers to mdr32fxqi_timer.o(.text.TIMER_CntInit) for TIMER_CntInit
    hardware_drivers.o(.text.HD_Timer1_Init) refers to mdr32fxqi_timer.o(.text.TIMER_ITConfig) for TIMER_ITConfig
    hardware_drivers.o(.text.HD_Timer1_Init) refers to mdr32fxqi_timer.o(.text.TIMER_Cmd) for TIMER_Cmd
    hardware_drivers.o(.ARM.exidx.text.HD_Timer1_Init) refers to hardware_drivers.o(.text.HD_Timer1_Init) for [Anonymous Symbol]
    hardware_drivers.o(.ARM.exidx.text.HD_Delay_Init) refers to hardware_drivers.o(.text.HD_Delay_Init) for [Anonymous Symbol]
    hardware_drivers.o(.text.HD_Delay_ms) refers to hardware_drivers.o(.bss.HD_Delay_ms.delay_running) for HD_Delay_ms.delay_running
    hardware_drivers.o(.text.HD_Delay_ms) refers to hardware_drivers.o(.bss.tick_counter) for tick_counter
    hardware_drivers.o(.text.HD_Delay_ms) refers to hardware_drivers.o(.bss.HD_Delay_ms.start_tick) for HD_Delay_ms.start_tick
    hardware_drivers.o(.ARM.exidx.text.HD_Delay_ms) refers to hardware_drivers.o(.text.HD_Delay_ms) for [Anonymous Symbol]
    hardware_drivers.o(.text.HD_GetTick) refers to hardware_drivers.o(.bss.tick_counter) for tick_counter
    hardware_drivers.o(.ARM.exidx.text.HD_GetTick) refers to hardware_drivers.o(.text.HD_GetTick) for [Anonymous Symbol]
    hardware_drivers.o(.text.HD_Delay_us) refers to hardware_drivers.o(.bss.HD_Delay_us.delay_running) for HD_Delay_us.delay_running
    hardware_drivers.o(.text.HD_Delay_us) refers to hardware_drivers.o(.bss.tick_counter) for tick_counter
    hardware_drivers.o(.text.HD_Delay_us) refers to hardware_drivers.o(.bss.HD_Delay_us.start_tick) for HD_Delay_us.start_tick
    hardware_drivers.o(.ARM.exidx.text.HD_Delay_us) refers to hardware_drivers.o(.text.HD_Delay_us) for [Anonymous Symbol]
    hardware_drivers.o(.text.HD_Delay_ms_blocking) refers to hardware_drivers.o(.bss.tick_counter) for tick_counter
    hardware_drivers.o(.ARM.exidx.text.HD_Delay_ms_blocking) refers to hardware_drivers.o(.text.HD_Delay_ms_blocking) for [Anonymous Symbol]
    hardware_drivers.o(.ARM.exidx.text.HD_Delay_us_blocking) refers to hardware_drivers.o(.text.HD_Delay_us_blocking) for [Anonymous Symbol]
    hardware_drivers.o(.text.HD_System_Init) refers to mdr32fxqi_rst_clk.o(.text.RST_CLK_PCLKcmd) for RST_CLK_PCLKcmd
    hardware_drivers.o(.text.HD_System_Init) refers to mdr32fxqi_timer.o(.text.TIMER_CntStructInit) for TIMER_CntStructInit
    hardware_drivers.o(.text.HD_System_Init) refers to mdr32fxqi_timer.o(.text.TIMER_CntInit) for TIMER_CntInit
    hardware_drivers.o(.text.HD_System_Init) refers to mdr32fxqi_timer.o(.text.TIMER_ITConfig) for TIMER_ITConfig
    hardware_drivers.o(.text.HD_System_Init) refers to mdr32fxqi_timer.o(.text.TIMER_Cmd) for TIMER_Cmd
    hardware_drivers.o(.ARM.exidx.text.HD_System_Init) refers to hardware_drivers.o(.text.HD_System_Init) for [Anonymous Symbol]
    hardware_drivers.o(.ARM.exidx.text.HD_GetSystemClock) refers to hardware_drivers.o(.text.HD_GetSystemClock) for [Anonymous Symbol]
    hardware_drivers.o(.ARM.exidx.text.HD_AssertFailed) refers to hardware_drivers.o(.text.HD_AssertFailed) for [Anonymous Symbol]
    leds.o(.text.LED_Init) refers to mdr32fxqi_rst_clk.o(.text.RST_CLK_PCLKcmd) for RST_CLK_PCLKcmd
    leds.o(.text.LED_Init) refers to mdr32fxqi_port.o(.text.PORT_Init) for PORT_Init
    leds.o(.text.LED_Init) refers to leds.o(.data.LED_Config) for LED_Config
    leds.o(.text.LED_Init) refers to mdr32fxqi_port.o(.text.PORT_ResetBits) for PORT_ResetBits
    leds.o(.ARM.exidx.text.LED_Init) refers to leds.o(.text.LED_Init) for [Anonymous Symbol]
[...]
    main.o(.text.main) refers to leds.o(.text.LED_Init) for LED_Init
    main.o(.text.main) refers to leds.o(.text.LED_Sequence) for LED_Sequence
    main.o(.ARM.exidx.text.main) refers to main.o(.text.main) for [Anonymous Symbol]
    startup_mdr32f9q2i.o(STACK) refers (Special) to heapauxi.o(.text) for __use_two_region_memory
    startup_mdr32f9q2i.o(HEAP) refers (Special) to heapauxi.o(.text) for __use_two_region_memory
    startup_mdr32f9q2i.o(RESET) refers (Special) to heapauxi.o(.text) for __use_two_region_memory
    startup_mdr32f9q2i.o(RESET) refers to startup_mdr32f9q2i.o(STACK) for __initial_sp
    startup_mdr32f9q2i.o(RESET) refers to startup_mdr32f9q2i.o(.text) for Reset_Handler
    startup_mdr32f9q2i.o(RESET) refers to hardware_drivers.o(.text.SysTick_Handler) for SysTick_Handler
    startup_mdr32f9q2i.o(RESET) refers to hardware_drivers.o(.text.Timer1_IRQHandler) for Timer1_IRQHandler
    startup_mdr32f9q2i.o(.text) refers (Special) to heapauxi.o(.text) for __use_two_region_memory
    startup_mdr32f9q2i.o(.text) refers to system_mdr32f9q2i.o(.text.SystemInit) for SystemInit
    startup_mdr32f9q2i.o(.text) refers to __main.o(!!!main) for __main
    startup_mdr32f9q2i.o(.text) refers to startup_mdr32f9q2i.o(HEAP) for Heap_Mem
    startup_mdr32f9q2i.o(.text) refers to startup_mdr32f9q2i.o(STACK) for Stack_Mem
    system_mdr32f9q2i.o(.text.SystemCoreClockUpdate) refers to system_mdr32f9q2i.o(.data.SystemCoreClock) for SystemCoreClock
    system_mdr32f9q2i.o(.ARM.exidx.text.SystemCoreClockUpdate) refers to system_mdr32f9q2i.o(.text.SystemCoreClockUpdate) for [Anonymous Symbol]
    system_mdr32f9q2i.o(.text.SystemInit) refers to startup_mdr32f9q2i.o(RESET) for __Vectors
    system_mdr32f9q2i.o(.text.SystemInit) refers to system_mdr32f9q2i.o(.data.SystemCoreClock) for SystemCoreClock
    system_mdr32f9q2i.o(.ARM.exidx.text.SystemInit) refers to system_mdr32f9q2i.o(.text.SystemInit) for [Anonymous Symbol]
    mdr32fxqi_port.o(.ARM.exidx.text.PORT_DeInit) refers to mdr32fxqi_port.o(.text.PORT_DeInit) for [Anonymous Symbol]
    mdr32fxqi_port.o(.ARM.exidx.text.PORT_Init) refers to mdr32fxqi_port.o(.text.PORT_Init) for [Anonymous Symbol]
    mdr32fxqi_port.o(.ARM.exidx.text.PORT_StructInit) refers to mdr32fxqi_port.o(.text.PORT_StructInit) for [Anonymous Symbol]
    mdr32fxqi_port.o(.ARM.exidx.text.PORT_ReadInputDataBit) refers to mdr32fxqi_port.o(.text.PORT_ReadInputDataBit) for [Anonymous Symbol]
    mdr32fxqi_port.o(.ARM.exidx.text.PORT_ReadInputData) refers to mdr32fxqi_port.o(.text.PORT_ReadInputData) for [Anonymous Symbol]
    mdr32fxqi_port.o(.ARM.exidx.text.PORT_SetBits) refers to mdr32fxqi_port.o(.text.PORT_SetBits) for [Anonymous Symbol]
    mdr32fxqi_port.o(.ARM.exidx.text.PORT_ResetBits) refers to mdr32fxqi_port.o(.text.PORT_ResetBits) for [Anonymous Symbol]
    mdr32fxqi_port.o(.ARM.exidx.text.PORT_WriteBit) refers to mdr32fxqi_port.o(.text.PORT_WriteBit) for [Anonymous Symbol]
    mdr32fxqi_port.o(.ARM.exidx.text.PORT_Write) refers to mdr32fxqi_port.o(.text.PORT_Write) for [Anonymous Symbol]
    mdr32fxqi_rst_clk.o(.ARM.exidx.text.RST_CLK_DeInit) refers to mdr32fxqi_rst_clk.o(.text.RST_CLK_DeInit) for [Anonymous Symbol]
    mdr32fxqi_rst_clk.o(.ARM.exidx.text.RST_CLK_WarmDeInit) refers to mdr32fxqi_rst_clk.o(.text.RST_CLK_WarmDeInit) for [Anonymous Symbol]
    mdr32fxqi_rst_clk.o(.ARM.exidx.text.RST_CLK_HSIcmd) refers to mdr32fxqi_rst_clk.o(.text.RST_CLK_HSIcmd) for [Anonymous Symbol]
    mdr32fxqi_rst_clk.o(.ARM.exidx.text.RST_CLK_HSIstatus) refers to mdr32fxqi_rst_clk.o(.text.RST_CLK_HSIstatus) for [Anonymous Symbol]
    mdr32fxqi_rst_clk.o(.ARM.exidx.text.RST_CLK_HSEconfig) refers to mdr32fxqi_rst_clk.o(.text.RST_CLK_HSEconfig) for [Anonymous Symbol]
    mdr32fxqi_rst_clk.o(.ARM.exidx.text.RST_CLK_HSEstatus) refers to mdr32fxqi_rst_clk.o(.text.RST_CLK_HSEstatus) for [Anonymous Symbol]
    mdr32fxqi_rst_clk.o(.ARM.exidx.text.RST_CLK_GetFlagStatus) refers to mdr32fxqi_rst_clk.o(.text.RST_CLK_GetFlagStatus) for [Anonymous Symbol]
    mdr32fxqi_rst_clk.o(.ARM.exidx.text.RST_CLK_LSEconfig) refers to mdr32fxqi_rst_clk.o(.text.RST_CLK_LSEconfig) for [Anonymous Symbol]
    mdr32fxqi_rst_clk.o(.ARM.exidx.text.RST_CLK_LSEstatus) refers to mdr32fxqi_rst_clk.o(.text.RST_CLK_LSEstatus) for [Anonymous Symbol]
    mdr32fxqi_rst_clk.o(.ARM.exidx.text.RST_CLK_HSIadjust) refers to mdr32fxqi_rst_clk.o(.text.RST_CLK_HSIadjust) for [Anonymous Symbol]
    mdr32fxqi_rst_clk.o(.ARM.exidx.text.RST_CLK_LSIcmd) refers to mdr32fxqi_rst_clk.o(.text.RST_CLK_LSIcmd) for [Anonymous Symbol]
    mdr32fxqi_rst_clk.o(.ARM.exidx.text.RST_CLK_LSIadjust) refers to mdr32fxqi_rst_clk.o(.text.RST_CLK_LSIadjust) for [Anonymous Symbol]
    mdr32fxqi_rst_clk.o(.ARM.exidx.text.RST_CLK_LSIstatus) refers to mdr32fxqi_rst_clk.o(.text.RST_CLK_LSIstatus) for [Anonymous Symbol]
    mdr32fxqi_rst_clk.o(.ARM.exidx.text.RST_CLK_CPU_PLLconfig) refers to mdr32fxqi_rst_clk.o(.text.RST_CLK_CPU_PLLconfig) for [Anonymous Symbol]
    mdr32fxqi_rst_clk.o(.ARM.exidx.text.RST_CLK_CPU_PLLuse) refers to mdr32fxqi_rst_clk.o(.text.RST_CLK_CPU_PLLuse) for [Anonymous Symbol]
    mdr32fxqi_rst_clk.o(.ARM.exidx.text.RST_CLK_CPU_PLLcmd) refers to mdr32fxqi_rst_clk.o(.text.RST_CLK_CPU_PLLcmd) for [Anonymous Symbol]
    mdr32fxqi_rst_clk.o(.ARM.exidx.text.RST_CLK_CPU_PLLstatus) refers to mdr32fxqi_rst_clk.o(.text.RST_CLK_CPU_PLLstatus) for [Anonymous Symbol]
    mdr32fxqi_rst_clk.o(.ARM.exidx.text.RST_CLK_CPUclkPrescaler) refers to mdr32fxqi_rst_clk.o(.text.RST_CLK_CPUclkPrescaler) for [Anonymous Symbol]
    mdr32fxqi_rst_clk.o(.ARM.exidx.text.RST_CLK_CPUclkSelection) refers to mdr32fxqi_rst_clk.o(.text.RST_CLK_CPUclkSelection) for [Anonymous Symbol]
    mdr32fxqi_rst_clk.o(.ARM.exidx.text.RST_CLK_USB_PLLconfig) refers to mdr32fxqi_rst_clk.o(.text.RST_CLK_USB_PLLconfig) for [Anonymous Symbol]
    mdr32fxqi_rst_clk.o(.ARM.exidx.text.RST_CLK_USB_PLLuse) refers to mdr32fxqi_rst_clk.o(.text.RST_CLK_USB_PLLuse) for [Anonymous Symbol]
    mdr32fxqi_rst_clk.o(.ARM.exidx.text.RST_CLK_USB_PLLcmd) refers to mdr32fxqi_rst_clk.o(.text.RST_CLK_USB_PLLcmd) for [Anonymous Symbol]
    mdr32fxqi_rst_clk.o(.ARM.exidx.text.RST_CLK_USB_PLLstatus) refers to mdr32fxqi_rst_clk.o(.text.RST_CLK_USB_PLLstatus) for [Anonymous Symbol]
    mdr32fxqi_rst_clk.o(.ARM.exidx.text.RST_CLK_USBclkPrescaler) refers to mdr32fxqi_rst_clk.o(.text.RST_CLK_USBclkPrescaler) for [Anonymous Symbol]
    mdr32fxqi_rst_clk.o(.ARM.exidx.text.RST_CLK_USBclkEnable) refers to mdr32fxqi_rst_clk.o(.text.RST_CLK_USBclkEnable) for [Anonymous Symbol]
    mdr32fxqi_rst_clk.o(.ARM.exidx.text.RST_CLK_ADCclkSelection) refers to mdr32fxqi_rst_clk.o(.text.RST_CLK_ADCclkSelection) for [Anonymous Symbol]
    mdr32fxqi_rst_clk.o(.ARM.exidx.text.RST_CLK_ADCclkPrescaler) refers to mdr32fxqi_rst_clk.o(.text.RST_CLK_ADCclkPrescaler) for [Anonymous Symbol]
    mdr32fxqi_rst_clk.o(.ARM.exidx.text.RST_CLK_ADCclkEnable) refers to mdr32fxqi_rst_clk.o(.text.RST_CLK_ADCclkEnable) for [Anonymous Symbol]
    mdr32fxqi_rst_clk.o(.ARM.exidx.text.RST_CLK_HSIclkPrescaler) refers to mdr32fxqi_rst_clk.o(.text.RST_CLK_HSIclkPrescaler) for [Anonymous Symbol]
    mdr32fxqi_rst_clk.o(.ARM.exidx.text.RST_CLK_RTC_HSIclkEnable) refers to mdr32fxqi_rst_clk.o(.text.RST_CLK_RTC_HSIclkEnable) for [Anonymous Symbol]
    mdr32fxqi_rst_clk.o(.ARM.exidx.text.RST_CLK_HSEclkPrescaler) refers to mdr32fxqi_rst_clk.o(.text.RST_CLK_HSEclkPrescaler) for [Anonymous Symbol]
    mdr32fxqi_rst_clk.o(.ARM.exidx.text.RST_CLK_RTC_HSEclkEnable) refers to mdr32fxqi_rst_clk.o(.text.RST_CLK_RTC_HSEclkEnable) for [Anonymous Symbol]
    mdr32fxqi_rst_clk.o(.ARM.exidx.text.RST_CLK_CPUclkSelectionC1) refers to mdr32fxqi_rst_clk.o(.text.RST_CLK_CPUclkSelectionC1) for [Anonymous Symbol]
    mdr32fxqi_rst_clk.o(.ARM.exidx.text.RST_CLK_PCLKcmd) refers to mdr32fxqi_rst_clk.o(.text.RST_CLK_PCLKcmd) for [Anonymous Symbol]
    mdr32fxqi_rst_clk.o(.ARM.exidx.text.RST_CLK_GetClocksFreq) refers to mdr32fxqi_rst_clk.o(.text.RST_CLK_GetClocksFreq) for [Anonymous Symbol]
    mdr32fxqi_timer.o(.ARM.exidx.text.TIMER_DeInit) refers to mdr32fxqi_timer.o(.text.TIMER_DeInit) for [Anonymous Symbol]
    mdr32fxqi_timer.o(.ARM.exidx.text.TIMER_CntInit) refers to mdr32fxqi_timer.o(.text.TIMER_CntInit) for [Anonymous Symbol]
    mdr32fxqi_timer.o(.ARM.exidx.text.TIMER_CntStructInit) refers to mdr32fxqi_timer.o(.text.TIMER_CntStructInit) for [Anonymous Symbol]
    mdr32fxqi_timer.o(.ARM.exidx.text.TIMER_Cmd) refers to mdr32fxqi_timer.o(.text.TIMER_Cmd) for [Anonymous Symbol]
    mdr32fxqi_timer.o(.ARM.exidx.text.TIMER_SetCounter) refers to mdr32fxqi_timer.o(.text.TIMER_SetCounter) for [Anonymous Symbol]
    mdr32fxqi_timer.o(.ARM.exidx.text.TIMER_GetCounter) refers to mdr32fxqi_timer.o(.text.TIMER_GetCounter) for [Anonymous Symbol]
    mdr32fxqi_timer.o(.ARM.exidx.text.TIMER_SetCntPrescaler) refers to mdr32fxqi_timer.o(.text.TIMER_SetCntPrescaler) for [Anonymous Symbol]
    mdr32fxqi_timer.o(.ARM.exidx.text.TIMER_GetCntPrescaler) refers to mdr32fxqi_timer.o(.text.TIMER_GetCntPrescaler) for [Anonymous Symbol]
    mdr32fxqi_timer.o(.ARM.exidx.text.TIMER_SetCntAutoreload) refers to mdr32fxqi_timer.o(.text.TIMER_SetCntAutoreload) for [Anonymous Symbol]
    mdr32fxqi_timer.o(.ARM.exidx.text.TIMER_CntAutoreloadConfig) refers to mdr32fxqi_timer.o(.text.TIMER_CntAutoreloadConfig) for [Anonymous Symbol]
    mdr32fxqi_timer.o(.ARM.exidx.text.TIMER_GetCntAutoreload) refers to mdr32fxqi_timer.o(.text.TIMER_GetCntAutoreload) for [Anonymous Symbol]
    mdr32fxqi_timer.o(.ARM.exidx.text.TIMER_CntEventSourceConfig) refers to mdr32fxqi_timer.o(.text.TIMER_CntEventSourceConfig) for [Anonymous Symbol]
    mdr32fxqi_timer.o(.ARM.exidx.text.TIMER_FilterSamplingConfig) refers to mdr32fxqi_timer.o(.text.TIMER_FilterSamplingConfig) for [Anonymous Symbol]
    mdr32fxqi_timer.o(.ARM.exidx.text.TIMER_CounterModeConfig) refers to mdr32fxqi_timer.o(.text.TIMER_CounterModeConfig) for [Anonymous Symbol]
    mdr32fxqi_timer.o(.ARM.exidx.text.TIMER_SetCounterDirection) refers to mdr32fxqi_timer.o(.text.TIMER_SetCounterDirection) for [Anonymous Symbol]
    mdr32fxqi_timer.o(.ARM.exidx.text.TIMER_ETRInputConfig) refers to mdr32fxqi_timer.o(.text.TIMER_ETRInputConfig) for [Anonymous Symbol]
    mdr32fxqi_timer.o(.ARM.exidx.text.TIMER_ETRFilterConfig) refers to mdr32fxqi_timer.o(.text.TIMER_ETRFilterConfig) for [Anonymous Symbol]
    mdr32fxqi_timer.o(.ARM.exidx.text.TIMER_ETRPrescalerConfig) refers to mdr32fxqi_timer.o(.text.TIMER_ETRPrescalerConfig) for [Anonymous Symbol]
    mdr32fxqi_timer.o(.ARM.exidx.text.TIMER_ETRPolarityConfig) refers to mdr32fxqi_timer.o(.text.TIMER_ETRPolarityConfig) for [Anonymous Symbol]
    mdr32fxqi_timer.o(.ARM.exidx.text.TIMER_BRKPolarityConfig) refers to mdr32fxqi_timer.o(.text.TIMER_BRKPolarityConfig) for [Anonymous Symbol]
    mdr32fxqi_timer.o(.ARM.exidx.text.TIMER_GetCounterDirection) refers to mdr32fxqi_timer.o(.text.TIMER_GetCounterDirection) for [Anonymous Symbol]
    mdr32fxqi_timer.o(.ARM.exidx.text.TIMER_GetCntWriteComplete) refers to mdr32fxqi_timer.o(.text.TIMER_GetCntWriteComplete) for [Anonymous Symbol]
    mdr32fxqi_timer.o(.ARM.exidx.text.TIMER_ChnInit) refers to mdr32fxqi_timer.o(.text.TIMER_ChnInit) for [Anonymous Symbol]
    mdr32fxqi_timer.o(.ARM.exidx.text.TIMER_ChnStructInit) refers to mdr32fxqi_timer.o(.text.TIMER_ChnStructInit) for [Anonymous Symbol]
    mdr32fxqi_timer.o(.ARM.exidx.text.TIMER_SetChnCompare) refers to mdr32fxqi_timer.o(.text.TIMER_SetChnCompare) for [Anonymous Symbol]
    mdr32fxqi_timer.o(.ARM.exidx.text.TIMER_ChnCompareConfig) refers to mdr32fxqi_timer.o(.text.TIMER_ChnCompareConfig) for [Anonymous Symbol]
    mdr32fxqi_timer.o(.ARM.exidx.text.TIMER_GetChnCapture) refers to mdr32fxqi_timer.o(.text.TIMER_GetChnCapture) for [Anonymous Symbol]
    mdr32fxqi_timer.o(.ARM.exidx.text.TIMER_SetChnCompare1) refers to mdr32fxqi_timer.o(.text.TIMER_SetChnCompare1) for [Anonymous Symbol]
    mdr32fxqi_timer.o(.ARM.exidx.text.TIMER_ChnCompare1Config) refers to mdr32fxqi_timer.o(.text.TIMER_ChnCompare1Config) for [Anonymous Symbol]
    mdr32fxqi_timer.o(.ARM.exidx.text.TIMER_GetChnCapture1) refers to mdr32fxqi_timer.o(.text.TIMER_GetChnCapture1) for [Anonymous Symbol]
    mdr32fxqi_timer.o(.ARM.exidx.text.TIMER_ChnETR_Cmd) refers to mdr32fxqi_timer.o(.text.TIMER_ChnETR_Cmd) for [Anonymous Symbol]
    mdr32fxqi_timer.o(.ARM.exidx.text.TIMER_ChnETRResetConfig) refers to mdr32fxqi_timer.o(.text.TIMER_ChnETRResetConfig) for [Anonymous Symbol]
    mdr32fxqi_timer.o(.ARM.exidx.text.TIMER_ChnBRKResetConfig) refers to mdr32fxqi_timer.o(.text.TIMER_ChnBRKResetConfig) for [Anonymous Symbol]
    mdr32fxqi_timer.o(.ARM.exidx.text.TIMER_ChnREFFormatConfig) refers to mdr32fxqi_timer.o(.text.TIMER_ChnREFFormatConfig) for [Anonymous Symbol]
    mdr32fxqi_timer.o(.ARM.exidx.text.TIMER_ChnCapturePrescalerConfig) refers to mdr32fxqi_timer.o(.text.TIMER_ChnCapturePrescalerConfig) for [Anonymous Symbol]
    mdr32fxqi_timer.o(.ARM.exidx.text.TIMER_ChnEventSourceConfig) refers to mdr32fxqi_timer.o(.text.TIMER_ChnEventSourceConfig) for [Anonymous Symbol]
    mdr32fxqi_timer.o(.ARM.exidx.text.TIMER_ChnEventDelay_Cmd) refers to mdr32fxqi_timer.o(.text.TIMER_ChnEventDelay_Cmd) for [Anonymous Symbol]
    mdr32fxqi_timer.o(.ARM.exidx.text.TIMER_ChnFilterConfig) refers to mdr32fxqi_timer.o(.text.TIMER_ChnFilterConfig) for [Anonymous Symbol]
    mdr32fxqi_timer.o(.ARM.exidx.text.TIMER_GetChnWriteComplete) refers to mdr32fxqi_timer.o(.text.TIMER_GetChnWriteComplete) for [Anonymous Symbol]
    mdr32fxqi_timer.o(.ARM.exidx.text.TIMER_GetChnWriteComplete1) refers to mdr32fxqi_timer.o(.text.TIMER_GetChnWriteComplete1) for [Anonymous Symbol]
    mdr32fxqi_timer.o(.ARM.exidx.text.TIMER_ChnCCR1_EventSourceConfig) refers to mdr32fxqi_timer.o(.text.TIMER_ChnCCR1_EventSourceConfig) for [Anonymous Symbol]
    mdr32fxqi_timer.o(.ARM.exidx.text.TIMER_ChnCCR1_Cmd) refers to mdr32fxqi_timer.o(.text.TIMER_ChnCCR1_Cmd) for [Anonymous Symbol]
    mdr32fxqi_timer.o(.ARM.exidx.text.TIMER_ChnOutInit) refers to mdr32fxqi_timer.o(.text.TIMER_ChnOutInit) for [Anonymous Symbol]
    mdr32fxqi_timer.o(.ARM.exidx.text.TIMER_ChnOutStructInit) refers to mdr32fxqi_timer.o(.text.TIMER_ChnOutStructInit) for [Anonymous Symbol]
    mdr32fxqi_timer.o(.ARM.exidx.text.TIMER_ChnOutConfig) refers to mdr32fxqi_timer.o(.text.TIMER_ChnOutConfig) for [Anonymous Symbol]
    mdr32fxqi_timer.o(.ARM.exidx.text.TIMER_ChnOutSourceConfig) refers to mdr32fxqi_timer.o(.text.TIMER_ChnOutSourceConfig) for [Anonymous Symbol]
    mdr32fxqi_timer.o(.ARM.exidx.text.TIMER_ChnOutModeConfig) refers to mdr32fxqi_timer.o(.text.TIMER_ChnOutModeConfig) for [Anonymous Symbol]
    mdr32fxqi_timer.o(.ARM.exidx.text.TIMER_ChnOutPolarityConfig) refers to mdr32fxqi_timer.o(.text.TIMER_ChnOutPolarityConfig) for [Anonymous Symbol]
    mdr32fxqi_timer.o(.ARM.exidx.text.TIMER_ChnNOutConfig) refers to mdr32fxqi_timer.o(.text.TIMER_ChnNOutConfig) for [Anonymous Symbol]
    mdr32fxqi_timer.o(.ARM.exidx.text.TIMER_ChnNOutSourceConfig) refers to mdr32fxqi_timer.o(.text.TIMER_ChnNOutSourceConfig) for [Anonymous Symbol]
    mdr32fxqi_timer.o(.ARM.exidx.text.TIMER_ChnNOutModeConfig) refers to mdr32fxqi_timer.o(.text.TIMER_ChnNOutModeConfig) for [Anonymous Symbol]
    mdr32fxqi_timer.o(.ARM.exidx.text.TIMER_ChnNOutPolarityConfig) refers to mdr32fxqi_timer.o(.text.TIMER_ChnNOutPolarityConfig) for [Anonymous Symbol]
    mdr32fxqi_timer.o(.ARM.exidx.text.TIMER_ChnOutDTGConfig) refers to mdr32fxqi_timer.o(.text.TIMER_ChnOutDTGConfig) for [Anonymous Symbol]
    mdr32fxqi_timer.o(.ARM.exidx.text.TIMER_GetStatus) refers to mdr32fxqi_timer.o(.text.TIMER_GetStatus) for [Anonymous Symbol]
    mdr32fxqi_timer.o(.ARM.exidx.text.TIMER_GetFlagStatus) refers to mdr32fxqi_timer.o(.text.TIMER_GetFlagStatus) for [Anonymous Symbol]
    mdr32fxqi_timer.o(.ARM.exidx.text.TIMER_ClearFlag) refers to mdr32fxqi_timer.o(.text.TIMER_ClearFlag) for [Anonymous Symbol]
    mdr32fxqi_timer.o(.ARM.exidx.text.TIMER_DMACmd) refers to mdr32fxqi_timer.o(.text.TIMER_DMACmd) for [Anonymous Symbol]
    mdr32fxqi_timer.o(.ARM.exidx.text.TIMER_ITConfig) refers to mdr32fxqi_timer.o(.text.TIMER_ITConfig) for [Anonymous Symbol]
    mdr32fxqi_timer.o(.ARM.exidx.text.TIMER_GetITStatus) refers to mdr32fxqi_timer.o(.text.TIMER_GetITStatus) for [Anonymous Symbol]
    mdr32fxqi_timer.o(.ARM.exidx.text.TIMER_BRGInit) refers to mdr32fxqi_timer.o(.text.TIMER_BRGInit) for [Anonymous Symbol]
    __main.o(!!!main) refers to __rtentry.o(.ARM.Collect$$rtentry$$00000000) for __rt_entry
    __rtentry.o(.ARM.Collect$$rtentry$$00000000) refers (Special) to __rtentry2.o(.ARM.Collect$$rtentry$$0000000A) for __rt_entry_li
    __rtentry.o(.ARM.Collect$$rtentry$$00000000) refers (Special) to __rtentry2.o(.ARM.Collect$$rtentry$$0000000D) for __rt_entry_main
    __rtentry.o(.ARM.Collect$$rtentry$$00000000) refers (Special) to __rtentry2.o(.ARM.Collect$$rtentry$$0000000C) for __rt_entry_postli_1
    __rtentry.o(.ARM.Collect$$rtentry$$00000000) refers (Special) to __rtentry2.o(.ARM.Collect$$rtentry$$00000009) for __rt_entry_postsh_1
    __rtentry.o(.ARM.Collect$$rtentry$$00000000) refers (Special) to __rtentry2.o(.ARM.Collect$$rtentry$$00000002) for __rt_entry_presh_1
    __rtentry.o(.ARM.Collect$$rtentry$$00000000) refers (Special) to __rtentry4.o(.ARM.Collect$$rtentry$$00000004) for __rt_entry_sh
    __rtentry2.o(.ARM.Collect$$rtentry$$00000008) refers to boardinit2.o(.text) for _platform_post_stackheap_init
    __rtentry2.o(.ARM.Collect$$rtentry$$0000000A) refers to libinit.o(.ARM.Collect$$libinit$$00000000) for __rt_lib_init
    __rtentry2.o(.ARM.Collect$$rtentry$$0000000B) refers to boardinit3.o(.text) for _platform_post_lib_init
    __rtentry2.o(.ARM.Collect$$rtentry$$0000000D) refers to main.o(.text.main) for main
    __rtentry2.o(.ARM.Collect$$rtentry$$0000000D) refers to exit.o(.text) for exit
    __rtentry2.o(.ARM.exidx) refers to __rtentry2.o(.ARM.Collect$$rtentry$$00000001) for .ARM.Collect$$rtentry$$00000001
    __rtentry2.o(.ARM.exidx) refers to __rtentry2.o(.ARM.Collect$$rtentry$$00000008) for .ARM.Collect$$rtentry$$00000008
    __rtentry2.o(.ARM.exidx) refers to __rtentry2.o(.ARM.Collect$$rtentry$$0000000A) for .ARM.Collect$$rtentry$$0000000A
    __rtentry2.o(.ARM.exidx) refers to __rtentry2.o(.ARM.Collect$$rtentry$$0000000B) for .ARM.Collect$$rtentry$$0000000B
    __rtentry2.o(.ARM.exidx) refers to __rtentry2.o(.ARM.Collect$$rtentry$$0000000D) for .ARM.Collect$$rtentry$$0000000D
    __rtentry4.o(.ARM.Collect$$rtentry$$00000004) refers to sys_stackheap_outer.o(.text) for __user_setup_stackheap
    __rtentry4.o(.ARM.exidx) refers to __rtentry4.o(.ARM.Collect$$rtentry$$00000004) for .ARM.Collect$$rtentry$$00000004
    sys_stackheap_outer.o(.text) refers to libspace.o(.text) for __user_perproc_libspace
    sys_stackheap_outer.o(.text) refers to startup_mdr32f9q2i.o(.text) for __user_initial_stackheap
    exit.o(.text) refers to rtexit.o(.ARM.Collect$$rtexit$$00000000) for __rt_exit
    libinit.o(.ARM.Collect$$libinit$$00000000) refers (Special) to libinit2.o(.ARM.Collect$$libinit$$00000030) for __rt_lib_init_alloca_1
    libinit.o(.ARM.Collect$$libinit$$00000000) refers (Special) to libinit2.o(.ARM.Collect$$libinit$$0000002E) for __rt_lib_init_argv_1
    libinit.o(.ARM.Collect$$libinit$$00000000) refers (Special) to libinit2.o(.ARM.Collect$$libinit$$0000001D) for __rt_lib_init_atexit_1
    libinit.o(.ARM.Collect$$libinit$$00000000) refers (Special) to libinit2.o(.ARM.Collect$$libinit$$00000023) for __rt_lib_init_clock_1
    libinit.o(.ARM.Collect$$libinit$$00000000) refers (Special) to libinit2.o(.ARM.Collect$$libinit$$00000034) for __rt_lib_init_cpp_1
    libinit.o(.ARM.Collect$$libinit$$00000000) refers (Special) to libinit2.o(.ARM.Collect$$libinit$$00000032) for __rt_lib_init_exceptions_1
    libinit.o(.ARM.Collect$$libinit$$00000000) refers (Special) to libinit2.o(.ARM.Collect$$libinit$$00000002) for __rt_lib_init_fp_1
    libinit.o(.ARM.Collect$$libinit$$00000000) refers (Special) to libinit2.o(.ARM.Collect$$libinit$$00000021) for __rt_lib_init_fp_trap_1
    libinit.o(.ARM.Collect$$libinit$$00000000) refers (Special) to libinit2.o(.ARM.Collect$$libinit$$00000025) for __rt_lib_init_getenv_1
    libinit.o(.ARM.Collect$$libinit$$00000000) refers (Special) to libinit2.o(.ARM.Collect$$libinit$$0000000C) for __rt_lib_init_heap_1
    libinit.o(.ARM.Collect$$libinit$$00000000) refers (Special) to libinit2.o(.ARM.Collect$$libinit$$00000013) for __rt_lib_init_lc_collate_1
    libinit.o(.ARM.Collect$$libinit$$00000000) refers (Special) to libinit2.o(.ARM.Collect$$libinit$$00000015) for __rt_lib_init_lc_ctype_1
    libinit.o(.ARM.Collect$$libinit$$00000000) refers (Special) to libinit2.o(.ARM.Collect$$libinit$$00000017) for __rt_lib_init_lc_monetary_1
    libinit.o(.ARM.Collect$$libinit$$00000000) refers (Special) to libinit2.o(.ARM.Collect$$libinit$$00000019) for __rt_lib_init_lc_numeric_1
    libinit.o(.ARM.Collect$$libinit$$00000000) refers (Special) to libinit2.o(.ARM.Collect$$libinit$$0000001B) for __rt_lib_init_lc_time_1
    libinit.o(.ARM.Collect$$libinit$$00000000) refers (Special) to libinit2.o(.ARM.Collect$$libinit$$00000006) for __rt_lib_init_preinit_1
    libinit.o(.ARM.Collect$$libinit$$00000000) refers (Special) to libinit2.o(.ARM.Collect$$libinit$$00000010) for __rt_lib_init_rand_1
    libinit.o(.ARM.Collect$$libinit$$00000000) refers (Special) to libinit2.o(.ARM.Collect$$libinit$$00000004) for __rt_lib_init_relocate_pie_1
    libinit.o(.ARM.Collect$$libinit$$00000000) refers (Special) to libinit2.o(.ARM.Collect$$libinit$$00000035) for __rt_lib_init_return
    libinit.o(.ARM.Collect$$libinit$$00000000) refers (Special) to libinit2.o(.ARM.Collect$$libinit$$0000001F) for __rt_lib_init_signal_1
    libinit.o(.ARM.Collect$$libinit$$00000000) refers (Special) to libinit2.o(.ARM.Collect$$libinit$$00000027) for __rt_lib_init_stdio_1
    libinit.o(.ARM.Collect$$libinit$$00000000) refers (Special) to libinit2.o(.ARM.Collect$$libinit$$0000000E) for __rt_lib_init_user_alloc_1
    libspace.o(.text) refers to libspace.o(.bss) for __libspace_start
    rtexit.o(.ARM.Collect$$rtexit$$00000000) refers (Special) to rtexit2.o(.ARM.Collect$$rtexit$$00000004) for __rt_exit_exit
    rtexit.o(.ARM.Collect$$rtexit$$00000000) refers (Special) to rtexit2.o(.ARM.Collect$$rtexit$$00000003) for __rt_exit_ls
    rtexit.o(.ARM.Collect$$rtexit$$00000000) refers (Special) to rtexit2.o(.ARM.Collect$$rtexit$$00000002) for __rt_exit_prels_1
    rtexit.o(.ARM.exidx) refers (Special) to rtexit2.o(.ARM.Collect$$rtexit$$00000004) for __rt_exit_exit
    rtexit.o(.ARM.exidx) refers (Special) to rtexit2.o(.ARM.Collect$$rtexit$$00000003) for __rt_exit_ls
    rtexit.o(.ARM.exidx) refers (Special) to rtexit2.o(.ARM.Collect$$rtexit$$00000002) for __rt_exit_prels_1
    rtexit.o(.ARM.exidx) refers to rtexit.o(.ARM.Collect$$rtexit$$00000000) for .ARM.Collect$$rtexit$$00000000
    libinit2.o(.ARM.Collect$$libinit$$00000012) refers to libinit2.o(.ARM.Collect$$libinit$$00000011) for .ARM.Collect$$libinit$$00000011
    libinit2.o(.ARM.Collect$$libinit$$00000014) refers to libinit2.o(.ARM.Collect$$libinit$$00000011) for .ARM.Collect$$libinit$$00000011
    libinit2.o(.ARM.Collect$$libinit$$00000016) refers to libinit2.o(.ARM.Collect$$libinit$$00000011) for .ARM.Collect$$libinit$$00000011
    libinit2.o(.ARM.Collect$$libinit$$00000018) refers to libinit2.o(.ARM.Collect$$libinit$$00000011) for .ARM.Collect$$libinit$$00000011
    libinit2.o(.ARM.Collect$$libinit$$0000001A) refers to libinit2.o(.ARM.Collect$$libinit$$00000011) for .ARM.Collect$$libinit$$00000011
    libinit2.o(.ARM.Collect$$libinit$$00000028) refers to argv_veneer.o(.emb_text) for __ARM_argv_veneer
    libinit2.o(.ARM.Collect$$libinit$$00000029) refers to argv_veneer.o(.emb_text) for __ARM_argv_veneer
    rtexit2.o(.ARM.Collect$$rtexit$$00000003) refers to libshutdown.o(.ARM.Collect$$libshutdown$$00000000) for __rt_lib_shutdown
    rtexit2.o(.ARM.Collect$$rtexit$$00000004) refers to sys_exit.o(.text) for _sys_exit
    rtexit2.o(.ARM.exidx) refers to rtexit2.o(.ARM.Collect$$rtexit$$00000001) for .ARM.Collect$$rtexit$$00000001
    rtexit2.o(.ARM.exidx) refers to rtexit2.o(.ARM.Collect$$rtexit$$00000003) for .ARM.Collect$$rtexit$$00000003
    rtexit2.o(.ARM.exidx) refers to rtexit2.o(.ARM.Collect$$rtexit$$00000004) for .ARM.Collect$$rtexit$$00000004
    argv_veneer.o(.emb_text) refers to no_argv.o(.text) for __ARM_get_argv
    sys_exit.o(.text) refers (Special) to use_no_semi.o(.text) for __I$use$semihosting
    sys_exit.o(.text) refers (Special) to indicate_semi.o(.text) for __semihosting_library_function
    sys_exit_hlt.o(.text) refers (Special) to use_no_semi.o(.text) for __I$use$semihosting
    sys_exit_hlt.o(.text) refers (Special) to indicate_semi.o(.text) for __semihosting_library_function
    _get_argv_nomalloc.o(.text) refers (Special) to hrguard.o(.text) for __heap_region$guard
    _get_argv_nomalloc.o(.text) refers to defsig_rtmem_outer.o(.text) for __rt_SIGRTMEM
    _get_argv_nomalloc.o(.text) refers to sys_command.o(.text) for _sys_command_string
    libshutdown.o(.ARM.Collect$$libshutdown$$00000000) refers (Special) to libshutdown2.o(.ARM.Collect$$libshutdown$$00000002) for __rt_lib_shutdown_cpp_1
    libshutdown.o(.ARM.Collect$$libshutdown$$00000000) refers (Special) to libshutdown2.o(.ARM.Collect$$libshutdown$$00000007) for __rt_lib_shutdown_fp_trap_1
    libshutdown.o(.ARM.Collect$$libshutdown$$00000000) refers (Special) to libshutdown2.o(.ARM.Collect$$libshutdown$$0000000F) for __rt_lib_shutdown_heap_1
    libshutdown.o(.ARM.Collect$$libshutdown$$00000000) refers (Special) to libshutdown2.o(.ARM.Collect$$libshutdown$$00000010) for __rt_lib_shutdown_return
    libshutdown.o(.ARM.Collect$$libshutdown$$00000000) refers (Special) to libshutdown2.o(.ARM.Collect$$libshutdown$$0000000A) for __rt_lib_shutdown_signal_1
    libshutdown.o(.ARM.Collect$$libshutdown$$00000000) refers (Special) to libshutdown2.o(.ARM.Collect$$libshutdown$$00000004) for __rt_lib_shutdown_stdio_1
    libshutdown.o(.ARM.Collect$$libshutdown$$00000000) refers (Special) to libshutdown2.o(.ARM.Collect$$libshutdown$$0000000C) for __rt_lib_shutdown_user_alloc_1
    sys_command.o(.text) refers (Special) to use_no_semi.o(.text) for __I$use$semihosting
    sys_command.o(.text) refers (Special) to indicate_semi.o(.text) for __semihosting_library_function
    sys_command_hlt.o(.text) refers (Special) to use_no_semi.o(.text) for __I$use$semihosting
    sys_command_hlt.o(.text) refers (Special) to indicate_semi.o(.text) for __semihosting_library_function
    defsig_rtmem_outer.o(.text) refers to defsig_rtmem_inner.o(.text) for __rt_SIGRTMEM_inner
    defsig_rtmem_outer.o(.text) refers to defsig_exit.o(.text) for __sig_exit
    defsig_rtmem_formal.o(.text) refers to rt_raise.o(.text) for __rt_raise
    rt_raise.o(.text) refers to __raise.o(.text) for __raise
    rt_raise.o(.text) refers to sys_exit.o(.text) for _sys_exit
    defsig_exit.o(.text) refers to sys_exit.o(.text) for _sys_exit
    defsig_rtmem_inner.o(.text) refers to defsig_general.o(.text) for __default_signal_display
    __raise.o(.text) refers to defsig.o(CL$$defsig) for __default_signal_handler
    defsig_general.o(.text) refers to sys_wrch.o(.text) for _ttywrch
    sys_wrch.o(.text) refers (Special) to use_no_semi.o(.text) for __I$use$semihosting
    sys_wrch.o(.text) refers (Special) to indicate_semi.o(.text) for __semihosting_library_function
    sys_wrch_hlt.o(.text) refers (Special) to use_no_semi.o(.text) for __I$use$semihosting
    sys_wrch_hlt.o(.text) refers (Special) to indicate_semi.o(.text) for __semihosting_library_function
    defsig.o(CL$$defsig) refers to defsig_rtmem_inner.o(.text) for __rt_SIGRTMEM_inner
    defsig_abrt_inner.o(.text) refers to defsig_general.o(.text) for __default_signal_display
    defsig_fpe_inner.o(.text) refers to defsig_general.o(.text) for __default_signal_display
    defsig_rtred_inner.o(.text) refers to defsig_general.o(.text) for __default_signal_display
    defsig_stak_inner.o(.text) refers to defsig_general.o(.text) for __default_signal_display
    defsig_pvfn_inner.o(.text) refers to defsig_general.o(.text) for __default_signal_display
    defsig_cppl_inner.o(.text) refers to defsig_general.o(.text) for __default_signal_display
    defsig_segv_inner.o(.text) refers to defsig_general.o(.text) for __default_signal_display
    defsig_other.o(.text) refers to defsig_general.o(.text) for __default_signal_display


==============================================================================

Removing Unused input sections from the image.

    Removing hardware_drivers.o(.text), (0 bytes).
    Removing hardware_drivers.o(.ARM.exidx.text.SysTick_Handler), (8 bytes).
    Removing hardware_drivers.o(.text.HD_IncrementTick), (16 bytes).
    Removing hardware_drivers.o(.ARM.exidx.text.HD_IncrementTick), (8 bytes).
    Removing hardware_drivers.o(.ARM.exidx.text.Timer1_IRQHandler), (8 bytes).
    Removing hardware_drivers.o(.text.HD_Timer1_Init), (116 bytes).
    Removing hardware_drivers.o(.ARM.exidx.text.HD_Timer1_Init), (8 bytes).
    Removing hardware_drivers.o(.text.HD_Delay_Init), (38 bytes).
    Removing hardware_drivers.o(.ARM.exidx.text.HD_Delay_Init), (8 bytes).
    Removing hardware_drivers.o(.text.HD_Delay_ms), (70 bytes).
    Removing hardware_drivers.o(.ARM.exidx.text.HD_Delay_ms), (8 bytes).
    Removing hardware_drivers.o(.ARM.exidx.text.HD_GetTick), (8 bytes).
    Removing hardware_drivers.o(.text.HD_Delay_us), (96 bytes).
    Removing hardware_drivers.o(.ARM.exidx.text.HD_Delay_us), (8 bytes).
    Removing hardware_drivers.o(.text.HD_Delay_ms_blocking), (22 bytes).
    Removing hardware_drivers.o(.ARM.exidx.text.HD_Delay_ms_blocking), (8 bytes).
    Removing hardware_drivers.o(.text.HD_Delay_us_blocking), (50 bytes).
    Removing hardware_drivers.o(.ARM.exidx.text.HD_Delay_us_blocking), (8 bytes).
    Removing hardware_drivers.o(.ARM.exidx.text.HD_System_Init), (8 bytes).
    Removing hardware_drivers.o(.text.HD_GetSystemClock), (10 bytes).
    Removing hardware_drivers.o(.ARM.exidx.text.HD_GetSystemClock), (8 bytes).
    Removing hardware_drivers.o(.text.HD_AssertFailed), (4 bytes).
    Removing hardware_drivers.o(.ARM.exidx.text.HD_AssertFailed), (8 bytes).
    Removing hardware_drivers.o(.bss.HD_Delay_ms.start_tick), (4 bytes).
    Removing hardware_drivers.o(.bss.HD_Delay_ms.delay_running), (1 bytes).
    Removing hardware_drivers.o(.bss.HD_Delay_us.start_tick), (4 bytes).
    Removing hardware_drivers.o(.bss.HD_Delay_us.delay_running), (1 bytes).
    Removing leds.o(.text), (0 bytes).
    Removing leds.o(.ARM.exidx.text.LED_Init), (8 bytes).
    Removing leds.o(.text.LED_AllOff), (52 bytes).
    Removing leds.o(.ARM.exidx.text.LED_AllOff), (8 bytes).
    Removing leds.o(.text.LED_On), (46 bytes).
    Removing leds.o(.ARM.exidx.text.LED_On), (8 bytes).
    Removing leds.o(.text.LED_On_ms), (46 bytes).
    Removing leds.o(.ARM.exidx.text.LED_On_ms), (8 bytes).
    Removing leds.o(.ARM.exidx.text.LED_Process), (8 bytes).
    Removing leds.o(.text.LED_Toggle), (68 bytes).
    Removing leds.o(.ARM.exidx.text.LED_Toggle), (8 bytes).
    Removing leds.o(.text.LED_Off), (42 bytes).
    Removing leds.o(.ARM.exidx.text.LED_Off), (8 bytes).
    Removing leds.o(.text.LED_SetState), (90 bytes).
    Removing leds.o(.ARM.exidx.text.LED_SetState), (8 bytes).
    Removing leds.o(.text.LED_GetState), (24 bytes).
    Removing leds.o(.ARM.exidx.text.LED_GetState), (8 bytes).
    Removing leds.o(.ARM.exidx.text.LED_Sequence), (8 bytes).
    Removing leds.o(.text.LED_SequenceStop), (64 bytes).
    Removing leds.o(.ARM.exidx.text.LED_SequenceStop), (8 bytes).
    Removing leds.o(.text.LED_SequenceIsActive), (12 bytes).
    Removing leds.o(.ARM.exidx.text.LED_SequenceIsActive), (8 bytes).
    Removing leds.o(.text.LED_AllOn), (56 bytes).
    Removing leds.o(.ARM.exidx.text.LED_AllOn), (8 bytes).
    Removing app.o(.text), (0 bytes).
    Removing main.o(.text), (0 bytes).
    Removing main.o(.ARM.exidx.text.main), (8 bytes).
    Removing main.o(.ARM.use_no_argv), (4 bytes).
    Removing system_mdr32f9q2i.o(.text), (0 bytes).
    Removing system_mdr32f9q2i.o(.text.SystemCoreClockUpdate), (110 bytes).
    Removing system_mdr32f9q2i.o(.ARM.exidx.text.SystemCoreClockUpdate), (8 bytes).
    Removing system_mdr32f9q2i.o(.ARM.exidx.text.SystemInit), (8 bytes).
    Removing mdr32fxqi_port.o(.text), (0 bytes).
    Removing mdr32fxqi_port.o(.text.PORT_DeInit), (20 bytes).
    Removing mdr32fxqi_port.o(.ARM.exidx.text.PORT_DeInit), (8 bytes).
    Removing mdr32fxqi_port.o(.ARM.exidx.text.PORT_Init), (8 bytes).
    Removing mdr32fxqi_port.o(.text.PORT_StructInit), (20 bytes).
    Removing mdr32fxqi_port.o(.ARM.exidx.text.PORT_StructInit), (8 bytes).
    Removing mdr32fxqi_port.o(.text.PORT_ReadInputDataBit), (10 bytes).
    Removing mdr32fxqi_port.o(.ARM.exidx.text.PORT_ReadInputDataBit), (8 bytes).
    Removing mdr32fxqi_port.o(.text.PORT_ReadInputData), (4 bytes).
    Removing mdr32fxqi_port.o(.ARM.exidx.text.PORT_ReadInputData), (8 bytes).
    Removing mdr32fxqi_port.o(.ARM.exidx.text.PORT_SetBits), (8 bytes).
    Removing mdr32fxqi_port.o(.ARM.exidx.text.PORT_ResetBits), (8 bytes).
    Removing mdr32fxqi_port.o(.text.PORT_WriteBit), (48 bytes).
    Removing mdr32fxqi_port.o(.ARM.exidx.text.PORT_WriteBit), (8 bytes).
    Removing mdr32fxqi_port.o(.text.PORT_Write), (18 bytes).
    Removing mdr32fxqi_port.o(.ARM.exidx.text.PORT_Write), (8 bytes).
    Removing mdr32fxqi_rst_clk.o(.text), (0 bytes).
    Removing mdr32fxqi_rst_clk.o(.text.RST_CLK_DeInit), (112 bytes).
    Removing mdr32fxqi_rst_clk.o(.ARM.exidx.text.RST_CLK_DeInit), (8 bytes).
    Removing mdr32fxqi_rst_clk.o(.text.RST_CLK_WarmDeInit), (90 bytes).
    Removing mdr32fxqi_rst_clk.o(.ARM.exidx.text.RST_CLK_WarmDeInit), (8 bytes).
    Removing mdr32fxqi_rst_clk.o(.text.RST_CLK_HSIcmd), (12 bytes).
    Removing mdr32fxqi_rst_clk.o(.ARM.exidx.text.RST_CLK_HSIcmd), (8 bytes).
    Removing mdr32fxqi_rst_clk.o(.text.RST_CLK_HSIstatus), (48 bytes).
    Removing mdr32fxqi_rst_clk.o(.ARM.exidx.text.RST_CLK_HSIstatus), (8 bytes).
    Removing mdr32fxqi_rst_clk.o(.text.RST_CLK_HSEconfig), (34 bytes).
    Removing mdr32fxqi_rst_clk.o(.ARM.exidx.text.RST_CLK_HSEconfig), (8 bytes).
    Removing mdr32fxqi_rst_clk.o(.text.RST_CLK_HSEstatus), (44 bytes).
    Removing mdr32fxqi_rst_clk.o(.ARM.exidx.text.RST_CLK_HSEstatus), (8 bytes).
    Removing mdr32fxqi_rst_clk.o(.text.RST_CLK_GetFlagStatus), (38 bytes).
    Removing mdr32fxqi_rst_clk.o(.ARM.exidx.text.RST_CLK_GetFlagStatus), (8 bytes).
    Removing mdr32fxqi_rst_clk.o(.text.RST_CLK_LSEconfig), (36 bytes).
    Removing mdr32fxqi_rst_clk.o(.ARM.exidx.text.RST_CLK_LSEconfig), (8 bytes).
    Removing mdr32fxqi_rst_clk.o(.text.RST_CLK_LSEstatus), (48 bytes).
    Removing mdr32fxqi_rst_clk.o(.ARM.exidx.text.RST_CLK_LSEstatus), (8 bytes).
    Removing mdr32fxqi_rst_clk.o(.text.RST_CLK_HSIadjust), (22 bytes).
    Removing mdr32fxqi_rst_clk.o(.ARM.exidx.text.RST_CLK_HSIadjust), (8 bytes).
    Removing mdr32fxqi_rst_clk.o(.text.RST_CLK_LSIcmd), (12 bytes).
    Removing mdr32fxqi_rst_clk.o(.ARM.exidx.text.RST_CLK_LSIcmd), (8 bytes).
    Removing mdr32fxqi_rst_clk.o(.text.RST_CLK_LSIadjust), (22 bytes).
    Removing mdr32fxqi_rst_clk.o(.ARM.exidx.text.RST_CLK_LSIadjust), (8 bytes).
    Removing mdr32fxqi_rst_clk.o(.text.RST_CLK_LSIstatus), (48 bytes).
    Removing mdr32fxqi_rst_clk.o(.ARM.exidx.text.RST_CLK_LSIstatus), (8 bytes).
    Removing mdr32fxqi_rst_clk.o(.text.RST_CLK_CPU_PLLconfig), (54 bytes).
    Removing mdr32fxqi_rst_clk.o(.ARM.exidx.text.RST_CLK_CPU_PLLconfig), (8 bytes).
    Removing mdr32fxqi_rst_clk.o(.text.RST_CLK_CPU_PLLuse), (12 bytes).
    Removing mdr32fxqi_rst_clk.o(.ARM.exidx.text.RST_CLK_CPU_PLLuse), (8 bytes).
    Removing mdr32fxqi_rst_clk.o(.text.RST_CLK_CPU_PLLcmd), (10 bytes).
    Removing mdr32fxqi_rst_clk.o(.ARM.exidx.text.RST_CLK_CPU_PLLcmd), (8 bytes).
    Removing mdr32fxqi_rst_clk.o(.text.RST_CLK_CPU_PLLstatus), (44 bytes).
    Removing mdr32fxqi_rst_clk.o(.ARM.exidx.text.RST_CLK_CPU_PLLstatus), (8 bytes).
    Removing mdr32fxqi_rst_clk.o(.text.RST_CLK_CPUclkPrescaler), (20 bytes).
    Removing mdr32fxqi_rst_clk.o(.ARM.exidx.text.RST_CLK_CPUclkPrescaler), (8 bytes).
    Removing mdr32fxqi_rst_clk.o(.text.RST_CLK_CPUclkSelection), (18 bytes).
    Removing mdr32fxqi_rst_clk.o(.ARM.exidx.text.RST_CLK_CPUclkSelection), (8 bytes).
    Removing mdr32fxqi_rst_clk.o(.text.RST_CLK_USB_PLLconfig), (54 bytes).
    Removing mdr32fxqi_rst_clk.o(.ARM.exidx.text.RST_CLK_USB_PLLconfig), (8 bytes).
    Removing mdr32fxqi_rst_clk.o(.text.RST_CLK_USB_PLLuse), (12 bytes).
    Removing mdr32fxqi_rst_clk.o(.ARM.exidx.text.RST_CLK_USB_PLLuse), (8 bytes).
    Removing mdr32fxqi_rst_clk.o(.text.RST_CLK_USB_PLLcmd), (10 bytes).
    Removing mdr32fxqi_rst_clk.o(.ARM.exidx.text.RST_CLK_USB_PLLcmd), (8 bytes).
    Removing mdr32fxqi_rst_clk.o(.text.RST_CLK_USB_PLLstatus), (44 bytes).
    Removing mdr32fxqi_rst_clk.o(.ARM.exidx.text.RST_CLK_USB_PLLstatus), (8 bytes).
    Removing mdr32fxqi_rst_clk.o(.text.RST_CLK_USBclkPrescaler), (12 bytes).
    Removing mdr32fxqi_rst_clk.o(.ARM.exidx.text.RST_CLK_USBclkPrescaler), (8 bytes).
    Removing mdr32fxqi_rst_clk.o(.text.RST_CLK_USBclkEnable), (12 bytes).
    Removing mdr32fxqi_rst_clk.o(.ARM.exidx.text.RST_CLK_USBclkEnable), (8 bytes).
    Removing mdr32fxqi_rst_clk.o(.text.RST_CLK_ADCclkSelection), (18 bytes).
    Removing mdr32fxqi_rst_clk.o(.ARM.exidx.text.RST_CLK_ADCclkSelection), (8 bytes).
    Removing mdr32fxqi_rst_clk.o(.text.RST_CLK_ADCclkPrescaler), (20 bytes).
    Removing mdr32fxqi_rst_clk.o(.ARM.exidx.text.RST_CLK_ADCclkPrescaler), (8 bytes).
    Removing mdr32fxqi_rst_clk.o(.text.RST_CLK_ADCclkEnable), (12 bytes).
    Removing mdr32fxqi_rst_clk.o(.ARM.exidx.text.RST_CLK_ADCclkEnable), (8 bytes).
    Removing mdr32fxqi_rst_clk.o(.text.RST_CLK_HSIclkPrescaler), (20 bytes).
    Removing mdr32fxqi_rst_clk.o(.ARM.exidx.text.RST_CLK_HSIclkPrescaler), (8 bytes).
    Removing mdr32fxqi_rst_clk.o(.text.RST_CLK_RTC_HSIclkEnable), (12 bytes).
    Removing mdr32fxqi_rst_clk.o(.ARM.exidx.text.RST_CLK_RTC_HSIclkEnable), (8 bytes).
    Removing mdr32fxqi_rst_clk.o(.text.RST_CLK_HSEclkPrescaler), (18 bytes).
    Removing mdr32fxqi_rst_clk.o(.ARM.exidx.text.RST_CLK_HSEclkPrescaler), (8 bytes).
    Removing mdr32fxqi_rst_clk.o(.text.RST_CLK_RTC_HSEclkEnable), (12 bytes).
    Removing mdr32fxqi_rst_clk.o(.ARM.exidx.text.RST_CLK_RTC_HSEclkEnable), (8 bytes).
    Removing mdr32fxqi_rst_clk.o(.text.RST_CLK_CPUclkSelectionC1), (18 bytes).
    Removing mdr32fxqi_rst_clk.o(.ARM.exidx.text.RST_CLK_CPUclkSelectionC1), (8 bytes).
    Removing mdr32fxqi_rst_clk.o(.ARM.exidx.text.RST_CLK_PCLKcmd), (8 bytes).
    Removing mdr32fxqi_rst_clk.o(.text.RST_CLK_GetClocksFreq), (274 bytes).
    Removing mdr32fxqi_rst_clk.o(.ARM.exidx.text.RST_CLK_GetClocksFreq), (8 bytes).
    Removing mdr32fxqi_timer.o(.text), (0 bytes).
    Removing mdr32fxqi_timer.o(.text.TIMER_DeInit), (68 bytes).
    Removing mdr32fxqi_timer.o(.ARM.exidx.text.TIMER_DeInit), (8 bytes).
    Removing mdr32fxqi_timer.o(.ARM.exidx.text.TIMER_CntInit), (8 bytes).
    Removing mdr32fxqi_timer.o(.ARM.exidx.text.TIMER_CntStructInit), (8 bytes).
    Removing mdr32fxqi_timer.o(.ARM.exidx.text.TIMER_Cmd), (8 bytes).
    Removing mdr32fxqi_timer.o(.text.TIMER_SetCounter), (4 bytes).
    Removing mdr32fxqi_timer.o(.ARM.exidx.text.TIMER_SetCounter), (8 bytes).
    Removing mdr32fxqi_timer.o(.text.TIMER_GetCounter), (6 bytes).
    Removing mdr32fxqi_timer.o(.ARM.exidx.text.TIMER_GetCounter), (8 bytes).
    Removing mdr32fxqi_timer.o(.text.TIMER_SetCntPrescaler), (4 bytes).
    Removing mdr32fxqi_timer.o(.ARM.exidx.text.TIMER_SetCntPrescaler), (8 bytes).
    Removing mdr32fxqi_timer.o(.text.TIMER_GetCntPrescaler), (6 bytes).
    Removing mdr32fxqi_timer.o(.ARM.exidx.text.TIMER_GetCntPrescaler), (8 bytes).
    Removing mdr32fxqi_timer.o(.text.TIMER_SetCntAutoreload), (4 bytes).
    Removing mdr32fxqi_timer.o(.ARM.exidx.text.TIMER_SetCntAutoreload), (8 bytes).
    Removing mdr32fxqi_timer.o(.text.TIMER_CntAutoreloadConfig), (14 bytes).
    Removing mdr32fxqi_timer.o(.ARM.exidx.text.TIMER_CntAutoreloadConfig), (8 bytes).
    Removing mdr32fxqi_timer.o(.text.TIMER_GetCntAutoreload), (6 bytes).
    Removing mdr32fxqi_timer.o(.ARM.exidx.text.TIMER_GetCntAutoreload), (8 bytes).
    Removing mdr32fxqi_timer.o(.text.TIMER_CntEventSourceConfig), (12 bytes).
    Removing mdr32fxqi_timer.o(.ARM.exidx.text.TIMER_CntEventSourceConfig), (8 bytes).
    Removing mdr32fxqi_timer.o(.text.TIMER_FilterSamplingConfig), (12 bytes).
    Removing mdr32fxqi_timer.o(.ARM.exidx.text.TIMER_FilterSamplingConfig), (8 bytes).
    Removing mdr32fxqi_timer.o(.text.TIMER_CounterModeConfig), (12 bytes).
    Removing mdr32fxqi_timer.o(.ARM.exidx.text.TIMER_CounterModeConfig), (8 bytes).
    Removing mdr32fxqi_timer.o(.text.TIMER_SetCounterDirection), (12 bytes).
    Removing mdr32fxqi_timer.o(.ARM.exidx.text.TIMER_SetCounterDirection), (8 bytes).
    Removing mdr32fxqi_timer.o(.text.TIMER_ETRInputConfig), (22 bytes).
    Removing mdr32fxqi_timer.o(.ARM.exidx.text.TIMER_ETRInputConfig), (8 bytes).
    Removing mdr32fxqi_timer.o(.text.TIMER_ETRFilterConfig), (14 bytes).
    Removing mdr32fxqi_timer.o(.ARM.exidx.text.TIMER_ETRFilterConfig), (8 bytes).
    Removing mdr32fxqi_timer.o(.text.TIMER_ETRPrescalerConfig), (12 bytes).
    Removing mdr32fxqi_timer.o(.ARM.exidx.text.TIMER_ETRPrescalerConfig), (8 bytes).
    Removing mdr32fxqi_timer.o(.text.TIMER_ETRPolarityConfig), (12 bytes).
    Removing mdr32fxqi_timer.o(.ARM.exidx.text.TIMER_ETRPolarityConfig), (8 bytes).
    Removing mdr32fxqi_timer.o(.text.TIMER_BRKPolarityConfig), (12 bytes).
    Removing mdr32fxqi_timer.o(.ARM.exidx.text.TIMER_BRKPolarityConfig), (8 bytes).
    Removing mdr32fxqi_timer.o(.text.TIMER_GetCounterDirection), (8 bytes).
    Removing mdr32fxqi_timer.o(.ARM.exidx.text.TIMER_GetCounterDirection), (8 bytes).
    Removing mdr32fxqi_timer.o(.text.TIMER_GetCntWriteComplete), (8 bytes).
    Removing mdr32fxqi_timer.o(.ARM.exidx.text.TIMER_GetCntWriteComplete), (8 bytes).
    Removing mdr32fxqi_timer.o(.text.TIMER_ChnInit), (90 bytes).
    Removing mdr32fxqi_timer.o(.ARM.exidx.text.TIMER_ChnInit), (8 bytes).
    Removing mdr32fxqi_timer.o(.text.TIMER_ChnStructInit), (20 bytes).
    Removing mdr32fxqi_timer.o(.ARM.exidx.text.TIMER_ChnStructInit), (8 bytes).
    Removing mdr32fxqi_timer.o(.text.TIMER_SetChnCompare), (8 bytes).
    Removing mdr32fxqi_timer.o(.ARM.exidx.text.TIMER_SetChnCompare), (8 bytes).
    Removing mdr32fxqi_timer.o(.text.TIMER_ChnCompareConfig), (18 bytes).
    Removing mdr32fxqi_timer.o(.ARM.exidx.text.TIMER_ChnCompareConfig), (8 bytes).
    Removing mdr32fxqi_timer.o(.text.TIMER_GetChnCapture), (10 bytes).
    Removing mdr32fxqi_timer.o(.ARM.exidx.text.TIMER_GetChnCapture), (8 bytes).
    Removing mdr32fxqi_timer.o(.text.TIMER_SetChnCompare1), (8 bytes).
    Removing mdr32fxqi_timer.o(.ARM.exidx.text.TIMER_SetChnCompare1), (8 bytes).
    Removing mdr32fxqi_timer.o(.text.TIMER_ChnCompare1Config), (18 bytes).
    Removing mdr32fxqi_timer.o(.ARM.exidx.text.TIMER_ChnCompare1Config), (8 bytes).
    Removing mdr32fxqi_timer.o(.text.TIMER_GetChnCapture1), (10 bytes).
    Removing mdr32fxqi_timer.o(.ARM.exidx.text.TIMER_GetChnCapture1), (8 bytes).
    Removing mdr32fxqi_timer.o(.text.TIMER_ChnETR_Cmd), (22 bytes).
    Removing mdr32fxqi_timer.o(.ARM.exidx.text.TIMER_ChnETR_Cmd), (8 bytes).
    Removing mdr32fxqi_timer.o(.text.TIMER_ChnETRResetConfig), (16 bytes).
    Removing mdr32fxqi_timer.o(.ARM.exidx.text.TIMER_ChnETRResetConfig), (8 bytes).
    Removing mdr32fxqi_timer.o(.text.TIMER_ChnBRKResetConfig), (16 bytes).
    Removing mdr32fxqi_timer.o(.ARM.exidx.text.TIMER_ChnBRKResetConfig), (8 bytes).
    Removing mdr32fxqi_timer.o(.text.TIMER_ChnREFFormatConfig), (16 bytes).
    Removing mdr32fxqi_timer.o(.ARM.exidx.text.TIMER_ChnREFFormatConfig), (8 bytes).
    Removing mdr32fxqi_timer.o(.text.TIMER_ChnCapturePrescalerConfig), (18 bytes).
    Removing mdr32fxqi_timer.o(.ARM.exidx.text.TIMER_ChnCapturePrescalerConfig), (8 bytes).
    Removing mdr32fxqi_timer.o(.text.TIMER_ChnEventSourceConfig), (16 bytes).
    Removing mdr32fxqi_timer.o(.ARM.exidx.text.TIMER_ChnEventSourceConfig), (8 bytes).
    Removing mdr32fxqi_timer.o(.text.TIMER_ChnEventDelay_Cmd), (20 bytes).
    Removing mdr32fxqi_timer.o(.ARM.exidx.text.TIMER_ChnEventDelay_Cmd), (8 bytes).
    Removing mdr32fxqi_timer.o(.text.TIMER_ChnFilterConfig), (16 bytes).
    Removing mdr32fxqi_timer.o(.ARM.exidx.text.TIMER_ChnFilterConfig), (8 bytes).
    Removing mdr32fxqi_timer.o(.text.TIMER_GetChnWriteComplete), (12 bytes).
    Removing mdr32fxqi_timer.o(.ARM.exidx.text.TIMER_GetChnWriteComplete), (8 bytes).
    Removing mdr32fxqi_timer.o(.text.TIMER_GetChnWriteComplete1), (12 bytes).
    Removing mdr32fxqi_timer.o(.ARM.exidx.text.TIMER_GetChnWriteComplete1), (8 bytes).
    Removing mdr32fxqi_timer.o(.text.TIMER_ChnCCR1_EventSourceConfig), (16 bytes).
    Removing mdr32fxqi_timer.o(.ARM.exidx.text.TIMER_ChnCCR1_EventSourceConfig), (8 bytes).
    Removing mdr32fxqi_timer.o(.text.TIMER_ChnCCR1_Cmd), (20 bytes).
    Removing mdr32fxqi_timer.o(.ARM.exidx.text.TIMER_ChnCCR1_Cmd), (8 bytes).
    Removing mdr32fxqi_timer.o(.text.TIMER_ChnOutInit), (60 bytes).
    Removing mdr32fxqi_timer.o(.ARM.exidx.text.TIMER_ChnOutInit), (8 bytes).
    Removing mdr32fxqi_timer.o(.text.TIMER_ChnOutStructInit), (14 bytes).
    Removing mdr32fxqi_timer.o(.ARM.exidx.text.TIMER_ChnOutStructInit), (8 bytes).
    Removing mdr32fxqi_timer.o(.text.TIMER_ChnOutConfig), (28 bytes).
    Removing mdr32fxqi_timer.o(.ARM.exidx.text.TIMER_ChnOutConfig), (8 bytes).
    Removing mdr32fxqi_timer.o(.text.TIMER_ChnOutSourceConfig), (18 bytes).
    Removing mdr32fxqi_timer.o(.ARM.exidx.text.TIMER_ChnOutSourceConfig), (8 bytes).
    Removing mdr32fxqi_timer.o(.text.TIMER_ChnOutModeConfig), (16 bytes).
    Removing mdr32fxqi_timer.o(.ARM.exidx.text.TIMER_ChnOutModeConfig), (8 bytes).
    Removing mdr32fxqi_timer.o(.text.TIMER_ChnOutPolarityConfig), (18 bytes).
    Removing mdr32fxqi_timer.o(.ARM.exidx.text.TIMER_ChnOutPolarityConfig), (8 bytes).
    Removing mdr32fxqi_timer.o(.text.TIMER_ChnNOutConfig), (30 bytes).
    Removing mdr32fxqi_timer.o(.ARM.exidx.text.TIMER_ChnNOutConfig), (8 bytes).
    Removing mdr32fxqi_timer.o(.text.TIMER_ChnNOutSourceConfig), (18 bytes).
    Removing mdr32fxqi_timer.o(.ARM.exidx.text.TIMER_ChnNOutSourceConfig), (8 bytes).
    Removing mdr32fxqi_timer.o(.text.TIMER_ChnNOutModeConfig), (18 bytes).
    Removing mdr32fxqi_timer.o(.ARM.exidx.text.TIMER_ChnNOutModeConfig), (8 bytes).
    Removing mdr32fxqi_timer.o(.text.TIMER_ChnNOutPolarityConfig), (18 bytes).
    Removing mdr32fxqi_timer.o(.ARM.exidx.text.TIMER_ChnNOutPolarityConfig), (8 bytes).
    Removing mdr32fxqi_timer.o(.text.TIMER_ChnOutDTGConfig), (20 bytes).
    Removing mdr32fxqi_timer.o(.ARM.exidx.text.TIMER_ChnOutDTGConfig), (8 bytes).
    Removing mdr32fxqi_timer.o(.text.TIMER_GetStatus), (4 bytes).
    Removing mdr32fxqi_timer.o(.ARM.exidx.text.TIMER_GetStatus), (8 bytes).
    Removing mdr32fxqi_timer.o(.text.TIMER_GetFlagStatus), (10 bytes).
    Removing mdr32fxqi_timer.o(.ARM.exidx.text.TIMER_GetFlagStatus), (8 bytes).
    Removing mdr32fxqi_timer.o(.ARM.exidx.text.TIMER_ClearFlag), (8 bytes).
    Removing mdr32fxqi_timer.o(.text.TIMER_DMACmd), (20 bytes).
    Removing mdr32fxqi_timer.o(.ARM.exidx.text.TIMER_DMACmd), (8 bytes).
    Removing mdr32fxqi_timer.o(.ARM.exidx.text.TIMER_ITConfig), (8 bytes).
    Removing mdr32fxqi_timer.o(.ARM.exidx.text.TIMER_GetITStatus), (8 bytes).
    Removing mdr32fxqi_timer.o(.text.TIMER_BRGInit), (106 bytes).
    Removing mdr32fxqi_timer.o(.ARM.exidx.text.TIMER_BRGInit), (8 bytes).

260 unused section(s) (total 4530 bytes) removed from the image.

==============================================================================

Image Symbol Table

    Local Symbols

    Symbol Name                              Value     Ov Type        Size  Object(Section)

    ../clib/angel/boardlib.s                 0x00000000   Number         0  boardinit1.o ABSOLUTE
    ../clib/angel/boardlib.s                 0x00000000   Number         0  boardinit2.o ABSOLUTE
    ../clib/angel/boardlib.s                 0x00000000   Number         0  boardinit3.o ABSOLUTE
    ../clib/angel/boardlib.s                 0x00000000   Number         0  boardshut.o ABSOLUTE
    ../clib/angel/handlers.s                 0x00000000   Number         0  __scatter_copy.o ABSOLUTE
    ../clib/angel/handlers.s                 0x00000000   Number         0  __scatter_zi.o ABSOLUTE
    ../clib/angel/kernel.s                   0x00000000   Number         0  __rtentry.o ABSOLUTE
    ../clib/angel/kernel.s                   0x00000000   Number         0  __rtentry2.o ABSOLUTE
    ../clib/angel/kernel.s                   0x00000000   Number         0  __rtentry4.o ABSOLUTE
    ../clib/angel/kernel.s                   0x00000000   Number         0  rtexit.o ABSOLUTE
    ../clib/angel/kernel.s                   0x00000000   Number         0  rtexit2.o ABSOLUTE
    ../clib/angel/rt.s                       0x00000000   Number         0  rt_raise.o ABSOLUTE
    ../clib/angel/scatter.s                  0x00000000   Number         0  __scatter.o ABSOLUTE
    ../clib/angel/startup.s                  0x00000000   Number         0  __main.o ABSOLUTE
    ../clib/angel/sys.s                      0x00000000   Number         0  sys_stackheap_outer.o ABSOLUTE
    ../clib/angel/sys.s                      0x00000000   Number         0  libspace.o ABSOLUTE
    ../clib/angel/sys.s                      0x00000000   Number         0  use_no_semi.o ABSOLUTE
    ../clib/angel/sys.s                      0x00000000   Number         0  indicate_semi.o ABSOLUTE
    ../clib/angel/sysapp.c                   0x00000000   Number         0  sys_exit.o ABSOLUTE
    ../clib/angel/sysapp.c                   0x00000000   Number         0  sys_exit_hlt.o ABSOLUTE
    ../clib/angel/sysapp.c                   0x00000000   Number         0  sys_command.o ABSOLUTE
    ../clib/angel/sysapp.c                   0x00000000   Number         0  sys_command_hlt.o ABSOLUTE
    ../clib/angel/sysapp.c                   0x00000000   Number         0  sys_wrch.o ABSOLUTE
    ../clib/angel/sysapp.c                   0x00000000   Number         0  sys_wrch_hlt.o ABSOLUTE
    ../clib/armsys.c                         0x00000000   Number         0  argv_veneer.o ABSOLUTE
    ../clib/armsys.c                         0x00000000   Number         0  argv_veneer.o ABSOLUTE
    ../clib/armsys.c                         0x00000000   Number         0  _get_argv_nomalloc.o ABSOLUTE
    ../clib/armsys.c                         0x00000000   Number         0  no_argv.o ABSOLUTE
    ../clib/heapalloc.c                      0x00000000   Number         0  hrguard.o ABSOLUTE
    ../clib/heapaux.c                        0x00000000   Number         0  heapauxi.o ABSOLUTE
    ../clib/libinit.s                        0x00000000   Number         0  libinit.o ABSOLUTE
    ../clib/libinit.s                        0x00000000   Number         0  libinit2.o ABSOLUTE
    ../clib/libinit.s                        0x00000000   Number         0  libshutdown.o ABSOLUTE
    ../clib/libinit.s                        0x00000000   Number         0  libshutdown2.o ABSOLUTE
    ../clib/signal.c                         0x00000000   Number         0  defsig_rtmem_outer.o ABSOLUTE
    ../clib/signal.c                         0x00000000   Number         0  defsig_rtmem_formal.o ABSOLUTE
    ../clib/signal.c                         0x00000000   Number         0  defsig_exit.o ABSOLUTE
    ../clib/signal.c                         0x00000000   Number         0  defsig_rtmem_inner.o ABSOLUTE
    ../clib/signal.c                         0x00000000   Number         0  __raise.o ABSOLUTE
    ../clib/signal.c                         0x00000000   Number         0  defsig_general.o ABSOLUTE
    ../clib/signal.c                         0x00000000   Number         0  defsig_abrt_inner.o ABSOLUTE
    ../clib/signal.c                         0x00000000   Number         0  defsig_fpe_inner.o ABSOLUTE
    ../clib/signal.c                         0x00000000   Number         0  defsig_rtred_inner.o ABSOLUTE
    ../clib/signal.c                         0x00000000   Number         0  defsig_stak_inner.o ABSOLUTE
    ../clib/signal.c                         0x00000000   Number         0  defsig_pvfn_inner.o ABSOLUTE
    ../clib/signal.c                         0x00000000   Number         0  defsig_cppl_inner.o ABSOLUTE
    ../clib/signal.c                         0x00000000   Number         0  defsig_segv_inner.o ABSOLUTE
    ../clib/signal.c                         0x00000000   Number         0  defsig_other.o ABSOLUTE
    ../clib/signal.s                         0x00000000   Number         0  defsig.o ABSOLUTE
    ../clib/stdlib.c                         0x00000000   Number         0  exit.o ABSOLUTE
    ../fplib/fpinit.s                        0x00000000   Number         0  fpinit.o ABSOLUTE
    ../fplib/fpinit_empty.s                  0x00000000   Number         0  fpinit_empty.o ABSOLUTE
    App.c                                    0x00000000   Number         0  app.o ABSOLUTE
    MDR32FxQI_port.c                         0x00000000   Number         0  mdr32fxqi_port.o ABSOLUTE
    MDR32FxQI_rst_clk.c                      0x00000000   Number         0  mdr32fxqi_rst_clk.o ABSOLUTE
    MDR32FxQI_timer.c                        0x00000000   Number         0  mdr32fxqi_timer.o ABSOLUTE
    RTE\Device\MDR32F9Q2I\startup_MDR32F9Q2I.S 0x00000000   Number         0  startup_mdr32f9q2i.o ABSOLUTE
    dc.s                                     0x00000000   Number         0  dc.o ABSOLUTE
    hardware_drivers.c                       0x00000000   Number         0  hardware_drivers.o ABSOLUTE
    leds.c                                   0x00000000   Number         0  leds.o ABSOLUTE
    main.c                                   0x00000000   Number         0  main.o ABSOLUTE
    system_MDR32F9Q2I.c                      0x00000000   Number         0  system_mdr32f9q2i.o ABSOLUTE
    RESET                                    0x08000000   Section      192  startup_mdr32f9q2i.o(RESET)
    !!!main                                  0x080000c0   Section        8  __main.o(!!!main)
    !!!scatter                               0x080000c8   Section       52  __scatter.o(!!!scatter)
    !!handler_copy                           0x080000fc   Section       26  __scatter_copy.o(!!handler_copy)
    !!handler_zi                             0x08000118   Section       28  __scatter_zi.o(!!handler_zi)
    .ARM.Collect$$libinit$$00000000          0x08000134   Section        2  libinit.o(.ARM.Collect$$libinit$$00000000)
    .ARM.Collect$$libinit$$00000002          0x08000136   Section        0  libinit2.o(.ARM.Collect$$libinit$$00000002)
    .ARM.Collect$$libinit$$00000004          0x08000136   Section        0  libinit2.o(.ARM.Collect$$libinit$$00000004)
    .ARM.Collect$$libinit$$00000006          0x08000136   Section        0  libinit2.o(.ARM.Collect$$libinit$$00000006)
    .ARM.Collect$$libinit$$0000000C          0x08000136   Section        0  libinit2.o(.ARM.Collect$$libinit$$0000000C)
    .ARM.Collect$$libinit$$0000000E          0x08000136   Section        0  libinit2.o(.ARM.Collect$$libinit$$0000000E)
    .ARM.Collect$$libinit$$00000010          0x08000136   Section        0  libinit2.o(.ARM.Collect$$libinit$$00000010)
    .ARM.Collect$$libinit$$00000013          0x08000136   Section        0  libinit2.o(.ARM.Collect$$libinit$$00000013)
    .ARM.Collect$$libinit$$00000015          0x08000136   Section        0  libinit2.o(.ARM.Collect$$libinit$$00000015)
    .ARM.Collect$$libinit$$00000017          0x08000136   Section        0  libinit2.o(.ARM.Collect$$libinit$$00000017)
    .ARM.Collect$$libinit$$00000019          0x08000136   Section        0  libinit2.o(.ARM.Collect$$libinit$$00000019)
    .ARM.Collect$$libinit$$0000001B          0x08000136   Section        0  libinit2.o(.ARM.Collect$$libinit$$0000001B)
    .ARM.Collect$$libinit$$0000001D          0x08000136   Section        0  libinit2.o(.ARM.Collect$$libinit$$0000001D)
    .ARM.Collect$$libinit$$0000001F          0x08000136   Section        0  libinit2.o(.ARM.Collect$$libinit$$0000001F)
    .ARM.Collect$$libinit$$00000021          0x08000136   Section        0  libinit2.o(.ARM.Collect$$libinit$$00000021)
    .ARM.Collect$$libinit$$00000023          0x08000136   Section        0  libinit2.o(.ARM.Collect$$libinit$$00000023)
    .ARM.Collect$$libinit$$00000025          0x08000136   Section        0  libinit2.o(.ARM.Collect$$libinit$$00000025)
    .ARM.Collect$$libinit$$00000027          0x08000136   Section        0  libinit2.o(.ARM.Collect$$libinit$$00000027)
    .ARM.Collect$$libinit$$0000002E          0x08000136   Section        0  libinit2.o(.ARM.Collect$$libinit$$0000002E)
    .ARM.Collect$$libinit$$00000030          0x08000136   Section        0  libinit2.o(.ARM.Collect$$libinit$$00000030)
    .ARM.Collect$$libinit$$00000032          0x08000136   Section        0  libinit2.o(.ARM.Collect$$libinit$$00000032)
    .ARM.Collect$$libinit$$00000034          0x08000136   Section        0  libinit2.o(.ARM.Collect$$libinit$$00000034)
    .ARM.Collect$$libinit$$00000035          0x08000136   Section        2  libinit2.o(.ARM.Collect$$libinit$$00000035)
    .ARM.Collect$$libshutdown$$00000000      0x08000138   Section        2  libshutdown.o(.ARM.Collect$$libshutdown$$00000000)
    .ARM.Collect$$libshutdown$$00000002      0x0800013a   Section        0  libshutdown2.o(.ARM.Collect$$libshutdown$$00000002)
    .ARM.Collect$$libshutdown$$00000004      0x0800013a   Section        0  libshutdown2.o(.ARM.Collect$$libshutdown$$00000004)
    .ARM.Collect$$libshutdown$$00000007      0x0800013a   Section        0  libshutdown2.o(.ARM.Collect$$libshutdown$$00000007)
    .ARM.Collect$$libshutdown$$0000000A      0x0800013a   Section        0  libshutdown2.o(.ARM.Collect$$libshutdown$$0000000A)
    .ARM.Collect$$libshutdown$$0000000C      0x0800013a   Section        0  libshutdown2.o(.ARM.Collect$$libshutdown$$0000000C)
    .ARM.Collect$$libshutdown$$0000000F      0x0800013a   Section        0  libshutdown2.o(.ARM.Collect$$libshutdown$$0000000F)
    .ARM.Collect$$libshutdown$$00000010      0x0800013a   Section        2  libshutdown2.o(.ARM.Collect$$libshutdown$$00000010)
    .ARM.Collect$$rtentry$$00000000          0x0800013c   Section        0  __rtentry.o(.ARM.Collect$$rtentry$$00000000)
    .ARM.Collect$$rtentry$$00000002          0x0800013c   Section        0  __rtentry2.o(.ARM.Collect$$rtentry$$00000002)
    .ARM.Collect$$rtentry$$00000004          0x0800013c   Section        6  __rtentry4.o(.ARM.Collect$$rtentry$$00000004)
    .ARM.Collect$$rtentry$$00000009          0x08000142   Section        0  __rtentry2.o(.ARM.Collect$$rtentry$$00000009)
    .ARM.Collect$$rtentry$$0000000A          0x08000142   Section        4  __rtentry2.o(.ARM.Collect$$rtentry$$0000000A)
    .ARM.Collect$$rtentry$$0000000C          0x08000146   Section        0  __rtentry2.o(.ARM.Collect$$rtentry$$0000000C)
    .ARM.Collect$$rtentry$$0000000D          0x08000146   Section        8  __rtentry2.o(.ARM.Collect$$rtentry$$0000000D)
    .ARM.Collect$$rtexit$$00000000           0x0800014e   Section        2  rtexit.o(.ARM.Collect$$rtexit$$00000000)
    .ARM.Collect$$rtexit$$00000002           0x08000150   Section        0  rtexit2.o(.ARM.Collect$$rtexit$$00000002)
    .ARM.Collect$$rtexit$$00000003           0x08000150   Section        4  rtexit2.o(.ARM.Collect$$rtexit$$00000003)
    .ARM.Collect$$rtexit$$00000004           0x08000154   Section        6  rtexit2.o(.ARM.Collect$$rtexit$$00000004)
    .text                                    0x0800015c   Section      104  startup_mdr32f9q2i.o(.text)
    .text                                    0x080001c4   Section        0  heapauxi.o(.text)
    .text                                    0x080001ca   Section       74  sys_stackheap_outer.o(.text)
    .text                                    0x08000214   Section        0  exit.o(.text)
    .text                                    0x08000228   Section        8  libspace.o(.text)
    .text                                    0x08000230   Section        0  sys_exit.o(.text)
    .text                                    0x0800023c   Section        2  use_no_semi.o(.text)
    .text                                    0x0800023e   Section        0  indicate_semi.o(.text)
    [Anonymous Symbol]                       0x08000240   Section        0  hardware_drivers.o(.text.HD_GetTick)
    [Anonymous Symbol]                       0x0800024c   Section        0  hardware_drivers.o(.text.HD_System_Init)
    [Anonymous Symbol]                       0x08000354   Section        0  leds.o(.text.LED_Init)
    [Anonymous Symbol]                       0x080003dc   Section        0  leds.o(.text.LED_Process)
    [Anonymous Symbol]                       0x08000428   Section        0  leds.o(.text.LED_Sequence)
    [Anonymous Symbol]                       0x08000454   Section        0  mdr32fxqi_port.o(.text.PORT_Init)
    [Anonymous Symbol]                       0x080005a8   Section        0  mdr32fxqi_port.o(.text.PORT_ResetBits)
    [Anonymous Symbol]                       0x080005c0   Section        0  mdr32fxqi_port.o(.text.PORT_SetBits)
    [Anonymous Symbol]                       0x080005d8   Section        0  mdr32fxqi_rst_clk.o(.text.RST_CLK_PCLKcmd)
    [Anonymous Symbol]                       0x080005f0   Section        0  hardware_drivers.o(.text.SysTick_Handler)
    [Anonymous Symbol]                       0x08000600   Section        0  system_mdr32f9q2i.o(.text.SystemInit)
    [Anonymous Symbol]                       0x080006a0   Section        0  mdr32fxqi_timer.o(.text.TIMER_ClearFlag)
    [Anonymous Symbol]                       0x080006a8   Section        0  mdr32fxqi_timer.o(.text.TIMER_Cmd)
    [Anonymous Symbol]                       0x080006b8   Section        0  mdr32fxqi_timer.o(.text.TIMER_CntInit)
    [Anonymous Symbol]                       0x080006f4   Section        0  mdr32fxqi_timer.o(.text.TIMER_CntStructInit)
    [Anonymous Symbol]                       0x08000704   Section        0  mdr32fxqi_timer.o(.text.TIMER_GetITStatus)
    [Anonymous Symbol]                       0x08000714   Section        0  mdr32fxqi_timer.o(.text.TIMER_ITConfig)
    [Anonymous Symbol]                       0x08000728   Section        0  hardware_drivers.o(.text.Timer1_IRQHandler)
    [Anonymous Symbol]                       0x08000750   Section        0  main.o(.text.main)
    LED_Config                               0x20000000   Data          64  leds.o(.data.LED_Config)
    [Anonymous Symbol]                       0x20000000   Section        0  leds.o(.data.LED_Config)
    .bss                                     0x20000048   Section       96  libspace.o(.bss)
    sequence_active                          0x200000a8   Data           1  leds.o(.bss.sequence_active)
    [Anonymous Symbol]                       0x200000a8   Section        0  leds.o(.bss.sequence_active)
    tick_counter                             0x200000ac   Data           4  hardware_drivers.o(.bss.tick_counter)
    [Anonymous Symbol]                       0x200000ac   Section        0  hardware_drivers.o(.bss.tick_counter)
    Heap_Mem                                 0x200000b0   Data         512  startup_mdr32f9q2i.o(HEAP)
    HEAP                                     0x200000b0   Section      512  startup_mdr32f9q2i.o(HEAP)
    Stack_Mem                                0x200002b0   Data        1024  startup_mdr32f9q2i.o(STACK)
    STACK                                    0x200002b0   Section     1024  startup_mdr32f9q2i.o(STACK)
    __initial_sp                             0x200006b0   Data           0  startup_mdr32f9q2i.o(STACK)

    Global Symbols

    Symbol Name                              Value     Ov Type        Size  Object(Section)

    BuildAttributes$$THM_ISAv4$P$D$K$B$S$PE$A:L22UL41UL21$X:L11$S22US41US21$IEEE1$IW$~IW$USESV6$~STKCKD$USESV7$~SHL$OTIME$ROPI$EBA8$UX$STANDARDLIB$REQ8$PRES8$EABIv2 0x00000000   Number         0  anon$$obj.o ABSOLUTE
    __fp_init_empty                          0x00000000   Number         0  fpinit_empty.o ABSOLUTE
    __ARM_exceptions_init                     - Undefined Weak Reference
    __alloca_initialize                       - Undefined Weak Reference
    __arm_preinit_                            - Undefined Weak Reference
    __arm_relocate_pie_                       - Undefined Weak Reference
    __cpp_initialize__aeabi_                  - Undefined Weak Reference
    __cxa_finalize                            - Undefined Weak Reference
    __rt_locale                               - Undefined Weak Reference
    __sigvec_lookup                           - Undefined Weak Reference
    _atexit_init                              - Undefined Weak Reference
    _call_atexit_fns                          - Undefined Weak Reference
    _clock_init                               - Undefined Weak Reference
    _fp_trap_init                             - Undefined Weak Reference
    _fp_trap_shutdown                         - Undefined Weak Reference
    _get_lc_collate                           - Undefined Weak Reference
    _get_lc_ctype                             - Undefined Weak Reference
    _get_lc_monetary                          - Undefined Weak Reference
    _get_lc_numeric                           - Undefined Weak Reference
    _get_lc_time                              - Undefined Weak Reference
    _getenv_init                              - Undefined Weak Reference
    _handle_redirection                       - Undefined Weak Reference
    _init_alloc                               - Undefined Weak Reference
    _init_user_alloc                          - Undefined Weak Reference
    _initio                                   - Undefined Weak Reference
    _rand_init                                - Undefined Weak Reference
    _signal_finish                            - Undefined Weak Reference
    _signal_init                              - Undefined Weak Reference
    _terminate_alloc                          - Undefined Weak Reference
    _terminate_user_alloc                     - Undefined Weak Reference
    _terminateio                              - Undefined Weak Reference
    __Vectors_Size                           0x000000c0   Number         0  startup_mdr32f9q2i.o ABSOLUTE
    __Vectors                                0x08000000   Data           4  startup_mdr32f9q2i.o(RESET)
    __Vectors_End                            0x080000c0   Data           0  startup_mdr32f9q2i.o(RESET)
    __main                                   0x080000c1   Thumb Code     8  __main.o(!!!main)
    __scatterload                            0x080000c9   Thumb Code     0  __scatter.o(!!!scatter)
    __scatterload_rt2                        0x080000c9   Thumb Code    44  __scatter.o(!!!scatter)
    __scatterload_rt2_thumb_only             0x080000c9   Thumb Code     0  __scatter.o(!!!scatter)
    __scatterload_null                       0x080000d7   Thumb Code     0  __scatter.o(!!!scatter)
    __scatterload_copy                       0x080000fd   Thumb Code    26  __scatter_copy.o(!!handler_copy)
    __scatterload_zeroinit                   0x08000119   Thumb Code    28  __scatter_zi.o(!!handler_zi)
    __rt_lib_init                            0x08000135   Thumb Code     0  libinit.o(.ARM.Collect$$libinit$$00000000)
    __rt_lib_init_alloca_1                   0x08000137   Thumb Code     0  libinit2.o(.ARM.Collect$$libinit$$00000030)
    __rt_lib_init_argv_1                     0x08000137   Thumb Code     0  libinit2.o(.ARM.Collect$$libinit$$0000002E)
    __rt_lib_init_atexit_1                   0x08000137   Thumb Code     0  libinit2.o(.ARM.Collect$$libinit$$0000001D)
    __rt_lib_init_clock_1                    0x08000137   Thumb Code     0  libinit2.o(.ARM.Collect$$libinit$$00000023)
    __rt_lib_init_cpp_1                      0x08000137   Thumb Code     0  libinit2.o(.ARM.Collect$$libinit$$00000034)
    __rt_lib_init_exceptions_1               0x08000137   Thumb Code     0  libinit2.o(.ARM.Collect$$libinit$$00000032)
    __rt_lib_init_fp_1                       0x08000137   Thumb Code     0  libinit2.o(.ARM.Collect$$libinit$$00000002)
    __rt_lib_init_fp_trap_1                  0x08000137   Thumb Code     0  libinit2.o(.ARM.Collect$$libinit$$00000021)
    __rt_lib_init_getenv_1                   0x08000137   Thumb Code     0  libinit2.o(.ARM.Collect$$libinit$$00000025)
    __rt_lib_init_heap_1                     0x08000137   Thumb Code     0  libinit2.o(.ARM.Collect$$libinit$$0000000C)
    __rt_lib_init_lc_collate_1               0x08000137   Thumb Code     0  libinit2.o(.ARM.Collect$$libinit$$00000013)
    __rt_lib_init_lc_ctype_1                 0x08000137   Thumb Code     0  libinit2.o(.ARM.Collect$$libinit$$00000015)
    __rt_lib_init_lc_monetary_1              0x08000137   Thumb Code     0  libinit2.o(.ARM.Collect$$libinit$$00000017)
    __rt_lib_init_lc_numeric_1               0x08000137   Thumb Code     0  libinit2.o(.ARM.Collect$$libinit$$00000019)
    __rt_lib_init_lc_time_1                  0x08000137   Thumb Code     0  libinit2.o(.ARM.Collect$$libinit$$0000001B)
    __rt_lib_init_preinit_1                  0x08000137   Thumb Code     0  libinit2.o(.ARM.Collect$$libinit$$00000006)
    __rt_lib_init_rand_1                     0x08000137   Thumb Code     0  libinit2.o(.ARM.Collect$$libinit$$00000010)
    __rt_lib_init_relocate_pie_1             0x08000137   Thumb Code     0  libinit2.o(.ARM.Collect$$libinit$$00000004)
    __rt_lib_init_return                     0x08000137   Thumb Code     0  libinit2.o(.ARM.Collect$$libinit$$00000035)
    __rt_lib_init_signal_1                   0x08000137   Thumb Code     0  libinit2.o(.ARM.Collect$$libinit$$0000001F)
    __rt_lib_init_stdio_1                    0x08000137   Thumb Code     0  libinit2.o(.ARM.Collect$$libinit$$00000027)
    __rt_lib_init_user_alloc_1               0x08000137   Thumb Code     0  libinit2.o(.ARM.Collect$$libinit$$0000000E)
    __rt_lib_shutdown                        0x08000139   Thumb Code     0  libshutdown.o(.ARM.Collect$$libshutdown$$00000000)
    __rt_lib_shutdown_cpp_1                  0x0800013b   Thumb Code     0  libshutdown2.o(.ARM.Collect$$libshutdown$$00000002)
    __rt_lib_shutdown_fp_trap_1              0x0800013b   Thumb Code     0  libshutdown2.o(.ARM.Collect$$libshutdown$$00000007)
    __rt_lib_shutdown_heap_1                 0x0800013b   Thumb Code     0  libshutdown2.o(.ARM.Collect$$libshutdown$$0000000F)
    __rt_lib_shutdown_return                 0x0800013b   Thumb Code     0  libshutdown2.o(.ARM.Collect$$libshutdown$$00000010)
    __rt_lib_shutdown_signal_1               0x0800013b   Thumb Code     0  libshutdown2.o(.ARM.Collect$$libshutdown$$0000000A)
    __rt_lib_shutdown_stdio_1                0x0800013b   Thumb Code     0  libshutdown2.o(.ARM.Collect$$libshutdown$$00000004)
    __rt_lib_shutdown_user_alloc_1           0x0800013b   Thumb Code     0  libshutdown2.o(.ARM.Collect$$libshutdown$$0000000C)
    __rt_entry                               0x0800013d   Thumb Code     0  __rtentry.o(.ARM.Collect$$rtentry$$00000000)
    __rt_entry_presh_1                       0x0800013d   Thumb Code     0  __rtentry2.o(.ARM.Collect$$rtentry$$00000002)
    __rt_entry_sh                            0x0800013d   Thumb Code     0  __rtentry4.o(.ARM.Collect$$rtentry$$00000004)
    __rt_entry_li                            0x08000143   Thumb Code     0  __rtentry2.o(.ARM.Collect$$rtentry$$0000000A)
    __rt_entry_postsh_1                      0x08000143   Thumb Code     0  __rtentry2.o(.ARM.Collect$$rtentry$$00000009)
    __rt_entry_main                          0x08000147   Thumb Code     0  __rtentry2.o(.ARM.Collect$$rtentry$$0000000D)
    __rt_entry_postli_1                      0x08000147   Thumb Code     0  __rtentry2.o(.ARM.Collect$$rtentry$$0000000C)
    __rt_exit                                0x0800014f   Thumb Code     0  rtexit.o(.ARM.Collect$$rtexit$$00000000)
    __rt_exit_ls                             0x08000151   Thumb Code     0  rtexit2.o(.ARM.Collect$$rtexit$$00000003)
    __rt_exit_prels_1                        0x08000151   Thumb Code     0  rtexit2.o(.ARM.Collect$$rtexit$$00000002)
    __rt_exit_exit                           0x08000155   Thumb Code     0  rtexit2.o(.ARM.Collect$$rtexit$$00000004)
    Reset_Handler                            0x0800015d   Thumb Code     8  startup_mdr32f9q2i.o(.text)
    NMI_Handler                              0x08000165   Thumb Code     2  startup_mdr32f9q2i.o(.text)
    HardFault_Handler                        0x08000167   Thumb Code     2  startup_mdr32f9q2i.o(.text)
    MemManage_Handler                        0x08000169   Thumb Code     2  startup_mdr32f9q2i.o(.text)
    BusFault_Handler                         0x0800016b   Thumb Code     2  startup_mdr32f9q2i.o(.text)
    UsageFault_Handler                       0x0800016d   Thumb Code     2  startup_mdr32f9q2i.o(.text)
    SVC_Handler                              0x0800016f   Thumb Code     2  startup_mdr32f9q2i.o(.text)
    DebugMon_Handler                         0x08000171   Thumb Code     2  startup_mdr32f9q2i.o(.text)
    PendSV_Handler                           0x08000173   Thumb Code     2  startup_mdr32f9q2i.o(.text)
    CAN1_IRQHandler                          0x08000177   Thumb Code     2  startup_mdr32f9q2i.o(.text)
    CAN2_IRQHandler                          0x08000179   Thumb Code     2  startup_mdr32f9q2i.o(.text)
    USB_IRQHandler                           0x0800017b   Thumb Code     2  startup_mdr32f9q2i.o(.text)
    DMA_IRQHandler                           0x0800017d   Thumb Code     2  startup_mdr32f9q2i.o(.text)
    UART1_IRQHandler                         0x0800017f   Thumb Code     2  startup_mdr32f9q2i.o(.text)
    UART2_IRQHandler                         0x08000181   Thumb Code     2  startup_mdr32f9q2i.o(.text)
    SSP1_IRQHandler                          0x08000183   Thumb Code     2  startup_mdr32f9q2i.o(.text)
    I2C_IRQHandler                           0x08000185   Thumb Code     2  startup_mdr32f9q2i.o(.text)
    POWER_IRQHandler                         0x08000187   Thumb Code     2  startup_mdr32f9q2i.o(.text)
    WWDG_IRQHandler                          0x08000189   Thumb Code     2  startup_mdr32f9q2i.o(.text)
    Timer2_IRQHandler                        0x0800018d   Thumb Code     2  startup_mdr32f9q2i.o(.text)
    Timer3_IRQHandler                        0x0800018f   Thumb Code     2  startup_mdr32f9q2i.o(.text)
    ADC_IRQHandler                           0x08000191   Thumb Code     2  startup_mdr32f9q2i.o(.text)
    COMPARATOR_IRQHandler                    0x08000193   Thumb Code     2  startup_mdr32f9q2i.o(.text)
    SSP2_IRQHandler                          0x08000195   Thumb Code     2  startup_mdr32f9q2i.o(.text)
    BACKUP_IRQHandler                        0x08000197   Thumb Code     2  startup_mdr32f9q2i.o(.text)
    EXT_INT1_IRQHandler                      0x08000199   Thumb Code     2  startup_mdr32f9q2i.o(.text)
    EXT_INT2_IRQHandler                      0x0800019b   Thumb Code     2  startup_mdr32f9q2i.o(.text)
    EXT_INT3_IRQHandler                      0x0800019d   Thumb Code     2  startup_mdr32f9q2i.o(.text)
    EXT_INT4_IRQHandler                      0x0800019f   Thumb Code     2  startup_mdr32f9q2i.o(.text)
    __user_initial_stackheap                 0x080001a1   Thumb Code     0  startup_mdr32f9q2i.o(.text)
    __use_two_region_memory                  0x080001c5   Thumb Code     2  heapauxi.o(.text)
    __rt_heap_escrow$2region                 0x080001c7   Thumb Code     2  heapauxi.o(.text)
    __rt_heap_expand$2region                 0x080001c9   Thumb Code     2  heapauxi.o(.text)
    __user_setup_stackheap                   0x080001cb   Thumb Code    74  sys_stackheap_outer.o(.text)
    exit                                     0x08000215   Thumb Code    18  exit.o(.text)
    __user_libspace                          0x08000229   Thumb Code     8  libspace.o(.text)
    __user_perproc_libspace                  0x08000229   Thumb Code     0  libspace.o(.text)
    __user_perthread_libspace                0x08000229   Thumb Code     0  libspace.o(.text)
    _sys_exit                                0x08000231   Thumb Code     8  sys_exit.o(.text)
    __I$use$semihosting                      0x0800023d   Thumb Code     0  use_no_semi.o(.text)
    __use_no_semihosting_swi                 0x0800023d   Thumb Code     2  use_no_semi.o(.text)
    __semihosting_library_function           0x0800023f   Thumb Code     0  indicate_semi.o(.text)
    HD_GetTick                               0x08000241   Thumb Code    12  hardware_drivers.o(.text.HD_GetTick)
    HD_System_Init                           0x0800024d   Thumb Code   262  hardware_drivers.o(.text.HD_System_Init)
    LED_Init                                 0x08000355   Thumb Code   134  leds.o(.text.LED_Init)
    LED_Process                              0x080003dd   Thumb Code    74  leds.o(.text.LED_Process)
    LED_Sequence                             0x08000429   Thumb Code    44  leds.o(.text.LED_Sequence)
    PORT_Init                                0x08000455   Thumb Code   340  mdr32fxqi_port.o(.text.PORT_Init)
    PORT_ResetBits                           0x080005a9   Thumb Code    24  mdr32fxqi_port.o(.text.PORT_ResetBits)
    PORT_SetBits                             0x080005c1   Thumb Code    22  mdr32fxqi_port.o(.text.PORT_SetBits)
    RST_CLK_PCLKcmd                          0x080005d9   Thumb Code    24  mdr32fxqi_rst_clk.o(.text.RST_CLK_PCLKcmd)
    SysTick_Handler                          0x080005f1   Thumb Code    16  hardware_drivers.o(.text.SysTick_Handler)
    SystemInit                               0x08000601   Thumb Code   158  system_mdr32f9q2i.o(.text.SystemInit)
    TIMER_ClearFlag                          0x080006a1   Thumb Code     6  mdr32fxqi_timer.o(.text.TIMER_ClearFlag)
    TIMER_Cmd                                0x080006a9   Thumb Code    16  mdr32fxqi_timer.o(.text.TIMER_Cmd)
    TIMER_CntInit                            0x080006b9   Thumb Code    60  mdr32fxqi_timer.o(.text.TIMER_CntInit)
    TIMER_CntStructInit                      0x080006f5   Thumb Code    16  mdr32fxqi_timer.o(.text.TIMER_CntStructInit)
    TIMER_GetITStatus                        0x08000705   Thumb Code    14  mdr32fxqi_timer.o(.text.TIMER_GetITStatus)
    TIMER_ITConfig                           0x08000715   Thumb Code    20  mdr32fxqi_timer.o(.text.TIMER_ITConfig)
    Timer1_IRQHandler                        0x08000729   Thumb Code    38  hardware_drivers.o(.text.Timer1_IRQHandler)
    main                                     0x08000751   Thumb Code    18  main.o(.text.main)
    Region$$Table$$Base                      0x08000764   Number         0  anon$$obj.o(Region$$Table)
    Region$$Table$$Limit                     0x08000784   Number         0  anon$$obj.o(Region$$Table)
    SystemCoreClock                          0x20000040   Data           4  system_mdr32f9q2i.o(.data.SystemCoreClock)
    __libspace_start                         0x20000048   Data          96  libspace.o(.bss)
    __temporary_stack_top$libspace           0x200000a8   Data           0  libspace.o(.bss)



==============================================================================

Memory Map of the image

  Image Entry point : 0x080000c1

  Load Region LR_IROM1 (Base: 0x08000000, Size: 0x000007d0, Max: 0x00020000, ABSOLUTE)

    Execution Region ER_IROM1 (Exec base: 0x08000000, Load base: 0x08000000, Size: 0x00000784, Max: 0x00020000, ABSOLUTE)

    Exec Addr    Load Addr    Size         Type   Attr      Idx    E Section Name        Object

    0x08000000   0x08000000   0x000000c0   Data   RO           88    RESET               startup_mdr32f9q2i.o
    0x080000c0   0x080000c0   0x00000008   Code   RO          344  * !!!main             c_w.l(__main.o)
    0x080000c8   0x080000c8   0x00000034   Code   RO          509    !!!scatter          c_w.l(__scatter.o)
    0x080000fc   0x080000fc   0x0000001a   Code   RO          511    !!handler_copy      c_w.l(__scatter_copy.o)
    0x08000116   0x08000116   0x00000002   PAD
    0x08000118   0x08000118   0x0000001c   Code   RO          513    !!handler_zi        c_w.l(__scatter_zi.o)
    0x08000134   0x08000134   0x00000002   Code   RO          371    .ARM.Collect$$libinit$$00000000  c_w.l(libinit.o)
    0x08000136   0x08000136   0x00000000   Code   RO          378    .ARM.Collect$$libinit$$00000002  c_w.l(libinit2.o)
    0x08000136   0x08000136   0x00000000   Code   RO          380    .ARM.Collect$$libinit$$00000004  c_w.l(libinit2.o)
    0x08000136   0x08000136   0x00000000   Code   RO          382    .ARM.Collect$$libinit$$00000006  c_w.l(libinit2.o)
    0x08000136   0x08000136   0x00000000   Code   RO          385    .ARM.Collect$$libinit$$0000000C  c_w.l(libinit2.o)
    0x08000136   0x08000136   0x00000000   Code   RO          387    .ARM.Collect$$libinit$$0000000E  c_w.l(libinit2.o)
    0x08000136   0x08000136   0x00000000   Code   RO          389    .ARM.Collect$$libinit$$00000010  c_w.l(libinit2.o)
    0x08000136   0x08000136   0x00000000   Code   RO          392    .ARM.Collect$$libinit$$00000013  c_w.l(libinit2.o)
    0x08000136   0x08000136   0x00000000   Code   RO          394    .ARM.Collect$$libinit$$00000015  c_w.l(libinit2.o)
    0x08000136   0x08000136   0x00000000   Code   RO          396    .ARM.Collect$$libinit$$00000017  c_w.l(libinit2.o)
    0x08000136   0x08000136   0x00000000   Code   RO          398    .ARM.Collect$$libinit$$00000019  c_w.l(libinit2.o)
    0x08000136   0x08000136   0x00000000   Code   RO          400    .ARM.Collect$$libinit$$0000001B  c_w.l(libinit2.o)
    0x08000136   0x08000136   0x00000000   Code   RO          402    .ARM.Collect$$libinit$$0000001D  c_w.l(libinit2.o)
    0x08000136   0x08000136   0x00000000   Code   RO          404    .ARM.Collect$$libinit$$0000001F  c_w.l(libinit2.o)
    0x08000136   0x08000136   0x00000000   Code   RO          406    .ARM.Collect$$libinit$$00000021  c_w.l(libinit2.o)
    0x08000136   0x08000136   0x00000000   Code   RO          408    .ARM.Collect$$libinit$$00000023  c_w.l(libinit2.o)
    0x08000136   0x08000136   0x00000000   Code   RO          410    .ARM.Collect$$libinit$$00000025  c_w.l(libinit2.o)
    0x08000136   0x08000136   0x00000000   Code   RO          412    .ARM.Collect$$libinit$$00000027  c_w.l(libinit2.o)
    0x08000136   0x08000136   0x00000000   Code   RO          416    .ARM.Collect$$libinit$$0000002E  c_w.l(libinit2.o)
    0x08000136   0x08000136   0x00000000   Code   RO          418    .ARM.Collect$$libinit$$00000030  c_w.l(libinit2.o)
    0x08000136   0x08000136   0x00000000   Code   RO          420    .ARM.Collect$$libinit$$00000032  c_w.l(libinit2.o)
    0x08000136   0x08000136   0x00000000   Code   RO          422    .ARM.Collect$$libinit$$00000034  c_w.l(libinit2.o)
    0x08000136   0x08000136   0x00000002   Code   RO          423    .ARM.Collect$$libinit$$00000035  c_w.l(libinit2.o)
    0x08000138   0x08000138   0x00000002   Code   RO          445    .ARM.Collect$$libshutdown$$00000000  c_w.l(libshutdown.o)
    0x0800013a   0x0800013a   0x00000000   Code   RO          460    .ARM.Collect$$libshutdown$$00000002  c_w.l(libshutdown2.o)
    0x0800013a   0x0800013a   0x00000000   Code   RO          462    .ARM.Collect$$libshutdown$$00000004  c_w.l(libshutdown2.o)
    0x0800013a   0x0800013a   0x00000000   Code   RO          465    .ARM.Collect$$libshutdown$$00000007  c_w.l(libshutdown2.o)
    0x0800013a   0x0800013a   0x00000000   Code   RO          468    .ARM.Collect$$libshutdown$$0000000A  c_w.l(libshutdown2.o)
    0x0800013a   0x0800013a   0x00000000   Code   RO          470    .ARM.Collect$$libshutdown$$0000000C  c_w.l(libshutdown2.o)
    0x0800013a   0x0800013a   0x00000000   Code   RO          473    .ARM.Collect$$libshutdown$$0000000F  c_w.l(libshutdown2.o)
    0x0800013a   0x0800013a   0x00000002   Code   RO          474    .ARM.Collect$$libshutdown$$00000010  c_w.l(libshutdown2.o)
    0x0800013c   0x0800013c   0x00000000   Code   RO          346    .ARM.Collect$$rtentry$$00000000  c_w.l(__rtentry.o)
    0x0800013c   0x0800013c   0x00000000   Code   RO          348    .ARM.Collect$$rtentry$$00000002  c_w.l(__rtentry2.o)
    0x0800013c   0x0800013c   0x00000006   Code   RO          360    .ARM.Collect$$rtentry$$00000004  c_w.l(__rtentry4.o)
    0x08000142   0x08000142   0x00000000   Code   RO          350    .ARM.Collect$$rtentry$$00000009  c_w.l(__rtentry2.o)
    0x08000142   0x08000142   0x00000004   Code   RO          351    .ARM.Collect$$rtentry$$0000000A  c_w.l(__rtentry2.o)
    0x08000146   0x08000146   0x00000000   Code   RO          353    .ARM.Collect$$rtentry$$0000000C  c_w.l(__rtentry2.o)
    0x08000146   0x08000146   0x00000008   Code   RO          354    .ARM.Collect$$rtentry$$0000000D  c_w.l(__rtentry2.o)
    0x0800014e   0x0800014e   0x00000002   Code   RO          375    .ARM.Collect$$rtexit$$00000000  c_w.l(rtexit.o)
    0x08000150   0x08000150   0x00000000   Code   RO          425    .ARM.Collect$$rtexit$$00000002  c_w.l(rtexit2.o)
    0x08000150   0x08000150   0x00000004   Code   RO          426    .ARM.Collect$$rtexit$$00000003  c_w.l(rtexit2.o)
    0x08000154   0x08000154   0x00000006   Code   RO          427    .ARM.Collect$$rtexit$$00000004  c_w.l(rtexit2.o)
    0x0800015a   0x0800015a   0x00000002   PAD
    0x0800015c   0x0800015c   0x00000068   Code   RO           89    .text               startup_mdr32f9q2i.o
    0x080001c4   0x080001c4   0x00000006   Code   RO          342    .text               c_w.l(heapauxi.o)
    0x080001ca   0x080001ca   0x0000004a   Code   RO          362    .text               c_w.l(sys_stackheap_outer.o)
    0x08000214   0x08000214   0x00000012   Code   RO          364    .text               c_w.l(exit.o)
    0x08000226   0x08000226   0x00000002   PAD
    0x08000228   0x08000228   0x00000008   Code   RO          372    .text               c_w.l(libspace.o)
    0x08000230   0x08000230   0x0000000c   Code   RO          435    .text               c_w.l(sys_exit.o)
    0x0800023c   0x0800023c   0x00000002   Code   RO          450    .text               c_w.l(use_no_semi.o)
    0x0800023e   0x0800023e   0x00000000   Code   RO          452    .text               c_w.l(indicate_semi.o)
    0x0800023e   0x0800023e   0x00000002   PAD
    0x08000240   0x08000240   0x0000000c   Code   RO           14    .text.HD_GetTick    hardware_drivers.o
    0x0800024c   0x0800024c   0x00000106   Code   RO           22    .text.HD_System_Init  hardware_drivers.o
    0x08000352   0x08000352   0x00000002   PAD
    0x08000354   0x08000354   0x00000086   Code   RO           41    .text.LED_Init      leds.o
    0x080003da   0x080003da   0x00000002   PAD
    0x080003dc   0x080003dc   0x0000004a   Code   RO           49    .text.LED_Process   leds.o
    0x08000426   0x08000426   0x00000002   PAD
    0x08000428   0x08000428   0x0000002c   Code   RO           59    .text.LED_Sequence  leds.o
    0x08000454   0x08000454   0x00000154   Code   RO          111    .text.PORT_Init     mdr32fxqi_port.o
    0x080005a8   0x080005a8   0x00000018   Code   RO          121    .text.PORT_ResetBits  mdr32fxqi_port.o
    0x080005c0   0x080005c0   0x00000016   Code   RO          119    .text.PORT_SetBits  mdr32fxqi_port.o
    0x080005d6   0x080005d6   0x00000002   PAD
    0x080005d8   0x080005d8   0x00000018   Code   RO          201    .text.RST_CLK_PCLKcmd  mdr32fxqi_rst_clk.o
    0x080005f0   0x080005f0   0x00000010   Code   RO            2    .text.SysTick_Handler  hardware_drivers.o
    0x08000600   0x08000600   0x0000009e   Code   RO           98    .text.SystemInit    system_mdr32f9q2i.o
    0x0800069e   0x0800069e   0x00000002   PAD
    0x080006a0   0x080006a0   0x00000006   Code   RO          323    .text.TIMER_ClearFlag  mdr32fxqi_timer.o
    0x080006a6   0x080006a6   0x00000002   PAD
    0x080006a8   0x080006a8   0x00000010   Code   RO          219    .text.TIMER_Cmd     mdr32fxqi_timer.o
    0x080006b8   0x080006b8   0x0000003c   Code   RO          215    .text.TIMER_CntInit  mdr32fxqi_timer.o
    0x080006f4   0x080006f4   0x00000010   Code   RO          217    .text.TIMER_CntStructInit  mdr32fxqi_timer.o
    0x08000704   0x08000704   0x0000000e   Code   RO          329    .text.TIMER_GetITStatus  mdr32fxqi_timer.o
    0x08000712   0x08000712   0x00000002   PAD
    0x08000714   0x08000714   0x00000014   Code   RO          327    .text.TIMER_ITConfig  mdr32fxqi_timer.o
    0x08000728   0x08000728   0x00000026   Code   RO            6    .text.Timer1_IRQHandler  hardware_drivers.o
    0x0800074e   0x0800074e   0x00000002   PAD
    0x08000750   0x08000750   0x00000012   Code   RO           78    .text.main          main.o
    0x08000762   0x08000762   0x00000002   PAD
    0x08000764   0x08000764   0x00000020   Data   RO          508    Region$$Table       anon$$obj.o


    Execution Region RW_IRAM1 (Exec base: 0x20000000, Load base: 0x08000788, Size: 0x000006b0, Max: 0x00008000, ABSOLUTE)

    Exec Addr    Load Addr    Size         Type   Attr      Idx    E Section Name        Object

    0x20000000   0x08000788   0x00000040   Data   RW           67    .data.LED_Config    leds.o
    0x20000040   0x080007c8   0x00000004   Data   RW          100    .data.SystemCoreClock  system_mdr32f9q2i.o
    0x20000044   0x080007cc   0x00000004   PAD
    0x20000048        -       0x00000060   Zero   RW          373    .bss                c_w.l(libspace.o)
    0x200000a8        -       0x00000001   Zero   RW           68    .bss.sequence_active  leds.o
    0x200000a9   0x080007cc   0x00000003   PAD
    0x200000ac        -       0x00000004   Zero   RW           32    .bss.tick_counter   hardware_drivers.o
    0x200000b0        -       0x00000200   Zero   RW           87    HEAP                startup_mdr32f9q2i.o
    0x200002b0        -       0x00000400   Zero   RW           86    STACK               startup_mdr32f9q2i.o


==============================================================================

Image component sizes


      Code (inc. data)   RO Data    RW Data    ZI Data      Debug   Object Name

       328          0          0          0          4       9485   hardware_drivers.o
       252          0          0         64          1       6304   leds.o
        18          0          0          0          0        380   main.o
       386          0          0          0          0       5547   mdr32fxqi_port.o
        24          0          0          0          0      14077   mdr32fxqi_rst_clk.o
       132          0          0          0          0      23900   mdr32fxqi_timer.o
       104         26        192          0       1536       1712   startup_mdr32f9q2i.o
       158          0          0          4          0       2645   system_mdr32f9q2i.o

    ----------------------------------------------------------------------
      1420         26        224         68       1548      64050   Object Totals
         0          0         32          0          0          0   (incl. Generated)
        18          0          0          0          7          0   (incl. Padding)

    ----------------------------------------------------------------------

      Code (inc. data)   RO Data    RW Data    ZI Data      Debug   Library Member Name

         8          0          0          0          0         68   __main.o
         0          0          0          0          0          0   __rtentry.o
        12          0          0          0          0          0   __rtentry2.o
         6          0          0          0          0          0   __rtentry4.o
        52          8          0          0          0          0   __scatter.o
        26          0          0          0          0          0   __scatter_copy.o
        28          0          0          0          0          0   __scatter_zi.o
        18          0          0          0          0         80   exit.o
         6          0          0          0          0        152   heapauxi.o
         0          0          0          0          0          0   indicate_semi.o
         2          0          0          0          0          0   libinit.o
         2          0          0          0          0          0   libinit2.o
         2          0          0          0          0          0   libshutdown.o
         2          0          0          0          0          0   libshutdown2.o
         8          4          0          0         96         68   libspace.o
         2          0          0          0          0          0   rtexit.o
        10          0          0          0          0          0   rtexit2.o
        12          4          0          0          0         68   sys_exit.o
        74          0          0          0          0         80   sys_stackheap_outer.o
         2          0          0          0          0         68   use_no_semi.o

    ----------------------------------------------------------------------
       280         16          0          0         96        584   Library Totals
         8          0          0          0          0          0   (incl. Padding)

    ----------------------------------------------------------------------

      Code (inc. data)   RO Data    RW Data    ZI Data      Debug   Library Name

       272         16          0          0         96        584   c_w.l

    ----------------------------------------------------------------------
       280         16          0          0         96        584   Library Totals

    ----------------------------------------------------------------------

==============================================================================


      Code (inc. data)   RO Data    RW Data    ZI Data      Debug   

      1700         42        224         68       1644      64406   Grand Totals
      1700         42        224         68       1644      64406   ELF Image Totals
      1700         42        224         68          0          0   ROM Totals

==============================================================================

    Total RO  Size (Code + RO Data)                 1924 (   1.88kB)
    Total RW  Size (RW Data + ZI Data)              1712 (   1.67kB)
    Total ROM Size (Code + RO Data + RW Data)       1992 (   1.95kB)

==============================================================================

