Component: Arm Compiler for Embedded 6.19 Tool: armlink [5e73cb00]

==============================================================================

Section Cross References

    leds.o(.text.LED_Init) refers to mdr32fxqi_rst_clk.o(.text.RST_CLK_PCLKcmd) for RST_CLK_PCLKcmd
    leds.o(.text.LED_Init) refers to mdr32fxqi_port.o(.text.PORT_Init) for PORT_Init
    leds.o(.text.LED_Init) refers to leds.o(.data.LED_Config) for LED_Config
    leds.o(.ARM.exidx.text.LED_Init) refers to leds.o(.text.LED_Init) for [Anonymous Symbol]
    leds.o(.text.LED_AllOff) refers to leds.o(.data.LED_Config) for LED_Config
    leds.o(.ARM.exidx.text.LED_AllOff) refers to leds.o(.text.LED_AllOff) for [Anonymous Symbol]
    leds.o(.text.LED_On) refers to leds.o(.data.LED_Config) for LED_Config
    leds.o(.text.LED_On) refers to hardware_drivers.o(.text.HD_GetTick) for HD_GetTick
    leds.o(.ARM.exidx.text.LED_On) refers to leds.o(.text.LED_On) for [Anonymous Symbol]
    leds.o(.text.LED_On_ms) refers to leds.o(.data.LED_Config) for LED_Config
    leds.o(.text.LED_On_ms) refers to hardware_drivers.o(.text.HD_GetTick) for HD_GetTick
    leds.o(.ARM.exidx.text.LED_On_ms) refers to leds.o(.text.LED_On_ms) for [Anonymous Symbol]
    leds.o(.text.LED_Off) refers to leds.o(.data.LED_Config) for LED_Config
    leds.o(.ARM.exidx.text.LED_Off) refers to leds.o(.text.LED_Off) for [Anonymous Symbol]
    leds.o(.text.LED_Toggle) refers to leds.o(.data.LED_Config) for LED_Config
    leds.o(.text.LED_Toggle) refers to hardware_drivers.o(.text.HD_GetTick) for HD_GetTick
    leds.o(.ARM.exidx.text.LED_Toggle) refers to leds.o(.text.LED_Toggle) for [Anonymous Symbol]
    leds.o(.text.LED_SetState) refers to leds.o(.data.LED_Config) for LED_Config
    leds.o(.text.LED_SetState) refers to hardware_drivers.o(.text.HD_GetTick) for HD_GetTick
    leds.o(.ARM.exidx.text.LED_SetState) refers to leds.o(.text.LED_SetState) for [Anonymous Symbol]
    leds.o(.text.LED_GetState) refers to leds.o(.data.LED_Config) for LED_Config
    leds.o(.ARM.exidx.text.LED_GetState) refers to leds.o(.text.LED_GetState) for [Anonymous Symbol]
    leds.o(.text.LED_Sequence) refers to leds.o(.bss.sequence_active) for sequence_active
    leds.o(.text.LED_Sequence) refers to leds.o(.bss.current_led) for current_led
    leds.o(.text.LED_Sequence) refers to hardware_drivers.o(.text.HD_GetTick) for HD_GetTick
    leds.o(.text.LED_Sequence) refers to leds.o(.bss.sequence_start_time) for sequence_start_time
    leds.o(.text.LED_Sequence) refers to leds.o(.bss.led_on_time) for led_on_time
    leds.o(.text.LED_Sequence) refers to leds.o(.data.LED_Config) for LED_Config
    leds.o(.ARM.exidx.text.LED_Sequence) refers to leds.o(.text.LED_Sequence) for [Anonymous Symbol]
    leds.o(.text.LED_SequenceStop) refers to leds.o(.bss.sequence_active) for sequence_active
    leds.o(.text.LED_SequenceStop) refers to leds.o(.data.LED_Config) for LED_Config
    leds.o(.ARM.exidx.text.LED_SequenceStop) refers to leds.o(.text.LED_SequenceStop) for [Anonymous Symbol]
    leds.o(.text.LED_SequenceIsActive) refers to leds.o(.bss.sequence_active) for sequence_active
    leds.o(.ARM.exidx.text.LED_SequenceIsActive) refers to leds.o(.text.LED_SequenceIsActive) for [Anonymous Symbol]
    leds.o(.text.LED_AllOn) refers to leds.o(.data.LED_Config) for LED_Config
    leds.o(.ARM.exidx.text.LED_AllOn) refers to leds.o(.text.LED_AllOn) for [Anonymous Symbol]
    leds.o(.text.LED_StartPWMWave) refers to leds.o(.bss.wave_active) for wave_active
    leds.o(.text.LED_StartPWMWave) refers to leds.o(.bss.pwm_counter) for pwm_counter
    leds.o(.text.LED_StartPWMWave) refers to hardware_drivers.o(.text.HD_GetTick) for HD_GetTick
    leds.o(.text.LED_StartPWMWave) refers to leds.o(.bss.last_pwm_update) for last_pwm_update
    leds.o(.ARM.exidx.text.LED_StartPWMWave) refers to leds.o(.text.LED_StartPWMWave) for [Anonymous Symbol]
    leds.o(.text.LED_StopPWMWave) refers to leds.o(.bss.wave_active) for wave_active
    leds.o(.text.LED_StopPWMWave) refers to leds.o(.data.LED_Config) for LED_Config
    leds.o(.ARM.exidx.text.LED_StopPWMWave) refers to leds.o(.text.LED_StopPWMWave) for [Anonymous Symbol]
    leds.o(.text.LED_SetWaveSpeed) refers to leds.o(.data.wave_speed) for wave_speed
    leds.o(.ARM.exidx.text.LED_SetWaveSpeed) refers to leds.o(.text.LED_SetWaveSpeed) for [Anonymous Symbol]
    leds.o(.text.LED_SetPWMPeriod) refers to leds.o(.data.pwm_period) for pwm_period
    leds.o(.ARM.exidx.text.LED_SetPWMPeriod) refers to leds.o(.text.LED_SetPWMPeriod) for [Anonymous Symbol]
    leds.o(.text.LED_PWMWaveIsActive) refers to leds.o(.bss.wave_active) for wave_active
    leds.o(.ARM.exidx.text.LED_PWMWaveIsActive) refers to leds.o(.text.LED_PWMWaveIsActive) for [Anonymous Symbol]
    leds.o(.text.LED_Process) refers to hardware_drivers.o(.text.HD_GetTick) for HD_GetTick
    leds.o(.text.LED_Process) refers to leds.o(.bss.wave_active) for wave_active
[...]
    Removing mdr32fxqi_rst_clk.o(.text.RST_CLK_ADCclkEnable), (12 bytes).
    Removing mdr32fxqi_rst_clk.o(.ARM.exidx.text.RST_CLK_ADCclkEnable), (8 bytes).
    Removing mdr32fxqi_rst_clk.o(.text.RST_CLK_HSIclkPrescaler), (20 bytes).
    Removing mdr32fxqi_rst_clk.o(.ARM.exidx.text.RST_CLK_HSIclkPrescaler), (8 bytes).
    Removing mdr32fxqi_rst_clk.o(.text.RST_CLK_RTC_HSIclkEnable), (12 bytes).
    Removing mdr32fxqi_rst_clk.o(.ARM.exidx.text.RST_CLK_RTC_HSIclkEnable), (8 bytes).
    Removing mdr32fxqi_rst_clk.o(.text.RST_CLK_HSEclkPrescaler), (18 bytes).
    Removing mdr32fxqi_rst_clk.o(.ARM.exidx.text.RST_CLK_HSEclkPrescaler), (8 bytes).
    Removing mdr32fxqi_rst_clk.o(.text.RST_CLK_RTC_HSEclkEnable), (12 bytes).
    Removing mdr32fxqi_rst_clk.o(.ARM.exidx.text.RST_CLK_RTC_HSEclkEnable), (8 bytes).
    Removing mdr32fxqi_rst_clk.o(.text.RST_CLK_CPUclkSelectionC1), (18 bytes).
    Removing mdr32fxqi_rst_clk.o(.ARM.exidx.text.RST_CLK_CPUclkSelectionC1), (8 bytes).
    Removing mdr32fxqi_rst_clk.o(.ARM.exidx.text.RST_CLK_PCLKcmd), (8 bytes).
    Removing mdr32fxqi_rst_clk.o(.text.RST_CLK_GetClocksFreq), (274 bytes).
    Removing mdr32fxqi_rst_clk.o(.ARM.exidx.text.RST_CLK_GetClocksFreq), (8 bytes).
    Removing mdr32fxqi_timer.o(.text), (0 bytes).
    Removing mdr32fxqi_timer.o(.text.TIMER_DeInit), (68 bytes).
    Removing mdr32fxqi_timer.o(.ARM.exidx.text.TIMER_DeInit), (8 bytes).
    Removing mdr32fxqi_timer.o(.ARM.exidx.text.TIMER_CntInit), (8 bytes).
    Removing mdr32fxqi_timer.o(.ARM.exidx.text.TIMER_CntStructInit), (8 bytes).
    Removing mdr32fxqi_timer.o(.ARM.exidx.text.TIMER_Cmd), (8 bytes).
    Removing mdr32fxqi_timer.o(.text.TIMER_SetCounter), (4 bytes).
    Removing mdr32fxqi_timer.o(.ARM.exidx.text.TIMER_SetCounter), (8 bytes).
    Removing mdr32fxqi_timer.o(.text.TIMER_GetCounter), (6 bytes).
    Removing mdr32fxqi_timer.o(.ARM.exidx.text.TIMER_GetCounter), (8 bytes).
    Removing mdr32fxqi_timer.o(.text.TIMER_SetCntPrescaler), (4 bytes).
    Removing mdr32fxqi_timer.o(.ARM.exidx.text.TIMER_SetCntPrescaler), (8 bytes).
    Removing mdr32fxqi_timer.o(.text.TIMER_GetCntPrescaler), (6 bytes).
    Removing mdr32fxqi_timer.o(.ARM.exidx.text.TIMER_GetCntPrescaler), (8 bytes).
    Removing mdr32fxqi_timer.o(.text.TIMER_SetCntAutoreload), (4 bytes).
    Removing mdr32fxqi_timer.o(.ARM.exidx.text.TIMER_SetCntAutoreload), (8 bytes).
    Removing mdr32fxqi_timer.o(.text.TIMER_CntAutoreloadConfig), (14 bytes).
    Removing mdr32fxqi_timer.o(.ARM.exidx.text.TIMER_CntAutoreloadConfig), (8 bytes).
    Removing mdr32fxqi_timer.o(.text.TIMER_GetCntAutoreload), (6 bytes).
    Removing mdr32fxqi_timer.o(.ARM.exidx.text.TIMER_GetCntAutoreload), (8 bytes).
    Removing mdr32fxqi_timer.o(.text.TIMER_CntEventSourceConfig), (12 bytes).
    Removing mdr32fxqi_timer.o(.ARM.exidx.text.TIMER_CntEventSourceConfig), (8 bytes).
    Removing mdr32fxqi_timer.o(.text.TIMER_FilterSamplingConfig), (12 bytes).
    Removing mdr32fxqi_timer.o(.ARM.exidx.text.TIMER_FilterSamplingConfig), (8 bytes).
    Removing mdr32fxqi_timer.o(.text.TIMER_CounterModeConfig), (12 bytes).
    Removing mdr32fxqi_timer.o(.ARM.exidx.text.TIMER_CounterModeConfig), (8 bytes).
    Removing mdr32fxqi_timer.o(.text.TIMER_SetCounterDirection), (12 bytes).
    Removing mdr32fxqi_timer.o(.ARM.exidx.text.TIMER_SetCounterDirection), (8 bytes).
    Removing mdr32fxqi_timer.o(.text.TIMER_ETRInputConfig), (22 bytes).
    Removing mdr32fxqi_timer.o(.ARM.exidx.text.TIMER_ETRInputConfig), (8 bytes).
    Removing mdr32fxqi_timer.o(.text.TIMER_ETRFilterConfig), (14 bytes).
    Removing mdr32fxqi_timer.o(.ARM.exidx.text.TIMER_ETRFilterConfig), (8 bytes).
    Removing mdr32fxqi_timer.o(.text.TIMER_ETRPrescalerConfig), (12 bytes).
    Removing mdr32fxqi_timer.o(.ARM.exidx.text.TIMER_ETRPrescalerConfig), (8 bytes).
    Removing mdr32fxqi_timer.o(.text.TIMER_ETRPolarityConfig), (12 bytes).
    Removing mdr32fxqi_timer.o(.ARM.exidx.text.TIMER_ETRPolarityConfig), (8 bytes).
    Removing mdr32fxqi_timer.o(.text.TIMER_BRKPolarityConfig), (12 bytes).
    Removing mdr32fxqi_timer.o(.ARM.exidx.text.TIMER_BRKPolarityConfig), (8 bytes).
    Removing mdr32fxqi_timer.o(.text.TIMER_GetCounterDirection), (8 bytes).
    Removing mdr32fxqi_timer.o(.ARM.exidx.text.TIMER_GetCounterDirection), (8 bytes).
    Removing mdr32fxqi_timer.o(.text.TIMER_GetCntWriteComplete), (8 bytes).
    Removing mdr32fxqi_timer.o(.ARM.exidx.text.TIMER_GetCntWriteComplete), (8 bytes).
    Removing mdr32fxqi_timer.o(.text.TIMER_ChnInit), (90 bytes).
    Removing mdr32fxqi_timer.o(.ARM.exidx.text.TIMER_ChnInit), (8 bytes).
    Removing mdr32fxqi_timer.o(.text.TIMER_ChnStructInit), (20 bytes).
    Removing mdr32fxqi_timer.o(.ARM.exidx.text.TIMER_ChnStructInit), (8 bytes).
    Removing mdr32fxqi_timer.o(.text.TIMER_SetChnCompare), (8 bytes).
    Removing mdr32fxqi_timer.o(.ARM.exidx.text.TIMER_SetChnCompare), (8 bytes).
    Removing mdr32fxqi_timer.o(.text.TIMER_ChnCompareConfig), (18 bytes).
    Removing mdr32fxqi_timer.o(.ARM.exidx.text.TIMER_ChnCompareConfig), (8 bytes).
    Removing mdr32fxqi_timer.o(.text.TIMER_GetChnCapture), (10 bytes).
    Removing mdr32fxqi_timer.o(.ARM.exidx.text.TIMER_GetChnCapture), (8 bytes).
    Removing mdr32fxqi_timer.o(.text.TIMER_SetChnCompare1), (8 bytes).
    Removing mdr32fxqi_timer.o(.ARM.exidx.text.TIMER_SetChnCompare1), (8 bytes).
    Removing mdr32fxqi_timer.o(.text.TIMER_ChnCompare1Config), (18 bytes).
    Removing mdr32fxqi_timer.o(.ARM.exidx.text.TIMER_ChnCompare1Config), (8 bytes).
    Removing mdr32fxqi_timer.o(.text.TIMER_GetChnCapture1), (10 bytes).
    Removing mdr32fxqi_timer.o(.ARM.exidx.text.TIMER_GetChnCapture1), (8 bytes).
    Removing mdr32fxqi_timer.o(.text.TIMER_ChnETR_Cmd), (22 bytes).
    Removing mdr32fxqi_timer.o(.ARM.exidx.text.TIMER_ChnETR_Cmd), (8 bytes).
    Removing mdr32fxqi_timer.o(.text.TIMER_ChnETRResetConfig), (16 bytes).
    Removing mdr32fxqi_timer.o(.ARM.exidx.text.TIMER_ChnETRResetConfig), (8 bytes).
    Removing mdr32fxqi_timer.o(.text.TIMER_ChnBRKResetConfig), (16 bytes).
    Removing mdr32fxqi_timer.o(.ARM.exidx.text.TIMER_ChnBRKResetConfig), (8 bytes).
    Removing mdr32fxqi_timer.o(.text.TIMER_ChnREFFormatConfig), (16 bytes).
    Removing mdr32fxqi_timer.o(.ARM.exidx.text.TIMER_ChnREFFormatConfig), (8 bytes).
    Removing mdr32fxqi_timer.o(.text.TIMER_ChnCapturePrescalerConfig), (18 bytes).
    Removing mdr32fxqi_timer.o(.ARM.exidx.text.TIMER_ChnCapturePrescalerConfig), (8 bytes).
    Removing mdr32fxqi_timer.o(.text.TIMER_ChnEventSourceConfig), (16 bytes).
    Removing mdr32fxqi_timer.o(.ARM.exidx.text.TIMER_ChnEventSourceConfig), (8 bytes).
    Removing mdr32fxqi_timer.o(.text.TIMER_ChnEventDelay_Cmd), (20 bytes).
    Removing mdr32fxqi_timer.o(.ARM.exidx.text.TIMER_ChnEventDelay_Cmd), (8 bytes).
    Removing mdr32fxqi_timer.o(.text.TIMER_ChnFilterConfig), (16 bytes).
    Removing mdr32fxqi_timer.o(.ARM.exidx.text.TIMER_ChnFilterConfig), (8 bytes).
    Removing mdr32fxqi_timer.o(.text.TIMER_GetChnWriteComplete), (12 bytes).
    Removing mdr32fxqi_timer.o(.ARM.exidx.text.TIMER_GetChnWriteComplete), (8 bytes).
    Removing mdr32fxqi_timer.o(.text.TIMER_GetChnWriteComplete1), (12 bytes).
    Removing mdr32fxqi_timer.o(.ARM.exidx.text.TIMER_GetChnWriteComplete1), (8 bytes).
    Removing mdr32fxqi_timer.o(.text.TIMER_ChnCCR1_EventSourceConfig), (16 bytes).
    Removing mdr32fxqi_timer.o(.ARM.exidx.text.TIMER_ChnCCR1_EventSourceConfig), (8 bytes).
    Removing mdr32fxqi_timer.o(.text.TIMER_ChnCCR1_Cmd), (20 bytes).
    Removing mdr32fxqi_timer.o(.ARM.exidx.text.TIMER_ChnCCR1_Cmd), (8 bytes).
    Removing mdr32fxqi_timer.o(.text.TIMER_ChnOutInit), (60 bytes).
    Removing mdr32fxqi_timer.o(.ARM.exidx.text.TIMER_ChnOutInit), (8 bytes).
    Removing mdr32fxqi_timer.o(.text.TIMER_ChnOutStructInit), (14 bytes).
    Removing mdr32fxqi_timer.o(.ARM.exidx.text.TIMER_ChnOutStructInit), (8 bytes).
    Removing mdr32fxqi_timer.o(.text.TIMER_ChnOutConfig), (28 bytes).
    Removing mdr32fxqi_timer.o(.ARM.exidx.text.TIMER_ChnOutConfig), (8 bytes).
    Removing mdr32fxqi_timer.o(.text.TIMER_ChnOutSourceConfig), (18 bytes).
    Removing mdr32fxqi_timer.o(.ARM.exidx.text.TIMER_ChnOutSourceConfig), (8 bytes).
    Removing mdr32fxqi_timer.o(.text.TIMER_ChnOutModeConfig), (16 bytes).
    Removing mdr32fxqi_timer.o(.ARM.exidx.text.TIMER_ChnOutModeConfig), (8 bytes).
    Removing mdr32fxqi_timer.o(.text.TIMER_ChnOutPolarityConfig), (18 bytes).
    Removing mdr32fxqi_timer.o(.ARM.exidx.text.TIMER_ChnOutPolarityConfig), (8 bytes).
    Removing mdr32fxqi_timer.o(.text.TIMER_ChnNOutConfig), (30 bytes).
    Removing mdr32fxqi_timer.o(.ARM.exidx.text.TIMER_ChnNOutConfig), (8 bytes).
    Removing mdr32fxqi_timer.o(.text.TIMER_ChnNOutSourceConfig), (18 bytes).
    Removing mdr32fxqi_timer.o(.ARM.exidx.text.TIMER_ChnNOutSourceConfig), (8 bytes).
    Removing mdr32fxqi_timer.o(.text.TIMER_ChnNOutModeConfig), (18 bytes).
    Removing mdr32fxqi_timer.o(.ARM.exidx.text.TIMER_ChnNOutModeConfig), (8 bytes).
    Removing mdr32fxqi_timer.o(.text.TIMER_ChnNOutPolarityConfig), (18 bytes).
    Removing mdr32fxqi_timer.o(.ARM.exidx.text.TIMER_ChnNOutPolarityConfig), (8 bytes).
    Removing mdr32fxqi_timer.o(.text.TIMER_ChnOutDTGConfig), (20 bytes).
    Removing mdr32fxqi_timer.o(.ARM.exidx.text.TIMER_ChnOutDTGConfig), (8 bytes).
    Removing mdr32fxqi_timer.o(.text.TIMER_GetStatus), (4 bytes).
    Removing mdr32fxqi_timer.o(.ARM.exidx.text.TIMER_GetStatus), (8 bytes).
    Removing mdr32fxqi_timer.o(.text.TIMER_GetFlagStatus), (10 bytes).
    Removing mdr32fxqi_timer.o(.ARM.exidx.text.TIMER_GetFlagStatus), (8 bytes).
    Removing mdr32fxqi_timer.o(.ARM.exidx.text.TIMER_ClearFlag), (8 bytes).
    Removing mdr32fxqi_timer.o(.text.TIMER_DMACmd), (20 bytes).
    Removing mdr32fxqi_timer.o(.ARM.exidx.text.TIMER_DMACmd), (8 bytes).
    Removing mdr32fxqi_timer.o(.ARM.exidx.text.TIMER_ITConfig), (8 bytes).
    Removing mdr32fxqi_timer.o(.ARM.exidx.text.TIMER_GetITStatus), (8 bytes).
    Removing mdr32fxqi_timer.o(.ARM.exidx.text.TIMER_BRGInit), (8 bytes).

322 unused section(s) (total 5737 bytes) removed from the image.

==============================================================================

Image Symbol Table

    Local Symbols

    Symbol Name                              Value     Ov Type        Size  Object(Section)

    ../clib/angel/boardlib.s                 0x00000000   Number         0  boardinit1.o ABSOLUTE
    ../clib/angel/boardlib.s                 0x00000000   Number         0  boardinit2.o ABSOLUTE
    ../clib/angel/boardlib.s                 0x00000000   Number         0  boardinit3.o ABSOLUTE
    ../clib/angel/boardlib.s                 0x00000000   Number         0  boardshut.o ABSOLUTE
    ../clib/angel/handlers.s                 0x00000000   Number         0  __scatter_copy.o ABSOLUTE
    ../clib/angel/handlers.s                 0x00000000   Number         0  __scatter_zi.o ABSOLUTE
    ../clib/angel/kernel.s                   0x00000000   Number         0  __rtentry.o ABSOLUTE
    ../clib/angel/kernel.s                   0x00000000   Number         0  __rtentry2.o ABSOLUTE
    ../clib/angel/kernel.s                   0x00000000   Number         0  __rtentry4.o ABSOLUTE
    ../clib/angel/kernel.s                   0x00000000   Number         0  rtexit.o ABSOLUTE
    ../clib/angel/kernel.s                   0x00000000   Number         0  rtexit2.o ABSOLUTE
    ../clib/angel/rt.s                       0x00000000   Number         0  rt_errno_addr.o ABSOLUTE
    ../clib/angel/rt.s                       0x00000000   Number         0  rt_errno_addr_intlibspace.o ABSOLUTE
    ../clib/angel/rt.s                       0x00000000   Number         0  rt_raise.o ABSOLUTE
    ../clib/angel/scatter.s                  0x00000000   Number         0  __scatter.o ABSOLUTE
    ../clib/angel/startup.s                  0x00000000   Number         0  __main.o ABSOLUTE
    ../clib/angel/sys.s                      0x00000000   Number         0  libspace.o ABSOLUTE
    ../clib/angel/sys.s                      0x00000000   Number         0  sys_stackheap_outer.o ABSOLUTE
    ../clib/angel/sys.s                      0x00000000   Number         0  use_no_semi.o ABSOLUTE
    ../clib/angel/sys.s                      0x00000000   Number         0  indicate_semi.o ABSOLUTE
    ../clib/angel/sysapp.c                   0x00000000   Number         0  sys_exit.o ABSOLUTE
    ../clib/angel/sysapp.c                   0x00000000   Number         0  sys_exit_hlt.o ABSOLUTE
    ../clib/angel/sysapp.c                   0x00000000   Number         0  sys_command.o ABSOLUTE
    ../clib/angel/sysapp.c                   0x00000000   Number         0  sys_command_hlt.o ABSOLUTE
    ../clib/angel/sysapp.c                   0x00000000   Number         0  sys_wrch.o ABSOLUTE
    ../clib/angel/sysapp.c                   0x00000000   Number         0  sys_wrch_hlt.o ABSOLUTE
    ../clib/armsys.c                         0x00000000   Number         0  argv_veneer.o ABSOLUTE
    ../clib/armsys.c                         0x00000000   Number         0  argv_veneer.o ABSOLUTE
    ../clib/armsys.c                         0x00000000   Number         0  _get_argv_nomalloc.o ABSOLUTE
    ../clib/armsys.c                         0x00000000   Number         0  no_argv.o ABSOLUTE
    ../clib/fenv.c                           0x00000000   Number         0  _rserrno.o ABSOLUTE
    ../clib/heapalloc.c                      0x00000000   Number         0  hrguard.o ABSOLUTE
    ../clib/heapaux.c                        0x00000000   Number         0  heapauxi.o ABSOLUTE
    ../clib/libinit.s                        0x00000000   Number         0  libinit.o ABSOLUTE
    ../clib/libinit.s                        0x00000000   Number         0  libinit2.o ABSOLUTE
    ../clib/libinit.s                        0x00000000   Number         0  libshutdown.o ABSOLUTE
    ../clib/libinit.s                        0x00000000   Number         0  libshutdown2.o ABSOLUTE
    ../clib/memcpset.s                       0x00000000   Number         0  rt_memmove_v6.o ABSOLUTE
    ../clib/memcpset.s                       0x00000000   Number         0  rt_memcpy_v6.o ABSOLUTE
    ../clib/memcpset.s                       0x00000000   Number         0  rt_memmove_w.o ABSOLUTE
    ../clib/memcpset.s                       0x00000000   Number         0  rt_memcpy_w.o ABSOLUTE
    ../clib/signal.c                         0x00000000   Number         0  defsig_rtmem_outer.o ABSOLUTE
    ../clib/signal.c                         0x00000000   Number         0  defsig_rtmem_formal.o ABSOLUTE
    ../clib/signal.c                         0x00000000   Number         0  defsig_exit.o ABSOLUTE
    ../clib/signal.c                         0x00000000   Number         0  defsig_rtmem_inner.o ABSOLUTE
    ../clib/signal.c                         0x00000000   Number         0  __raise.o ABSOLUTE
    ../clib/signal.c                         0x00000000   Number         0  defsig_general.o ABSOLUTE
    ../clib/signal.c                         0x00000000   Number         0  defsig_abrt_inner.o ABSOLUTE
    ../clib/signal.c                         0x00000000   Number         0  defsig_fpe_inner.o ABSOLUTE
    ../clib/signal.c                         0x00000000   Number         0  defsig_rtred_inner.o ABSOLUTE
    ../clib/signal.c                         0x00000000   Number         0  defsig_stak_inner.o ABSOLUTE
    ../clib/signal.c                         0x00000000   Number         0  defsig_pvfn_inner.o ABSOLUTE
    ../clib/signal.c                         0x00000000   Number         0  defsig_cppl_inner.o ABSOLUTE
    ../clib/signal.c                         0x00000000   Number         0  defsig_segv_inner.o ABSOLUTE
    ../clib/signal.c                         0x00000000   Number         0  defsig_other.o ABSOLUTE
    ../clib/signal.s                         0x00000000   Number         0  defsig.o ABSOLUTE
    ../clib/stdlib.c                         0x00000000   Number         0  exit.o ABSOLUTE
    ../clib/string.c                         0x00000000   Number         0  strncmp.o ABSOLUTE
    ../fplib/faddsub.s                       0x00000000   Number         0  faddsub_clz.o ABSOLUTE
    ../fplib/fcheck1.s                       0x00000000   Number         0  fcheck1.o ABSOLUTE
    ../fplib/fdiv.s                          0x00000000   Number         0  fdiv.o ABSOLUTE
    ../fplib/ffix.s                          0x00000000   Number         0  ffix.o ABSOLUTE
    ../fplib/ffixu.s                         0x00000000   Number         0  ffixu.o ABSOLUTE
    ../fplib/fflt.s                          0x00000000   Number         0  fflt_clz.o ABSOLUTE
    ../fplib/fmul.s                          0x00000000   Number         0  fmul.o ABSOLUTE
    ../fplib/fnaninf.s                       0x00000000   Number         0  fnaninf.o ABSOLUTE
    ../fplib/fpinit.s                        0x00000000   Number         0  fpinit.o ABSOLUTE
    ../fplib/fpinit_empty.s                  0x00000000   Number         0  fpinit_empty.o ABSOLUTE
    ../fplib/fretinf.s                       0x00000000   Number         0  fretinf.o ABSOLUTE
    ../fplib/frnd.s                          0x00000000   Number         0  frnd.o ABSOLUTE
    ../fplib/retnan.s                        0x00000000   Number         0  retnan.o ABSOLUTE
    ../fplib/scalbnf.s                       0x00000000   Number         0  scalbnf.o ABSOLUTE
    ../fplib/trapv.s                         0x00000000   Number         0  trapv.o ABSOLUTE
    ../fplib/usenofp.s                       0x00000000   Number         0  usenofp.o ABSOLUTE
    ../mathlib/fpclassifyf.c                 0x00000000   Number         0  fpclassifyf.o ABSOLUTE
    ../mathlib/funder.c                      0x00000000   Number         0  funder.o ABSOLUTE
    ../mathlib/rredf.c                       0x00000000   Number         0  rredf.o ABSOLUTE
    ../mathlib/sinf.c                        0x00000000   Number         0  sinf.o ABSOLUTE
    App.c                                    0x00000000   Number         0  app.o ABSOLUTE
    MDR32FxQI_port.c                         0x00000000   Number         0  mdr32fxqi_port.o ABSOLUTE
    MDR32FxQI_rst_clk.c                      0x00000000   Number         0  mdr32fxqi_rst_clk.o ABSOLUTE
    MDR32FxQI_timer.c                        0x00000000   Number         0  mdr32fxqi_timer.o ABSOLUTE
    RTE\Device\MDR32F9Q2I\startup_MDR32F9Q2I.S 0x00000000   Number         0  startup_mdr32f9q2i.o ABSOLUTE
    button.c                                 0x00000000   Number         0  button.o ABSOLUTE
    dc.s                                     0x00000000   Number         0  dc.o ABSOLUTE
    hardware_drivers.c                       0x00000000   Number         0  hardware_drivers.o ABSOLUTE
    keyboard_driver.c                        0x00000000   Number         0  keyboard_driver.o ABSOLUTE
    leds.c                                   0x00000000   Number         0  leds.o ABSOLUTE
    main.c                                   0x00000000   Number         0  main.o ABSOLUTE
    seg7_display.c                           0x00000000   Number         0  seg7_display.o ABSOLUTE
    system_MDR32F9Q2I.c                      0x00000000   Number         0  system_mdr32f9q2i.o ABSOLUTE
    RESET                                    0x08000000   Section      192  startup_mdr32f9q2i.o(RESET)
    !!!main                                  0x080000c0   Section        8  __main.o(!!!main)
    !!!scatter                               0x080000c8   Section       52  __scatter.o(!!!scatter)
    !!handler_copy                           0x080000fc   Section       26  __scatter_copy.o(!!handler_copy)
    !!handler_zi                             0x08000118   Section       28  __scatter_zi.o(!!handler_zi)
    .ARM.Collect$$libinit$$00000000          0x08000134   Section        2  libinit.o(.ARM.Collect$$libinit$$00000000)
    .ARM.Collect$$libinit$$00000002          0x08000136   Section        0  libinit2.o(.ARM.Collect$$libinit$$00000002)
    .ARM.Collect$$libinit$$00000004          0x08000136   Section        0  libinit2.o(.ARM.Collect$$libinit$$00000004)
    .ARM.Collect$$libinit$$00000006          0x08000136   Section        0  libinit2.o(.ARM.Collect$$libinit$$00000006)
    .ARM.Collect$$libinit$$0000000C          0x08000136   Section        0  libinit2.o(.ARM.Collect$$libinit$$0000000C)
    .ARM.Collect$$libinit$$0000000E          0x08000136   Section        0  libinit2.o(.ARM.Collect$$libinit$$0000000E)
    .ARM.Collect$$libinit$$00000010          0x08000136   Section        0  libinit2.o(.ARM.Collect$$libinit$$00000010)
    .ARM.Collect$$libinit$$00000013          0x08000136   Section        0  libinit2.o(.ARM.Collect$$libinit$$00000013)
    .ARM.Collect$$libinit$$00000015          0x08000136   Section        0  libinit2.o(.ARM.Collect$$libinit$$00000015)
    .ARM.Collect$$libinit$$00000017          0x08000136   Section        0  libinit2.o(.ARM.Collect$$libinit$$00000017)
    .ARM.Collect$$libinit$$00000019          0x08000136   Section        0  libinit2.o(.ARM.Collect$$libinit$$00000019)
    .ARM.Collect$$libinit$$0000001B          0x08000136   Section        0  libinit2.o(.ARM.Collect$$libinit$$0000001B)
    .ARM.Collect$$libinit$$0000001D          0x08000136   Section        0  libinit2.o(.ARM.Collect$$libinit$$0000001D)
    .ARM.Collect$$libinit$$0000001F          0x08000136   Section        0  libinit2.o(.ARM.Collect$$libinit$$0000001F)
    .ARM.Collect$$libinit$$00000021          0x08000136   Section        0  libinit2.o(.ARM.Collect$$libinit$$00000021)
    .ARM.Collect$$libinit$$00000023          0x08000136   Section        0  libinit2.o(.ARM.Collect$$libinit$$00000023)
    .ARM.Collect$$libinit$$00000025          0x08000136   Section        0  libinit2.o(.ARM.Collect$$libinit$$00000025)
    .ARM.Collect$$libinit$$00000027          0x08000136   Section        0  libinit2.o(.ARM.Collect$$libinit$$00000027)
    .ARM.Collect$$libinit$$0000002E          0x08000136   Section        0  libinit2.o(.ARM.Collect$$libinit$$0000002E)
    .ARM.Collect$$libinit$$00000030          0x08000136   Section        0  libinit2.o(.ARM.Collect$$libinit$$00000030)
    .ARM.Collect$$libinit$$00000032          0x08000136   Section        0  libinit2.o(.ARM.Collect$$libinit$$00000032)
    .ARM.Collect$$libinit$$00000034          0x08000136   Section        0  libinit2.o(.ARM.Collect$$libinit$$00000034)
    .ARM.Collect$$libinit$$00000035          0x08000136   Section        2  libinit2.o(.ARM.Collect$$libinit$$00000035)
    .ARM.Collect$$libshutdown$$00000000      0x08000138   Section        2  libshutdown.o(.ARM.Collect$$libshutdown$$00000000)
    .ARM.Collect$$libshutdown$$00000002      0x0800013a   Section        0  libshutdown2.o(.ARM.Collect$$libshutdown$$00000002)
    .ARM.Collect$$libshutdown$$00000004      0x0800013a   Section        0  libshutdown2.o(.ARM.Collect$$libshutdown$$00000004)
    .ARM.Collect$$libshutdown$$00000007      0x0800013a   Section        0  libshutdown2.o(.ARM.Collect$$libshutdown$$00000007)
    .ARM.Collect$$libshutdown$$0000000A      0x0800013a   Section        0  libshutdown2.o(.ARM.Collect$$libshutdown$$0000000A)
    .ARM.Collect$$libshutdown$$0000000C      0x0800013a   Section        0  libshutdown2.o(.ARM.Collect$$libshutdown$$0000000C)
    .ARM.Collect$$libshutdown$$0000000F      0x0800013a   Section        0  libshutdown2.o(.ARM.Collect$$libshutdown$$0000000F)
    .ARM.Collect$$libshutdown$$00000010      0x0800013a   Section        2  libshutdown2.o(.ARM.Collect$$libshutdown$$00000010)
    .ARM.Collect$$rtentry$$00000000          0x0800013c   Section        0  __rtentry.o(.ARM.Collect$$rtentry$$00000000)
    .ARM.Collect$$rtentry$$00000002          0x0800013c   Section        0  __rtentry2.o(.ARM.Collect$$rtentry$$00000002)
    .ARM.Collect$$rtentry$$00000004          0x0800013c   Section        6  __rtentry4.o(.ARM.Collect$$rtentry$$00000004)
    .ARM.Collect$$rtentry$$00000009          0x08000142   Section        0  __rtentry2.o(.ARM.Collect$$rtentry$$00000009)
    .ARM.Collect$$rtentry$$0000000A          0x08000142   Section        4  __rtentry2.o(.ARM.Collect$$rtentry$$0000000A)
    .ARM.Collect$$rtentry$$0000000C          0x08000146   Section        0  __rtentry2.o(.ARM.Collect$$rtentry$$0000000C)
    .ARM.Collect$$rtentry$$0000000D          0x08000146   Section        8  __rtentry2.o(.ARM.Collect$$rtentry$$0000000D)
    .ARM.Collect$$rtexit$$00000000           0x0800014e   Section        2  rtexit.o(.ARM.Collect$$rtexit$$00000000)
    .ARM.Collect$$rtexit$$00000002           0x08000150   Section        0  rtexit2.o(.ARM.Collect$$rtexit$$00000002)
    .ARM.Collect$$rtexit$$00000003           0x08000150   Section        4  rtexit2.o(.ARM.Collect$$rtexit$$00000003)
    .ARM.Collect$$rtexit$$00000004           0x08000154   Section        6  rtexit2.o(.ARM.Collect$$rtexit$$00000004)
    .text                                    0x0800015c   Section      104  startup_mdr32f9q2i.o(.text)
    .text                                    0x080001c4   Section        0  strncmp.o(.text)
    .text                                    0x0800025a   Section      132  rt_memmove_v6.o(.text)
    .text                                    0x080002de   Section        0  heapauxi.o(.text)
    .text                                    0x080002e4   Section        0  _rserrno.o(.text)
    .text                                    0x080002fa   Section      138  rt_memcpy_v6.o(.text)
    .text                                    0x08000384   Section      122  rt_memmove_w.o(.text)
    .text                                    0x08000400   Section        8  rt_errno_addr_intlibspace.o(.text)
    .text                                    0x08000408   Section      100  rt_memcpy_w.o(.text)
    .text                                    0x0800046c   Section        8  libspace.o(.text)
    .text                                    0x08000474   Section       74  sys_stackheap_outer.o(.text)
    .text                                    0x080004be   Section        0  exit.o(.text)
    .text                                    0x080004d0   Section        0  sys_exit.o(.text)
    .text                                    0x080004dc   Section        2  use_no_semi.o(.text)
    .text                                    0x080004de   Section        0  indicate_semi.o(.text)
    [Anonymous Symbol]                       0x080004e0   Section        0  main.o(.text.App_MainProcess)
    [Anonymous Symbol]                       0x08000588   Section        0  button.o(.text.Buttons_GetStartStopEvent)
    [Anonymous Symbol]                       0x08000598   Section        0  button.o(.text.Buttons_Init)
    [Anonymous Symbol]                       0x080005ec   Section        0  button.o(.text.Buttons_Process)
    [Anonymous Symbol]                       0x08000668   Section        0  hardware_drivers.o(.text.HD_Delay_Init)
    [Anonymous Symbol]                       0x08000690   Section        0  hardware_drivers.o(.text.HD_Delay_ms_blocking)
    [Anonymous Symbol]                       0x080006b0   Section        0  hardware_drivers.o(.text.HD_GetTick)
    [Anonymous Symbol]                       0x080006bc   Section        0  hardware_drivers.o(.text.HD_System_Init)
    [Anonymous Symbol]                       0x08000758   Section        0  hardware_drivers.o(.text.HD_Timer1_Init)
    [Anonymous Symbol]                       0x080007e0   Section        0  keyboard_driver.o(.text.Keyboard_Init)
    [Anonymous Symbol]                       0x08000894   Section        0  keyboard_driver.o(.text.Keyboard_Process)
    keypadReadRaw.keymap                     0x080009a8   Number         0  keyboard_driver.o(.text.Keyboard_Process)
    [Anonymous Symbol]                       0x080009b8   Section        0  leds.o(.text.LED_AllOff)
    [Anonymous Symbol]                       0x080009e8   Section        0  leds.o(.text.LED_AllOn)
    [Anonymous Symbol]                       0x08000a14   Section        0  leds.o(.text.LED_Init)
    [Anonymous Symbol]                       0x08000a94   Section        0  leds.o(.text.LED_On)
    [Anonymous Symbol]                       0x08000ac0   Section        0  leds.o(.text.LED_Process)
    [Anonymous Symbol]                       0x08000c8c   Section        0  mdr32fxqi_port.o(.text.PORT_Init)
    [Anonymous Symbol]                       0x08000de0   Section        0  mdr32fxqi_port.o(.text.PORT_ReadInputDataBit)
    [Anonymous Symbol]                       0x08000dec   Section        0  mdr32fxqi_port.o(.text.PORT_ResetBits)
    [Anonymous Symbol]                       0x08000e04   Section        0  mdr32fxqi_port.o(.text.PORT_SetBits)
    [Anonymous Symbol]                       0x08000e1c   Section        0  mdr32fxqi_rst_clk.o(.text.RST_CLK_PCLKcmd)
    [Anonymous Symbol]                       0x08000e34   Section        0  seg7_display.o(.text.SEG7_ClearBuffer)
    [Anonymous Symbol]                       0x08000e44   Section        0  seg7_display.o(.text.SEG7_Init)
    [Anonymous Symbol]                       0x08000f04   Section        0  seg7_display.o(.text.SEG7_Process)
    [Anonymous Symbol]                       0x08000f4c   Section        0  seg7_display.o(.text.SEG7_PushSymbol)
    [Anonymous Symbol]                       0x08000f64   Section        0  seg7_display.o(.text.SEG7_SetBuffer)
    [Anonymous Symbol]                       0x08000f8c   Section        0  seg7_display.o(.text.SEG7_ShowSymbol)
    [Anonymous Symbol]                       0x0800101c   Section        0  hardware_drivers.o(.text.SysTick_Handler)
    [Anonymous Symbol]                       0x0800102c   Section        0  system_mdr32f9q2i.o(.text.SystemInit)
    [Anonymous Symbol]                       0x080010cc   Section        0  mdr32fxqi_timer.o(.text.TIMER_BRGInit)
    [Anonymous Symbol]                       0x08001138   Section        0  mdr32fxqi_timer.o(.text.TIMER_ClearFlag)
    [Anonymous Symbol]                       0x08001140   Section        0  mdr32fxqi_timer.o(.text.TIMER_Cmd)
    [Anonymous Symbol]                       0x08001150   Section        0  mdr32fxqi_timer.o(.text.TIMER_CntInit)
    [Anonymous Symbol]                       0x0800118c   Section        0  mdr32fxqi_timer.o(.text.TIMER_CntStructInit)
    [Anonymous Symbol]                       0x0800119c   Section        0  mdr32fxqi_timer.o(.text.TIMER_GetITStatus)
    [Anonymous Symbol]                       0x080011ac   Section        0  mdr32fxqi_timer.o(.text.TIMER_ITConfig)
    [Anonymous Symbol]                       0x080011c0   Section        0  hardware_drivers.o(.text.Timer1_IRQHandler)
    [Anonymous Symbol]                       0x08001214   Section        0  main.o(.text.check_code)
    [Anonymous Symbol]                       0x0800133c   Section        0  main.o(.text.init_locker_system)
    [Anonymous Symbol]                       0x080013dc   Section        0  keyboard_driver.o(.text.keypadRead)
    [Anonymous Symbol]                       0x080013e8   Section        0  main.o(.text.lock_keypad_temporary)
    [Anonymous Symbol]                       0x08001420   Section        0  main.o(.text.main)
    [Anonymous Symbol]                       0x08001428   Section        0  main.o(.text.process_button)
    [Anonymous Symbol]                       0x08001584   Section        0  main.o(.text.process_keypad)
    [Anonymous Symbol]                       0x08001774   Section        0  seg7_display.o(.text.select_digit)
    set_segments_from_table                  0x080017d1   Thumb Code   134  seg7_display.o(.text.set_segments_from_table)
    [Anonymous Symbol]                       0x080017d0   Section        0  seg7_display.o(.text.set_segments_from_table)
    [Anonymous Symbol]                       0x08001858   Section        0  main.o(.text.update_leds)
    i.__ARM_fpclassifyf                      0x0800189e   Section        0  fpclassifyf.o(i.__ARM_fpclassifyf)
    i.__mathlib_flt_infnan                   0x080018c4   Section        0  funder.o(i.__mathlib_flt_infnan)
    i.__mathlib_flt_invalid                  0x080018ca   Section        0  funder.o(i.__mathlib_flt_invalid)
    i.__mathlib_flt_underflow                0x080018d2   Section        0  funder.o(i.__mathlib_flt_underflow)
    i.__mathlib_rredf2                       0x080018dc   Section        0  rredf.o(i.__mathlib_rredf2)
    i.sinf                                   0x08001a44   Section        0  sinf.o(i.sinf)
    x$fpl$fadd                               0x08001bcc   Section      196  faddsub_clz.o(x$fpl$fadd)
    _fadd1                                   0x08001bdb   Thumb Code     0  faddsub_clz.o(x$fpl$fadd)
    x$fpl$fcheck1                            0x08001c90   Section       12  fcheck1.o(x$fpl$fcheck1)
    _fdiv1                                   0x08001c9d   Thumb Code     0  fdiv.o(x$fpl$fdiv)
    x$fpl$fdiv                               0x08001c9c   Section      388  fdiv.o(x$fpl$fdiv)
    x$fpl$ffix                               0x08001e20   Section       54  ffix.o(x$fpl$ffix)
    x$fpl$ffixu                              0x08001e58   Section       62  ffixu.o(x$fpl$ffixu)
    x$fpl$fflt                               0x08001e98   Section       48  fflt_clz.o(x$fpl$fflt)
    x$fpl$ffltu                              0x08001ec8   Section       38  fflt_clz.o(x$fpl$ffltu)
    x$fpl$fmul                               0x08001ef0   Section      258  fmul.o(x$fpl$fmul)
    x$fpl$fnaninf                            0x08001ff2   Section      140  fnaninf.o(x$fpl$fnaninf)
    x$fpl$fretinf                            0x0800207e   Section       10  fretinf.o(x$fpl$fretinf)
    x$fpl$frnd                               0x08002088   Section       96  frnd.o(x$fpl$frnd)
    x$fpl$frsb                               0x080020e8   Section       20  faddsub_clz.o(x$fpl$frsb)
    x$fpl$fsub                               0x080020fc   Section      234  faddsub_clz.o(x$fpl$fsub)
    _fsub1                                   0x0800210b   Thumb Code     0  faddsub_clz.o(x$fpl$fsub)
    x$fpl$retnan                             0x080021e6   Section      100  retnan.o(x$fpl$retnan)
    x$fpl$scalbnf                            0x0800224a   Section       76  scalbnf.o(x$fpl$scalbnf)
    x$fpl$trapveneer                         0x08002296   Section       48  trapv.o(x$fpl$trapveneer)
    x$fpl$usenofp                            0x080022c6   Section        0  usenofp.o(x$fpl$usenofp)
    twooverpi                                0x080022c8   Data          32  rredf.o(.constdata)
    .constdata                               0x080022c8   Section       32  rredf.o(.constdata)
    alphaTable                               0x080022e8   Data         208  seg7_display.o(.rodata.alphaTable)
    [Anonymous Symbol]                       0x080022e8   Section        0  seg7_display.o(.rodata.alphaTable)
    row                                      0x080023b8   Data          32  keyboard_driver.o(.rodata.cst32)
    [Anonymous Symbol]                       0x080023b8   Section        0  keyboard_driver.o(.rodata.cst32)
    col                                      0x080023d8   Data          32  keyboard_driver.o(.rodata.cst32)
    digitTable                               0x080023f8   Data          80  seg7_display.o(.rodata.digitTable)
    [Anonymous Symbol]                       0x080023f8   Section        0  seg7_display.o(.rodata.digitTable)
    specialTable                             0x08002448   Data          16  seg7_display.o(.rodata.specialTable)
    [Anonymous Symbol]                       0x08002448   Section        0  seg7_display.o(.rodata.specialTable)
    .L.str.3                                 0x08002458   Data           5  main.o(.rodata.str1.1)
    [Anonymous Symbol]                       0x08002458   Section        0  main.o(.rodata.str1.1)
    LED_Config                               0x20000000   Data          64  leds.o(.data.LED_Config)
    [Anonymous Symbol]                       0x20000000   Section        0  leds.o(.data.LED_Config)
    master_code                              0x20000048   Data           7  main.o(.data.master_code)
    [Anonymous Symbol]                       0x20000048   Section        0  main.o(.data.master_code)
    pwm_period                               0x20000050   Data           4  leds.o(.data.pwm_period)
    [Anonymous Symbol]                       0x20000050   Section        0  leds.o(.data.pwm_period)
    wave_speed                               0x20000054   Data           4  leds.o(.data.wave_speed)
    [Anonymous Symbol]                       0x20000054   Section        0  leds.o(.data.wave_speed)
    .bss                                     0x20000058   Section       96  libspace.o(.bss)
    App_MainProcess.last_key                 0x200000b8   Data           1  main.o(.bss.App_MainProcess.last_key)
    [Anonymous Symbol]                       0x200000b8   Section        0  main.o(.bss.App_MainProcess.last_key)
    SEG7_Process.last_update                 0x200000bc   Data           4  seg7_display.o(.bss.SEG7_Process.last_update)
    [Anonymous Symbol]                       0x200000bc   Section        0  seg7_display.o(.bss.SEG7_Process.last_update)
    Timer1_IRQHandler.main_process_counter   0x200000c0   Data           1  hardware_drivers.o(.bss.Timer1_IRQHandler.main_process_counter)
    [Anonymous Symbol]                       0x200000c0   Section        0  hardware_drivers.o(.bss.Timer1_IRQHandler.main_process_counter)
    button_start_stop                        0x200000c4   Data          16  button.o(.bss.button_start_stop)
    [Anonymous Symbol]                       0x200000c4   Section        0  button.o(.bss.button_start_stop)
    current_digit                            0x200000d4   Data           1  seg7_display.o(.bss.current_digit)
    [Anonymous Symbol]                       0x200000d4   Section        0  seg7_display.o(.bss.current_digit)
    current_led                              0x200000d5   Data           1  leds.o(.bss.current_led)
    [Anonymous Symbol]                       0x200000d5   Section        0  leds.o(.bss.current_led)
    current_state                            0x200000d6   Data           1  main.o(.bss.current_state)
    [Anonymous Symbol]                       0x200000d6   Section        0  main.o(.bss.current_state)
    debounce_start_time                      0x200000d8   Data           4  keyboard_driver.o(.bss.debounce_start_time)
    [Anonymous Symbol]                       0x200000d8   Section        0  keyboard_driver.o(.bss.debounce_start_time)
    debounced_key                            0x200000dc   Data           1  keyboard_driver.o(.bss.debounced_key)
    [Anonymous Symbol]                       0x200000dc   Section        0  keyboard_driver.o(.bss.debounced_key)
    display_digits                           0x200000e0   Data           4  seg7_display.o(.bss.display_digits)
    [Anonymous Symbol]                       0x200000e0   Section        0  seg7_display.o(.bss.display_digits)
    full_buffer_index                        0x200000e4   Data           1  main.o(.bss.full_buffer_index)
    [Anonymous Symbol]                       0x200000e4   Section        0  main.o(.bss.full_buffer_index)
    input_buffer                             0x200000e8   Data          21  main.o(.bss.input_buffer)
    [Anonymous Symbol]                       0x200000e8   Section        0  main.o(.bss.input_buffer)
    input_index                              0x200000fd   Data           1  main.o(.bss.input_index)
    [Anonymous Symbol]                       0x200000fd   Section        0  main.o(.bss.input_index)
    is_buffer_locked                         0x200000fe   Data           1  main.o(.bss.is_buffer_locked)
    [Anonymous Symbol]                       0x200000fe   Section        0  main.o(.bss.is_buffer_locked)
    is_keypad_locked                         0x200000ff   Data           1  main.o(.bss.is_keypad_locked)
    [Anonymous Symbol]                       0x200000ff   Section        0  main.o(.bss.is_keypad_locked)
    keypad_lock_start                        0x20000100   Data           4  main.o(.bss.keypad_lock_start)
    [Anonymous Symbol]                       0x20000100   Section        0  main.o(.bss.keypad_lock_start)
    last_pwm_update                          0x20000104   Data           4  leds.o(.bss.last_pwm_update)
    [Anonymous Symbol]                       0x20000104   Section        0  leds.o(.bss.last_pwm_update)
    last_raw_key                             0x20000108   Data           1  keyboard_driver.o(.bss.last_raw_key)
    [Anonymous Symbol]                       0x20000108   Section        0  keyboard_driver.o(.bss.last_raw_key)
    led_on_time                              0x2000010c   Data           4  leds.o(.bss.led_on_time)
    [Anonymous Symbol]                       0x2000010c   Section        0  leds.o(.bss.led_on_time)
    pwm_counter                              0x20000110   Data           4  leds.o(.bss.pwm_counter)
    [Anonymous Symbol]                       0x20000110   Section        0  leds.o(.bss.pwm_counter)
    sequence_active                          0x20000114   Data           1  leds.o(.bss.sequence_active)
    [Anonymous Symbol]                       0x20000114   Section        0  leds.o(.bss.sequence_active)
    sequence_start_time                      0x20000118   Data           4  leds.o(.bss.sequence_start_time)
    [Anonymous Symbol]                       0x20000118   Section        0  leds.o(.bss.sequence_start_time)
    set_led_pwm.pwm_step                     0x2000011c   Data          16  leds.o(.bss.set_led_pwm.pwm_step)
    [Anonymous Symbol]                       0x2000011c   Section        0  leds.o(.bss.set_led_pwm.pwm_step)
    tick_counter                             0x2000012c   Data           4  hardware_drivers.o(.bss.tick_counter)
    [Anonymous Symbol]                       0x2000012c   Section        0  hardware_drivers.o(.bss.tick_counter)
    wave_active                              0x20000130   Data           1  leds.o(.bss.wave_active)
    [Anonymous Symbol]                       0x20000130   Section        0  leds.o(.bss.wave_active)
    Heap_Mem                                 0x20000138   Data         512  startup_mdr32f9q2i.o(HEAP)
    HEAP                                     0x20000138   Section      512  startup_mdr32f9q2i.o(HEAP)
    Stack_Mem                                0x20000338   Data        1024  startup_mdr32f9q2i.o(STACK)
    STACK                                    0x20000338   Section     1024  startup_mdr32f9q2i.o(STACK)
    __initial_sp                             0x20000738   Data           0  startup_mdr32f9q2i.o(STACK)

    Global Symbols

    Symbol Name                              Value     Ov Type        Size  Object(Section)

    BuildAttributes$$THM_ISAv4$P$D$K$B$S$PE$A:L22UL41UL21$X:L11$S22US41US21$IEEE1$IW$~IW$USESV6$~STKCKD$USESV7$~SHL$OTIME$ROPI$IEEEX$EBA8$UX$STANDARDLIB$REQ8$PRES8$EABIv2 0x00000000   Number         0  anon$$obj.o ABSOLUTE
    __fp_init_empty                          0x00000000   Number         0  fpinit_empty.o ABSOLUTE
    __ARM_exceptions_init                     - Undefined Weak Reference
    __alloca_initialize                       - Undefined Weak Reference
    __arm_preinit_                            - Undefined Weak Reference
    __arm_relocate_pie_                       - Undefined Weak Reference
    __cpp_initialize__aeabi_                  - Undefined Weak Reference
    __cxa_finalize                            - Undefined Weak Reference
    __rt_locale                               - Undefined Weak Reference
    __sigvec_lookup                           - Undefined Weak Reference
    _atexit_init                              - Undefined Weak Reference
    _call_atexit_fns                          - Undefined Weak Reference
    _clock_init                               - Undefined Weak Reference
    _fp_trap_init                             - Undefined Weak Reference
    _fp_trap_shutdown                         - Undefined Weak Reference
    _get_lc_collate                           - Undefined Weak Reference
    _get_lc_ctype                             - Undefined Weak Reference
    _get_lc_monetary                          - Undefined Weak Reference
    _get_lc_numeric                           - Undefined Weak Reference
    _get_lc_time                              - Undefined Weak Reference
    _getenv_init                              - Undefined Weak Reference
    _handle_redirection                       - Undefined Weak Reference
    _init_alloc                               - Undefined Weak Reference
    _init_user_alloc                          - Undefined Weak Reference
    _initio                                   - Undefined Weak Reference
    _rand_init                                - Undefined Weak Reference
    _signal_finish                            - Undefined Weak Reference
    _signal_init                              - Undefined Weak Reference
    _terminate_alloc                          - Undefined Weak Reference
    _terminate_user_alloc                     - Undefined Weak Reference
    _terminateio                              - Undefined Weak Reference
    __Vectors_Size                           0x000000c0   Number         0  startup_mdr32f9q2i.o ABSOLUTE
    __Vectors                                0x08000000   Data           4  startup_mdr32f9q2i.o(RESET)
    __Vectors_End                            0x080000c0   Data           0  startup_mdr32f9q2i.o(RESET)
    __main                                   0x080000c1   Thumb Code     8  __main.o(!!!main)
    __scatterload                            0x080000c9   Thumb Code     0  __scatter.o(!!!scatter)
    __scatterload_rt2                        0x080000c9   Thumb Code    44  __scatter.o(!!!scatter)
    __scatterload_rt2_thumb_only             0x080000c9   Thumb Code     0  __scatter.o(!!!scatter)
    __scatterload_null                       0x080000d7   Thumb Code     0  __scatter.o(!!!scatter)
    __scatterload_copy                       0x080000fd   Thumb Code    26  __scatter_copy.o(!!handler_copy)
    __scatterload_zeroinit                   0x08000119   Thumb Code    28  __scatter_zi.o(!!handler_zi)
    __rt_lib_init                            0x08000135   Thumb Code     0  libinit.o(.ARM.Collect$$libinit$$00000000)
    __rt_lib_init_alloca_1                   0x08000137   Thumb Code     0  libinit2.o(.ARM.Collect$$libinit$$00000030)
    __rt_lib_init_argv_1                     0x08000137   Thumb Code     0  libinit2.o(.ARM.Collect$$libinit$$0000002E)
    __rt_lib_init_atexit_1                   0x08000137   Thumb Code     0  libinit2.o(.ARM.Collect$$libinit$$0000001D)
    __rt_lib_init_clock_1                    0x08000137   Thumb Code     0  libinit2.o(.ARM.Collect$$libinit$$00000023)
    __rt_lib_init_cpp_1                      0x08000137   Thumb Code     0  libinit2.o(.ARM.Collect$$libinit$$00000034)
    __rt_lib_init_exceptions_1               0x08000137   Thumb Code     0  libinit2.o(.ARM.Collect$$libinit$$00000032)
    __rt_lib_init_fp_1                       0x08000137   Thumb Code     0  libinit2.o(.ARM.Collect$$libinit$$00000002)
    __rt_lib_init_fp_trap_1                  0x08000137   Thumb Code     0  libinit2.o(.ARM.Collect$$libinit$$00000021)
    __rt_lib_init_getenv_1                   0x08000137   Thumb Code     0  libinit2.o(.ARM.Collect$$libinit$$00000025)
    __rt_lib_init_heap_1                     0x08000137   Thumb Code     0  libinit2.o(.ARM.Collect$$libinit$$0000000C)
    __rt_lib_init_lc_collate_1               0x08000137   Thumb Code     0  libinit2.o(.ARM.Collect$$libinit$$00000013)
    __rt_lib_init_lc_ctype_1                 0x08000137   Thumb Code     0  libinit2.o(.ARM.Collect$$libinit$$00000015)
    __rt_lib_init_lc_monetary_1              0x08000137   Thumb Code     0  libinit2.o(.ARM.Collect$$libinit$$00000017)
    __rt_lib_init_lc_numeric_1               0x08000137   Thumb Code     0  libinit2.o(.ARM.Collect$$libinit$$00000019)
    __rt_lib_init_lc_time_1                  0x08000137   Thumb Code     0  libinit2.o(.ARM.Collect$$libinit$$0000001B)
    __rt_lib_init_preinit_1                  0x08000137   Thumb Code     0  libinit2.o(.ARM.Collect$$libinit$$00000006)
    __rt_lib_init_rand_1                     0x08000137   Thumb Code     0  libinit2.o(.ARM.Collect$$libinit$$00000010)
    __rt_lib_init_relocate_pie_1             0x08000137   Thumb Code     0  libinit2.o(.ARM.Collect$$libinit$$00000004)
    __rt_lib_init_return                     0x08000137   Thumb Code     0  libinit2.o(.ARM.Collect$$libinit$$00000035)
    __rt_lib_init_signal_1                   0x08000137   Thumb Code     0  libinit2.o(.ARM.Collect$$libinit$$0000001F)
    __rt_lib_init_stdio_1                    0x08000137   Thumb Code     0  libinit2.o(.ARM.Collect$$libinit$$00000027)
    __rt_lib_init_user_alloc_1               0x08000137   Thumb Code     0  libinit2.o(.ARM.Collect$$libinit$$0000000E)
    __rt_lib_shutdown                        0x08000139   Thumb Code     0  libshutdown.o(.ARM.Collect$$libshutdown$$00000000)
    __rt_lib_shutdown_cpp_1                  0x0800013b   Thumb Code     0  libshutdown2.o(.ARM.Collect$$libshutdown$$00000002)
    __rt_lib_shutdown_fp_trap_1              0x0800013b   Thumb Code     0  libshutdown2.o(.ARM.Collect$$libshutdown$$00000007)
    __rt_lib_shutdown_heap_1                 0x0800013b   Thumb Code     0  libshutdown2.o(.ARM.Collect$$libshutdown$$0000000F)
    __rt_lib_shutdown_return                 0x0800013b   Thumb Code     0  libshutdown2.o(.ARM.Collect$$libshutdown$$00000010)
    __rt_lib_shutdown_signal_1               0x0800013b   Thumb Code     0  libshutdown2.o(.ARM.Collect$$libshutdown$$0000000A)
    __rt_lib_shutdown_stdio_1                0x0800013b   Thumb Code     0  libshutdown2.o(.ARM.Collect$$libshutdown$$00000004)
    __rt_lib_shutdown_user_alloc_1           0x0800013b   Thumb Code     0  libshutdown2.o(.ARM.Collect$$libshutdown$$0000000C)
    __rt_entry                               0x0800013d   Thumb Code     0  __rtentry.o(.ARM.Collect$$rtentry$$00000000)
    __rt_entry_presh_1                       0x0800013d   Thumb Code     0  __rtentry2.o(.ARM.Collect$$rtentry$$00000002)
    __rt_entry_sh                            0x0800013d   Thumb Code     0  __rtentry4.o(.ARM.Collect$$rtentry$$00000004)
    __rt_entry_li                            0x08000143   Thumb Code     0  __rtentry2.o(.ARM.Collect$$rtentry$$0000000A)
    __rt_entry_postsh_1                      0x08000143   Thumb Code     0  __rtentry2.o(.ARM.Collect$$rtentry$$00000009)
    __rt_entry_main                          0x08000147   Thumb Code     0  __rtentry2.o(.ARM.Collect$$rtentry$$0000000D)
    __rt_entry_postli_1                      0x08000147   Thumb Code     0  __rtentry2.o(.ARM.Collect$$rtentry$$0000000C)
    __rt_exit                                0x0800014f   Thumb Code     0  rtexit.o(.ARM.Collect$$rtexit$$00000000)
    __rt_exit_ls                             0x08000151   Thumb Code     0  rtexit2.o(.ARM.Collect$$rtexit$$00000003)
    __rt_exit_prels_1                        0x08000151   Thumb Code     0  rtexit2.o(.ARM.Collect$$rtexit$$00000002)
    __rt_exit_exit                           0x08000155   Thumb Code     0  rtexit2.o(.ARM.Collect$$rtexit$$00000004)
    Reset_Handler                            0x0800015d   Thumb Code     8  startup_mdr32f9q2i.o(.text)
    NMI_Handler                              0x08000165   Thumb Code     2  startup_mdr32f9q2i.o(.text)
    HardFault_Handler                        0x08000167   Thumb Code     2  startup_mdr32f9q2i.o(.text)
    MemManage_Handler                        0x08000169   Thumb Code     2  startup_mdr32f9q2i.o(.text)
    BusFault_Handler                         0x0800016b   Thumb Code     2  startup_mdr32f9q2i.o(.text)
    UsageFault_Handler                       0x0800016d   Thumb Code     2  startup_mdr32f9q2i.o(.text)
    SVC_Handler                              0x0800016f   Thumb Code     2  startup_mdr32f9q2i.o(.text)
    DebugMon_Handler                         0x08000171   Thumb Code     2  startup_mdr32f9q2i.o(.text)
    PendSV_Handler                           0x08000173   Thumb Code     2  startup_mdr32f9q2i.o(.text)
    CAN1_IRQHandler                          0x08000177   Thumb Code     2  startup_mdr32f9q2i.o(.text)
    CAN2_IRQHandler                          0x08000179   Thumb Code     2  startup_mdr32f9q2i.o(.text)
    USB_IRQHandler                           0x0800017b   Thumb Code     2  startup_mdr32f9q2i.o(.text)
    DMA_IRQHandler                           0x0800017d   Thumb Code     2  startup_mdr32f9q2i.o(.text)
    UART1_IRQHandler                         0x0800017f   Thumb Code     2  startup_mdr32f9q2i.o(.text)
    UART2_IRQHandler                         0x08000181   Thumb Code     2  startup_mdr32f9q2i.o(.text)
    SSP1_IRQHandler                          0x08000183   Thumb Code     2  startup_mdr32f9q2i.o(.text)
    I2C_IRQHandler                           0x08000185   Thumb Code     2  startup_mdr32f9q2i.o(.text)
    POWER_IRQHandler                         0x08000187   Thumb Code     2  startup_mdr32f9q2i.o(.text)
    WWDG_IRQHandler                          0x08000189   Thumb Code     2  startup_mdr32f9q2i.o(.text)
    Timer2_IRQHandler                        0x0800018d   Thumb Code     2  startup_mdr32f9q2i.o(.text)
    Timer3_IRQHandler                        0x0800018f   Thumb Code     2  startup_mdr32f9q2i.o(.text)
    ADC_IRQHandler                           0x08000191   Thumb Code     2  startup_mdr32f9q2i.o(.text)
    COMPARATOR_IRQHandler                    0x08000193   Thumb Code     2  startup_mdr32f9q2i.o(.text)
    SSP2_IRQHandler                          0x08000195   Thumb Code     2  startup_mdr32f9q2i.o(.text)
    BACKUP_IRQHandler                        0x08000197   Thumb Code     2  startup_mdr32f9q2i.o(.text)
    EXT_INT1_IRQHandler                      0x08000199   Thumb Code     2  startup_mdr32f9q2i.o(.text)
    EXT_INT2_IRQHandler                      0x0800019b   Thumb Code     2  startup_mdr32f9q2i.o(.text)
    EXT_INT3_IRQHandler                      0x0800019d   Thumb Code     2  startup_mdr32f9q2i.o(.text)
    EXT_INT4_IRQHandler                      0x0800019f   Thumb Code     2  startup_mdr32f9q2i.o(.text)
    __user_initial_stackheap                 0x080001a1   Thumb Code     0  startup_mdr32f9q2i.o(.text)
    strncmp                                  0x080001c5   Thumb Code   150  strncmp.o(.text)
    __aeabi_memmove                          0x0800025b   Thumb Code     0  rt_memmove_v6.o(.text)
    __rt_memmove                             0x0800025b   Thumb Code   132  rt_memmove_v6.o(.text)
    __memmove_lastfew                        0x080002bb   Thumb Code     0  rt_memmove_v6.o(.text)
    __use_two_region_memory                  0x080002df   Thumb Code     2  heapauxi.o(.text)
    __rt_heap_escrow$2region                 0x080002e1   Thumb Code     2  heapauxi.o(.text)
    __rt_heap_expand$2region                 0x080002e3   Thumb Code     2  heapauxi.o(.text)
    __read_errno                             0x080002e5   Thumb Code    10  _rserrno.o(.text)
    __set_errno                              0x080002ef   Thumb Code    12  _rserrno.o(.text)
    __aeabi_memcpy                           0x080002fb   Thumb Code     0  rt_memcpy_v6.o(.text)
    __rt_memcpy                              0x080002fb   Thumb Code   138  rt_memcpy_v6.o(.text)
    _memcpy_lastbytes                        0x08000361   Thumb Code     0  rt_memcpy_v6.o(.text)
    __aeabi_memmove4                         0x08000385   Thumb Code     0  rt_memmove_w.o(.text)
    __aeabi_memmove8                         0x08000385   Thumb Code     0  rt_memmove_w.o(.text)
    __rt_memmove_w                           0x08000385   Thumb Code   122  rt_memmove_w.o(.text)
    __memmove_aligned                        0x080003ab   Thumb Code     0  rt_memmove_w.o(.text)
    __memmove_lastfew_aligned                0x080003e3   Thumb Code     0  rt_memmove_w.o(.text)
    __aeabi_errno_addr                       0x08000401   Thumb Code     8  rt_errno_addr_intlibspace.o(.text)
    __errno$intlibspace                      0x08000401   Thumb Code     0  rt_errno_addr_intlibspace.o(.text)
    __rt_errno_addr$intlibspace              0x08000401   Thumb Code     0  rt_errno_addr_intlibspace.o(.text)
    __aeabi_memcpy4                          0x08000409   Thumb Code     0  rt_memcpy_w.o(.text)
    __aeabi_memcpy8                          0x08000409   Thumb Code     0  rt_memcpy_w.o(.text)
    __rt_memcpy_w                            0x08000409   Thumb Code   100  rt_memcpy_w.o(.text)
    _memcpy_lastbytes_aligned                0x08000451   Thumb Code     0  rt_memcpy_w.o(.text)
    __user_libspace                          0x0800046d   Thumb Code     8  libspace.o(.text)
    __user_perproc_libspace                  0x0800046d   Thumb Code     0  libspace.o(.text)
    __user_perthread_libspace                0x0800046d   Thumb Code     0  libspace.o(.text)
    __user_setup_stackheap                   0x08000475   Thumb Code    74  sys_stackheap_outer.o(.text)
    exit                                     0x080004bf   Thumb Code    18  exit.o(.text)
    _sys_exit                                0x080004d1   Thumb Code     8  sys_exit.o(.text)
    __I$use$semihosting                      0x080004dd   Thumb Code     0  use_no_semi.o(.text)
    __use_no_semihosting_swi                 0x080004dd   Thumb Code     2  use_no_semi.o(.text)
    __semihosting_library_function           0x080004df   Thumb Code     0  indicate_semi.o(.text)
    App_MainProcess                          0x080004e1   Thumb Code   168  main.o(.text.App_MainProcess)
    Buttons_GetStartStopEvent                0x08000589   Thumb Code    16  button.o(.text.Buttons_GetStartStopEvent)
    Buttons_Init                             0x08000599   Thumb Code    82  button.o(.text.Buttons_Init)
    Buttons_Process                          0x080005ed   Thumb Code   124  button.o(.text.Buttons_Process)
    HD_Delay_Init                            0x08000669   Thumb Code    38  hardware_drivers.o(.text.HD_Delay_Init)
    HD_Delay_ms_blocking                     0x08000691   Thumb Code    32  hardware_drivers.o(.text.HD_Delay_ms_blocking)
    HD_GetTick                               0x080006b1   Thumb Code    12  hardware_drivers.o(.text.HD_GetTick)
    HD_System_Init                           0x080006bd   Thumb Code   156  hardware_drivers.o(.text.HD_System_Init)
    HD_Timer1_Init                           0x08000759   Thumb Code   136  hardware_drivers.o(.text.HD_Timer1_Init)
    Keyboard_Init                            0x080007e1   Thumb Code   180  keyboard_driver.o(.text.Keyboard_Init)
    Keyboard_Process                         0x08000895   Thumb Code   276  keyboard_driver.o(.text.Keyboard_Process)
    LED_AllOff                               0x080009b9   Thumb Code    46  leds.o(.text.LED_AllOff)
    LED_AllOn                                0x080009e9   Thumb Code    44  leds.o(.text.LED_AllOn)
    LED_Init                                 0x08000a15   Thumb Code   126  leds.o(.text.LED_Init)
    LED_On                                   0x08000a95   Thumb Code    42  leds.o(.text.LED_On)
    LED_Process                              0x08000ac1   Thumb Code   458  leds.o(.text.LED_Process)
    PORT_Init                                0x08000c8d   Thumb Code   340  mdr32fxqi_port.o(.text.PORT_Init)
    PORT_ReadInputDataBit                    0x08000de1   Thumb Code    10  mdr32fxqi_port.o(.text.PORT_ReadInputDataBit)
    PORT_ResetBits                           0x08000ded   Thumb Code    24  mdr32fxqi_port.o(.text.PORT_ResetBits)
    PORT_SetBits                             0x08000e05   Thumb Code    22  mdr32fxqi_port.o(.text.PORT_SetBits)
    RST_CLK_PCLKcmd                          0x08000e1d   Thumb Code    24  mdr32fxqi_rst_clk.o(.text.RST_CLK_PCLKcmd)
    SEG7_ClearBuffer                         0x08000e35   Thumb Code    16  seg7_display.o(.text.SEG7_ClearBuffer)
    SEG7_Init                                0x08000e45   Thumb Code   190  seg7_display.o(.text.SEG7_Init)
    SEG7_Process                             0x08000f05   Thumb Code    70  seg7_display.o(.text.SEG7_Process)
    SEG7_PushSymbol                          0x08000f4d   Thumb Code    22  seg7_display.o(.text.SEG7_PushSymbol)
    SEG7_SetBuffer                           0x08000f65   Thumb Code    38  seg7_display.o(.text.SEG7_SetBuffer)
    SEG7_ShowSymbol                          0x08000f8d   Thumb Code   142  seg7_display.o(.text.SEG7_ShowSymbol)
    SysTick_Handler                          0x0800101d   Thumb Code    16  hardware_drivers.o(.text.SysTick_Handler)
    SystemInit                               0x0800102d   Thumb Code   158  system_mdr32f9q2i.o(.text.SystemInit)
    TIMER_BRGInit                            0x080010cd   Thumb Code   106  mdr32fxqi_timer.o(.text.TIMER_BRGInit)
    TIMER_ClearFlag                          0x08001139   Thumb Code     6  mdr32fxqi_timer.o(.text.TIMER_ClearFlag)
    TIMER_Cmd                                0x08001141   Thumb Code    16  mdr32fxqi_timer.o(.text.TIMER_Cmd)
    TIMER_CntInit                            0x08001151   Thumb Code    60  mdr32fxqi_timer.o(.text.TIMER_CntInit)
    TIMER_CntStructInit                      0x0800118d   Thumb Code    16  mdr32fxqi_timer.o(.text.TIMER_CntStructInit)
    TIMER_GetITStatus                        0x0800119d   Thumb Code    14  mdr32fxqi_timer.o(.text.TIMER_GetITStatus)
    TIMER_ITConfig                           0x080011ad   Thumb Code    20  mdr32fxqi_timer.o(.text.TIMER_ITConfig)
    Timer1_IRQHandler                        0x080011c1   Thumb Code    84  hardware_drivers.o(.text.Timer1_IRQHandler)
    check_code                               0x08001215   Thumb Code   280  main.o(.text.check_code)
    init_locker_system                       0x0800133d   Thumb Code   160  main.o(.text.init_locker_system)
    keypadRead                               0x080013dd   Thumb Code    12  keyboard_driver.o(.text.keypadRead)
    lock_keypad_temporary                    0x080013e9   Thumb Code    56  main.o(.text.lock_keypad_temporary)
    main                                     0x08001421   Thumb Code     6  main.o(.text.main)
    process_button                           0x08001429   Thumb Code   340  main.o(.text.process_button)
    process_keypad                           0x08001585   Thumb Code   496  main.o(.text.process_keypad)
    select_digit                             0x08001775   Thumb Code    92  seg7_display.o(.text.select_digit)
    update_leds                              0x08001859   Thumb Code    70  main.o(.text.update_leds)
    __ARM_fpclassifyf                        0x0800189f   Thumb Code    38  fpclassifyf.o(i.__ARM_fpclassifyf)
    __mathlib_flt_infnan                     0x080018c5   Thumb Code     6  funder.o(i.__mathlib_flt_infnan)
    __mathlib_flt_invalid                    0x080018cb   Thumb Code     8  funder.o(i.__mathlib_flt_invalid)
    __mathlib_flt_underflow                  0x080018d3   Thumb Code    10  funder.o(i.__mathlib_flt_underflow)
    __mathlib_rredf2                         0x080018dd   Thumb Code   344  rredf.o(i.__mathlib_rredf2)
    sinf                                     0x08001a45   Thumb Code   338  sinf.o(i.sinf)
    __aeabi_fadd                             0x08001bcd   Thumb Code     0  faddsub_clz.o(x$fpl$fadd)
    _fadd                                    0x08001bcd   Thumb Code   196  faddsub_clz.o(x$fpl$fadd)
    __fpl_fcheck_NaN1                        0x08001c91   Thumb Code     6  fcheck1.o(x$fpl$fcheck1)
    __aeabi_fdiv                             0x08001c9d   Thumb Code     0  fdiv.o(x$fpl$fdiv)
    _fdiv                                    0x08001c9d   Thumb Code   384  fdiv.o(x$fpl$fdiv)
    __aeabi_f2iz                             0x08001e21   Thumb Code     0  ffix.o(x$fpl$ffix)
    _ffix                                    0x08001e21   Thumb Code    54  ffix.o(x$fpl$ffix)
    __aeabi_f2uiz                            0x08001e59   Thumb Code     0  ffixu.o(x$fpl$ffixu)
    _ffixu                                   0x08001e59   Thumb Code    62  ffixu.o(x$fpl$ffixu)
    __aeabi_i2f                              0x08001e99   Thumb Code     0  fflt_clz.o(x$fpl$fflt)
    _fflt                                    0x08001e99   Thumb Code    48  fflt_clz.o(x$fpl$fflt)
    __aeabi_ui2f                             0x08001ec9   Thumb Code     0  fflt_clz.o(x$fpl$ffltu)
    _ffltu                                   0x08001ec9   Thumb Code    38  fflt_clz.o(x$fpl$ffltu)
    __aeabi_fmul                             0x08001ef1   Thumb Code     0  fmul.o(x$fpl$fmul)
    _fmul                                    0x08001ef1   Thumb Code   258  fmul.o(x$fpl$fmul)
    __fpl_fnaninf                            0x08001ff3   Thumb Code   140  fnaninf.o(x$fpl$fnaninf)
    __fpl_fretinf                            0x0800207f   Thumb Code    10  fretinf.o(x$fpl$fretinf)
    _frnd                                    0x08002089   Thumb Code    96  frnd.o(x$fpl$frnd)
    __aeabi_frsub                            0x080020e9   Thumb Code     0  faddsub_clz.o(x$fpl$frsb)
    _frsb                                    0x080020e9   Thumb Code    20  faddsub_clz.o(x$fpl$frsb)
    __aeabi_fsub                             0x080020fd   Thumb Code     0  faddsub_clz.o(x$fpl$fsub)
    _fsub                                    0x080020fd   Thumb Code   234  faddsub_clz.o(x$fpl$fsub)
    __fpl_return_NaN                         0x080021e7   Thumb Code   100  retnan.o(x$fpl$retnan)
    __ARM_scalbnf                            0x0800224b   Thumb Code    76  scalbnf.o(x$fpl$scalbnf)
    __fpl_cmpreturn                          0x08002297   Thumb Code    48  trapv.o(x$fpl$trapveneer)
    __I$use$fp                               0x080022c6   Number         0  usenofp.o(x$fpl$usenofp)
    Region$$Table$$Base                      0x08002460   Number         0  anon$$obj.o(Region$$Table)
    Region$$Table$$Limit                     0x08002480   Number         0  anon$$obj.o(Region$$Table)
    SystemCoreClock                          0x20000040   Data           4  system_mdr32f9q2i.o(.data.SystemCoreClock)
    displayBuf                               0x20000044   Data           4  seg7_display.o(.data.displayBuf)
    __libspace_start                         0x20000058   Data          96  libspace.o(.bss)
    __temporary_stack_top$libspace           0x200000b8   Data           0  libspace.o(.bss)



==============================================================================

Memory Map of the image

  Image Entry point : 0x080000c1

  Load Region LR_IROM1 (Base: 0x08000000, Size: 0x000024d8, Max: 0x00020000, ABSOLUTE)

    Execution Region ER_IROM1 (Exec base: 0x08000000, Load base: 0x08000000, Size: 0x00002480, Max: 0x00020000, ABSOLUTE)

    Exec Addr    Load Addr    Size         Type   Attr      Idx    E Section Name        Object

    0x08000000   0x08000000   0x000000c0   Data   RO          233    RESET               startup_mdr32f9q2i.o
    0x080000c0   0x080000c0   0x00000008   Code   RO          493  * !!!main             c_w.l(__main.o)
    0x080000c8   0x080000c8   0x00000034   Code   RO          735    !!!scatter          c_w.l(__scatter.o)
    0x080000fc   0x080000fc   0x0000001a   Code   RO          737    !!handler_copy      c_w.l(__scatter_copy.o)
    0x08000116   0x08000116   0x00000002   PAD
    0x08000118   0x08000118   0x0000001c   Code   RO          739    !!handler_zi        c_w.l(__scatter_zi.o)
    0x08000134   0x08000134   0x00000002   Code   RO          594    .ARM.Collect$$libinit$$00000000  c_w.l(libinit.o)
    0x08000136   0x08000136   0x00000000   Code   RO          600    .ARM.Collect$$libinit$$00000002  c_w.l(libinit2.o)
    0x08000136   0x08000136   0x00000000   Code   RO          602    .ARM.Collect$$libinit$$00000004  c_w.l(libinit2.o)
    0x08000136   0x08000136   0x00000000   Code   RO          604    .ARM.Collect$$libinit$$00000006  c_w.l(libinit2.o)
    0x08000136   0x08000136   0x00000000   Code   RO          607    .ARM.Collect$$libinit$$0000000C  c_w.l(libinit2.o)
    0x08000136   0x08000136   0x00000000   Code   RO          609    .ARM.Collect$$libinit$$0000000E  c_w.l(libinit2.o)
    0x08000136   0x08000136   0x00000000   Code   RO          611    .ARM.Collect$$libinit$$00000010  c_w.l(libinit2.o)
    0x08000136   0x08000136   0x00000000   Code   RO          614    .ARM.Collect$$libinit$$00000013  c_w.l(libinit2.o)
    0x08000136   0x08000136   0x00000000   Code   RO          616    .ARM.Collect$$libinit$$00000015  c_w.l(libinit2.o)
    0x08000136   0x08000136   0x00000000   Code   RO          618    .ARM.Collect$$libinit$$00000017  c_w.l(libinit2.o)
    0x08000136   0x08000136   0x00000000   Code   RO          620    .ARM.Collect$$libinit$$00000019  c_w.l(libinit2.o)
    0x08000136   0x08000136   0x00000000   Code   RO          622    .ARM.Collect$$libinit$$0000001B  c_w.l(libinit2.o)
    0x08000136   0x08000136   0x00000000   Code   RO          624    .ARM.Collect$$libinit$$0000001D  c_w.l(libinit2.o)
    0x08000136   0x08000136   0x00000000   Code   RO          626    .ARM.Collect$$libinit$$0000001F  c_w.l(libinit2.o)
    0x08000136   0x08000136   0x00000000   Code   RO          628    .ARM.Collect$$libinit$$00000021  c_w.l(libinit2.o)
    0x08000136   0x08000136   0x00000000   Code   RO          630    .ARM.Collect$$libinit$$00000023  c_w.l(libinit2.o)
    0x08000136   0x08000136   0x00000000   Code   RO          632    .ARM.Collect$$libinit$$00000025  c_w.l(libinit2.o)
    0x08000136   0x08000136   0x00000000   Code   RO          634    .ARM.Collect$$libinit$$00000027  c_w.l(libinit2.o)
    0x08000136   0x08000136   0x00000000   Code   RO          638    .ARM.Collect$$libinit$$0000002E  c_w.l(libinit2.o)
    0x08000136   0x08000136   0x00000000   Code   RO          640    .ARM.Collect$$libinit$$00000030  c_w.l(libinit2.o)
    0x08000136   0x08000136   0x00000000   Code   RO          642    .ARM.Collect$$libinit$$00000032  c_w.l(libinit2.o)
    0x08000136   0x08000136   0x00000000   Code   RO          644    .ARM.Collect$$libinit$$00000034  c_w.l(libinit2.o)
    0x08000136   0x08000136   0x00000002   Code   RO          645    .ARM.Collect$$libinit$$00000035  c_w.l(libinit2.o)
    0x08000138   0x08000138   0x00000002   Code   RO          671    .ARM.Collect$$libshutdown$$00000000  c_w.l(libshutdown.o)
    0x0800013a   0x0800013a   0x00000000   Code   RO          686    .ARM.Collect$$libshutdown$$00000002  c_w.l(libshutdown2.o)
    0x0800013a   0x0800013a   0x00000000   Code   RO          688    .ARM.Collect$$libshutdown$$00000004  c_w.l(libshutdown2.o)
    0x0800013a   0x0800013a   0x00000000   Code   RO          691    .ARM.Collect$$libshutdown$$00000007  c_w.l(libshutdown2.o)
    0x0800013a   0x0800013a   0x00000000   Code   RO          694    .ARM.Collect$$libshutdown$$0000000A  c_w.l(libshutdown2.o)
    0x0800013a   0x0800013a   0x00000000   Code   RO          696    .ARM.Collect$$libshutdown$$0000000C  c_w.l(libshutdown2.o)
    0x0800013a   0x0800013a   0x00000000   Code   RO          699    .ARM.Collect$$libshutdown$$0000000F  c_w.l(libshutdown2.o)
    0x0800013a   0x0800013a   0x00000002   Code   RO          700    .ARM.Collect$$libshutdown$$00000010  c_w.l(libshutdown2.o)
    0x0800013c   0x0800013c   0x00000000   Code   RO          521    .ARM.Collect$$rtentry$$00000000  c_w.l(__rtentry.o)
    0x0800013c   0x0800013c   0x00000000   Code   RO          559    .ARM.Collect$$rtentry$$00000002  c_w.l(__rtentry2.o)
    0x0800013c   0x0800013c   0x00000006   Code   RO          571    .ARM.Collect$$rtentry$$00000004  c_w.l(__rtentry4.o)
    0x08000142   0x08000142   0x00000000   Code   RO          561    .ARM.Collect$$rtentry$$00000009  c_w.l(__rtentry2.o)
    0x08000142   0x08000142   0x00000004   Code   RO          562    .ARM.Collect$$rtentry$$0000000A  c_w.l(__rtentry2.o)
    0x08000146   0x08000146   0x00000000   Code   RO          564    .ARM.Collect$$rtentry$$0000000C  c_w.l(__rtentry2.o)
    0x08000146   0x08000146   0x00000008   Code   RO          565    .ARM.Collect$$rtentry$$0000000D  c_w.l(__rtentry2.o)
    0x0800014e   0x0800014e   0x00000002   Code   RO          597    .ARM.Collect$$rtexit$$00000000  c_w.l(rtexit.o)
    0x08000150   0x08000150   0x00000000   Code   RO          649    .ARM.Collect$$rtexit$$00000002  c_w.l(rtexit2.o)
    0x08000150   0x08000150   0x00000004   Code   RO          650    .ARM.Collect$$rtexit$$00000003  c_w.l(rtexit2.o)
    0x08000154   0x08000154   0x00000006   Code   RO          651    .ARM.Collect$$rtexit$$00000004  c_w.l(rtexit2.o)
    0x0800015a   0x0800015a   0x00000002   PAD
    0x0800015c   0x0800015c   0x00000068   Code   RO          234    .text               startup_mdr32f9q2i.o
    0x080001c4   0x080001c4   0x00000096   Code   RO          487    .text               c_w.l(strncmp.o)
    0x0800025a   0x0800025a   0x00000084   Code   RO          489    .text               c_w.l(rt_memmove_v6.o)
    0x080002de   0x080002de   0x00000006   Code   RO          491    .text               c_w.l(heapauxi.o)
    0x080002e4   0x080002e4   0x00000016   Code   RO          522    .text               c_w.l(_rserrno.o)
    0x080002fa   0x080002fa   0x0000008a   Code   RO          524    .text               c_w.l(rt_memcpy_v6.o)
    0x08000384   0x08000384   0x0000007a   Code   RO          526    .text               c_w.l(rt_memmove_w.o)
    0x080003fe   0x080003fe   0x00000002   PAD
    0x08000400   0x08000400   0x00000008   Code   RO          576    .text               c_w.l(rt_errno_addr_intlibspace.o)
    0x08000408   0x08000408   0x00000064   Code   RO          578    .text               c_w.l(rt_memcpy_w.o)
    0x0800046c   0x0800046c   0x00000008   Code   RO          582    .text               c_w.l(libspace.o)
    0x08000474   0x08000474   0x0000004a   Code   RO          585    .text               c_w.l(sys_stackheap_outer.o)
    0x080004be   0x080004be   0x00000012   Code   RO          587    .text               c_w.l(exit.o)
    0x080004d0   0x080004d0   0x0000000c   Code   RO          661    .text               c_w.l(sys_exit.o)
    0x080004dc   0x080004dc   0x00000002   Code   RO          676    .text               c_w.l(use_no_semi.o)
    0x080004de   0x080004de   0x00000000   Code   RO          678    .text               c_w.l(indicate_semi.o)
    0x080004de   0x080004de   0x00000002   PAD
    0x080004e0   0x080004e0   0x000000a8   Code   RO          209    .text.App_MainProcess  main.o
    0x08000588   0x08000588   0x00000010   Code   RO          101    .text.Buttons_GetStartStopEvent  button.o
    0x08000598   0x08000598   0x00000052   Code   RO           97    .text.Buttons_Init  button.o
    0x080005ea   0x080005ea   0x00000002   PAD
    0x080005ec   0x080005ec   0x0000007c   Code   RO           99    .text.Buttons_Process  button.o
    0x08000668   0x08000668   0x00000026   Code   RO           65    .text.HD_Delay_Init  hardware_drivers.o
    0x0800068e   0x0800068e   0x00000002   PAD
    0x08000690   0x08000690   0x00000020   Code   RO           73    .text.HD_Delay_ms_blocking  hardware_drivers.o
    0x080006b0   0x080006b0   0x0000000c   Code   RO           69    .text.HD_GetTick    hardware_drivers.o
    0x080006bc   0x080006bc   0x0000009c   Code   RO           77    .text.HD_System_Init  hardware_drivers.o
    0x08000758   0x08000758   0x00000088   Code   RO           63    .text.HD_Timer1_Init  hardware_drivers.o
    0x080007e0   0x080007e0   0x000000b4   Code   RO          166    .text.Keyboard_Init  keyboard_driver.o
    0x08000894   0x08000894   0x00000124   Code   RO          168    .text.Keyboard_Process  keyboard_driver.o
    0x080009b8   0x080009b8   0x0000002e   Code   RO            4    .text.LED_AllOff    leds.o
    0x080009e6   0x080009e6   0x00000002   PAD
    0x080009e8   0x080009e8   0x0000002c   Code   RO           24    .text.LED_AllOn     leds.o
    0x08000a14   0x08000a14   0x0000007e   Code   RO            2    .text.LED_Init      leds.o
    0x08000a92   0x08000a92   0x00000002   PAD
    0x08000a94   0x08000a94   0x0000002a   Code   RO            6    .text.LED_On        leds.o
    0x08000abe   0x08000abe   0x00000002   PAD
    0x08000ac0   0x08000ac0   0x000001ca   Code   RO           36    .text.LED_Process   leds.o
    0x08000c8a   0x08000c8a   0x00000002   PAD
    0x08000c8c   0x08000c8c   0x00000154   Code   RO          256    .text.PORT_Init     mdr32fxqi_port.o
    0x08000de0   0x08000de0   0x0000000a   Code   RO          260    .text.PORT_ReadInputDataBit  mdr32fxqi_port.o
    0x08000dea   0x08000dea   0x00000002   PAD
    0x08000dec   0x08000dec   0x00000018   Code   RO          266    .text.PORT_ResetBits  mdr32fxqi_port.o
    0x08000e04   0x08000e04   0x00000016   Code   RO          264    .text.PORT_SetBits  mdr32fxqi_port.o
    0x08000e1a   0x08000e1a   0x00000002   PAD
    0x08000e1c   0x08000e1c   0x00000018   Code   RO          346    .text.RST_CLK_PCLKcmd  mdr32fxqi_rst_clk.o
    0x08000e34   0x08000e34   0x00000010   Code   RO          142    .text.SEG7_ClearBuffer  seg7_display.o
    0x08000e44   0x08000e44   0x000000be   Code   RO          120    .text.SEG7_Init     seg7_display.o
    0x08000f02   0x08000f02   0x00000002   PAD
    0x08000f04   0x08000f04   0x00000046   Code   RO          122    .text.SEG7_Process  seg7_display.o
    0x08000f4a   0x08000f4a   0x00000002   PAD
    0x08000f4c   0x08000f4c   0x00000016   Code   RO          138    .text.SEG7_PushSymbol  seg7_display.o
    0x08000f62   0x08000f62   0x00000002   PAD
    0x08000f64   0x08000f64   0x00000026   Code   RO          140    .text.SEG7_SetBuffer  seg7_display.o
    0x08000f8a   0x08000f8a   0x00000002   PAD
    0x08000f8c   0x08000f8c   0x0000008e   Code   RO          112    .text.SEG7_ShowSymbol  seg7_display.o
    0x0800101a   0x0800101a   0x00000002   PAD
    0x0800101c   0x0800101c   0x00000010   Code   RO           57    .text.SysTick_Handler  hardware_drivers.o
    0x0800102c   0x0800102c   0x0000009e   Code   RO          243    .text.SystemInit    system_mdr32f9q2i.o
    0x080010ca   0x080010ca   0x00000002   PAD
    0x080010cc   0x080010cc   0x0000006a   Code   RO          476    .text.TIMER_BRGInit  mdr32fxqi_timer.o
    0x08001136   0x08001136   0x00000002   PAD
    0x08001138   0x08001138   0x00000006   Code   RO          468    .text.TIMER_ClearFlag  mdr32fxqi_timer.o
    0x0800113e   0x0800113e   0x00000002   PAD
    0x08001140   0x08001140   0x00000010   Code   RO          364    .text.TIMER_Cmd     mdr32fxqi_timer.o
    0x08001150   0x08001150   0x0000003c   Code   RO          360    .text.TIMER_CntInit  mdr32fxqi_timer.o
    0x0800118c   0x0800118c   0x00000010   Code   RO          362    .text.TIMER_CntStructInit  mdr32fxqi_timer.o
    0x0800119c   0x0800119c   0x0000000e   Code   RO          474    .text.TIMER_GetITStatus  mdr32fxqi_timer.o
    0x080011aa   0x080011aa   0x00000002   PAD
    0x080011ac   0x080011ac   0x00000014   Code   RO          472    .text.TIMER_ITConfig  mdr32fxqi_timer.o
    0x080011c0   0x080011c0   0x00000054   Code   RO           61    .text.Timer1_IRQHandler  hardware_drivers.o
    0x08001214   0x08001214   0x00000128   Code   RO          201    .text.check_code    main.o
    0x0800133c   0x0800133c   0x000000a0   Code   RO          187    .text.init_locker_system  main.o
    0x080013dc   0x080013dc   0x0000000c   Code   RO          170    .text.keypadRead    keyboard_driver.o
    0x080013e8   0x080013e8   0x00000038   Code   RO          199    .text.lock_keypad_temporary  main.o
    0x08001420   0x08001420   0x00000006   Code   RO          211    .text.main          main.o
    0x08001426   0x08001426   0x00000002   PAD
    0x08001428   0x08001428   0x0000015c   Code   RO          205    .text.process_button  main.o
    0x08001584   0x08001584   0x000001f0   Code   RO          195    .text.process_keypad  main.o
    0x08001774   0x08001774   0x0000005c   Code   RO          118    .text.select_digit  seg7_display.o
    0x080017d0   0x080017d0   0x00000086   Code   RO          114    .text.set_segments_from_table  seg7_display.o
    0x08001856   0x08001856   0x00000002   PAD
    0x08001858   0x08001858   0x00000046   Code   RO          193    .text.update_leds   main.o
    0x0800189e   0x0800189e   0x00000026   Code   RO          539    i.__ARM_fpclassifyf  m_ws.l(fpclassifyf.o)
    0x080018c4   0x080018c4   0x00000006   Code   RO          542    i.__mathlib_flt_infnan  m_ws.l(funder.o)
    0x080018ca   0x080018ca   0x00000008   Code   RO          544    i.__mathlib_flt_invalid  m_ws.l(funder.o)
    0x080018d2   0x080018d2   0x0000000a   Code   RO          547    i.__mathlib_flt_underflow  m_ws.l(funder.o)
    0x080018dc   0x080018dc   0x00000168   Code   RO          555    i.__mathlib_rredf2  m_ws.l(rredf.o)
    0x08001a44   0x08001a44   0x00000188   Code   RO          518    i.sinf              m_ws.l(sinf.o)
    0x08001bcc   0x08001bcc   0x000000c4   Code   RO          495    x$fpl$fadd          fz_ws.l(faddsub_clz.o)
    0x08001c90   0x08001c90   0x0000000c   Code   RO          595    x$fpl$fcheck1       fz_ws.l(fcheck1.o)
    0x08001c9c   0x08001c9c   0x00000184   Code   RO          502    x$fpl$fdiv          fz_ws.l(fdiv.o)
    0x08001e20   0x08001e20   0x00000036   Code   RO          528    x$fpl$ffix          fz_ws.l(ffix.o)
    0x08001e56   0x08001e56   0x00000002   PAD
    0x08001e58   0x08001e58   0x0000003e   Code   RO          505    x$fpl$ffixu         fz_ws.l(ffixu.o)
    0x08001e96   0x08001e96   0x00000002   PAD
    0x08001e98   0x08001e98   0x00000030   Code   RO          510    x$fpl$fflt          fz_ws.l(fflt_clz.o)
    0x08001ec8   0x08001ec8   0x00000026   Code   RO          509    x$fpl$ffltu         fz_ws.l(fflt_clz.o)
    0x08001eee   0x08001eee   0x00000002   PAD
    0x08001ef0   0x08001ef0   0x00000102   Code   RO          515    x$fpl$fmul          fz_ws.l(fmul.o)
    0x08001ff2   0x08001ff2   0x0000008c   Code   RO          532    x$fpl$fnaninf       fz_ws.l(fnaninf.o)
    0x0800207e   0x0800207e   0x0000000a   Code   RO          534    x$fpl$fretinf       fz_ws.l(fretinf.o)
    0x08002088   0x08002088   0x00000060   Code   RO          536    x$fpl$frnd          fz_ws.l(frnd.o)
    0x080020e8   0x080020e8   0x00000014   Code   RO          496    x$fpl$frsb          fz_ws.l(faddsub_clz.o)
    0x080020fc   0x080020fc   0x000000ea   Code   RO          497    x$fpl$fsub          fz_ws.l(faddsub_clz.o)
    0x080021e6   0x080021e6   0x00000064   Code   RO          646    x$fpl$retnan        fz_ws.l(retnan.o)
    0x0800224a   0x0800224a   0x0000004c   Code   RO          580    x$fpl$scalbnf       fz_ws.l(scalbnf.o)
    0x08002296   0x08002296   0x00000030   Code   RO          659    x$fpl$trapveneer    fz_ws.l(trapv.o)
    0x080022c6   0x080022c6   0x00000000   Code   RO          538    x$fpl$usenofp       fz_ws.l(usenofp.o)
    0x080022c6   0x080022c6   0x00000002   PAD
    0x080022c8   0x080022c8   0x00000020   Data   RO          556    .constdata          m_ws.l(rredf.o)
    0x080022e8   0x080022e8   0x000000d0   Data   RO          146    .rodata.alphaTable  seg7_display.o
    0x080023b8   0x080023b8   0x00000040   Data   RO          172    .rodata.cst32       keyboard_driver.o
    0x080023f8   0x080023f8   0x00000050   Data   RO          145    .rodata.digitTable  seg7_display.o
    0x08002448   0x08002448   0x00000010   Data   RO          147    .rodata.specialTable  seg7_display.o
    0x08002458   0x08002458   0x00000005   Data   RO          221    .rodata.str1.1      main.o
    0x0800245d   0x0800245d   0x00000003   PAD
    0x08002460   0x08002460   0x00000020   Data   RO          734    Region$$Table       anon$$obj.o


    Execution Region RW_IRAM1 (Exec base: 0x20000000, Load base: 0x08002480, Size: 0x00000738, Max: 0x00008000, ABSOLUTE)

    Exec Addr    Load Addr    Size         Type   Attr      Idx    E Section Name        Object

    0x20000000   0x08002480   0x00000040   Data   RW           38    .data.LED_Config    leds.o
    0x20000040   0x080024c0   0x00000004   Data   RW          245    .data.SystemCoreClock  system_mdr32f9q2i.o
    0x20000044   0x080024c4   0x00000004   Data   RW          144    .data.displayBuf    seg7_display.o
    0x20000048   0x080024c8   0x00000007   Data   RW          220    .data.master_code   main.o
    0x2000004f   0x080024cf   0x00000001   PAD
    0x20000050   0x080024d0   0x00000004   Data   RW           47    .data.pwm_period    leds.o
    0x20000054   0x080024d4   0x00000004   Data   RW           46    .data.wave_speed    leds.o
    0x20000058        -       0x00000060   Zero   RW          583    .bss                c_w.l(libspace.o)
    0x200000b8        -       0x00000001   Zero   RW          222    .bss.App_MainProcess.last_key  main.o
    0x200000b9   0x080024d8   0x00000003   PAD
    0x200000bc        -       0x00000004   Zero   RW          150    .bss.SEG7_Process.last_update  seg7_display.o
    0x200000c0        -       0x00000001   Zero   RW           83    .bss.Timer1_IRQHandler.main_process_counter  hardware_drivers.o
    0x200000c1   0x080024d8   0x00000003   PAD
    0x200000c4        -       0x00000010   Zero   RW          103    .bss.button_start_stop  button.o
    0x200000d4        -       0x00000001   Zero   RW          149    .bss.current_digit  seg7_display.o
    0x200000d5        -       0x00000001   Zero   RW           40    .bss.current_led    leds.o
    0x200000d6        -       0x00000001   Zero   RW          213    .bss.current_state  main.o
    0x200000d7   0x080024d8   0x00000001   PAD
    0x200000d8        -       0x00000004   Zero   RW          175    .bss.debounce_start_time  keyboard_driver.o
    0x200000dc        -       0x00000001   Zero   RW          174    .bss.debounced_key  keyboard_driver.o
    0x200000dd   0x080024d8   0x00000003   PAD
    0x200000e0        -       0x00000004   Zero   RW          148    .bss.display_digits  seg7_display.o
    0x200000e4        -       0x00000001   Zero   RW          219    .bss.full_buffer_index  main.o
    0x200000e5   0x080024d8   0x00000003   PAD
    0x200000e8        -       0x00000015   Zero   RW          218    .bss.input_buffer   main.o
    0x200000fd        -       0x00000001   Zero   RW          217    .bss.input_index    main.o
    0x200000fe        -       0x00000001   Zero   RW          215    .bss.is_buffer_locked  main.o
    0x200000ff        -       0x00000001   Zero   RW          214    .bss.is_keypad_locked  main.o
    0x20000100        -       0x00000004   Zero   RW          216    .bss.keypad_lock_start  main.o
    0x20000104        -       0x00000004   Zero   RW           45    .bss.last_pwm_update  leds.o
    0x20000108        -       0x00000001   Zero   RW          173    .bss.last_raw_key   keyboard_driver.o
    0x20000109   0x080024d8   0x00000003   PAD
    0x2000010c        -       0x00000004   Zero   RW           42    .bss.led_on_time    leds.o
    0x20000110        -       0x00000004   Zero   RW           44    .bss.pwm_counter    leds.o
    0x20000114        -       0x00000001   Zero   RW           39    .bss.sequence_active  leds.o
    0x20000115   0x080024d8   0x00000003   PAD
    0x20000118        -       0x00000004   Zero   RW           41    .bss.sequence_start_time  leds.o
    0x2000011c        -       0x00000010   Zero   RW           48    .bss.set_led_pwm.pwm_step  leds.o
    0x2000012c        -       0x00000004   Zero   RW           88    .bss.tick_counter   hardware_drivers.o
    0x20000130        -       0x00000001   Zero   RW           43    .bss.wave_active    leds.o
    0x20000131   0x080024d8   0x00000007   PAD
    0x20000138        -       0x00000200   Zero   RW          232    HEAP                startup_mdr32f9q2i.o
    0x20000338        -       0x00000400   Zero   RW          231    STACK               startup_mdr32f9q2i.o


==============================================================================

Image component sizes


      Code (inc. data)   RO Data    RW Data    ZI Data      Debug   Object Name

       222          0          0          0         16       3693   button.o
       474          0          0          0          5      10102   hardware_drivers.o
       484         16         64          0          6       3957   keyboard_driver.o
       716          0          0         72         35       8302   leds.o
      1600         24          5          7         31       6024   main.o
       396          0          0          0          0       5547   mdr32fxqi_port.o
        24          0          0          0          0      14077   mdr32fxqi_rst_clk.o
       238          0          0          0          0      23900   mdr32fxqi_timer.o
       704          4        304          4          9       7686   seg7_display.o
       104         26        192          0       1536       1712   startup_mdr32f9q2i.o
       158          0          0          4          0       2645   system_mdr32f9q2i.o

    ----------------------------------------------------------------------
      5158         70        600         88       1664      87645   Object Totals
         0          0         32          0          0          0   (incl. Generated)
        38          0          3          1         26          0   (incl. Padding)

    ----------------------------------------------------------------------

      Code (inc. data)   RO Data    RW Data    ZI Data      Debug   Library Member Name

         8          0          0          0          0         68   __main.o
         0          0          0          0          0          0   __rtentry.o
        12          0          0          0          0          0   __rtentry2.o
         6          0          0          0          0          0   __rtentry4.o
        52          8          0          0          0          0   __scatter.o
        26          0          0          0          0          0   __scatter_copy.o
        28          0          0          0          0          0   __scatter_zi.o
        22          0          0          0          0        100   _rserrno.o
        18          0          0          0          0         80   exit.o
         6          0          0          0          0        152   heapauxi.o
         0          0          0          0          0          0   indicate_semi.o
         2          0          0          0          0          0   libinit.o
         2          0          0          0          0          0   libinit2.o
         2          0          0          0          0          0   libshutdown.o
         2          0          0          0          0          0   libshutdown2.o
         8          4          0          0         96         68   libspace.o
         8          4          0          0          0         68   rt_errno_addr_intlibspace.o
       138          0          0          0          0         68   rt_memcpy_v6.o
       100          0          0          0          0         80   rt_memcpy_w.o
       132          0          0          0          0         68   rt_memmove_v6.o
       122          0          0          0          0         80   rt_memmove_w.o
         2          0          0          0          0          0   rtexit.o
        10          0          0          0          0          0   rtexit2.o
       150          0          0          0          0         80   strncmp.o
        12          4          0          0          0         68   sys_exit.o
        74          0          0          0          0         80   sys_stackheap_outer.o
         2          0          0          0          0         68   use_no_semi.o
       450          8          0          0          0        236   faddsub_clz.o
        12          4          0          0          0         68   fcheck1.o
       388         76          0          0          0         96   fdiv.o
        54          4          0          0          0         84   ffix.o
        62          4          0          0          0         84   ffixu.o
        86          0          0          0          0        136   fflt_clz.o
       258          4          0          0          0         84   fmul.o
       140          4          0          0          0         84   fnaninf.o
        10          0          0          0          0         68   fretinf.o
        96          4          0          0          0         76   frnd.o
       100          0          0          0          0         68   retnan.o
        76          0          0          0          0         68   scalbnf.o
        48          0          0          0          0         68   trapv.o
         0          0          0          0          0          0   usenofp.o
        38          0          0          0          0         68   fpclassifyf.o
        24          0          0          0          0        204   funder.o
       360         16         32          0          0         88   rredf.o
       392         54          0          0          0        124   sinf.o

    ----------------------------------------------------------------------
      3554        198         32          0         96       2832   Library Totals
        16          0          0          0          0          0   (incl. Padding)

    ----------------------------------------------------------------------

      Code (inc. data)   RO Data    RW Data    ZI Data      Debug   Library Name

       944         20          0          0         96       1128   c_w.l
      1780        108          0          0          0       1220   fz_ws.l
       814         70         32          0          0        484   m_ws.l

    ----------------------------------------------------------------------
      3554        198         32          0         96       2832   Library Totals

    ----------------------------------------------------------------------

==============================================================================


      Code (inc. data)   RO Data    RW Data    ZI Data      Debug   

      8712        268        632         88       1760      88681   Grand Totals
      8712        268        632         88       1760      88681   ELF Image Totals
      8712        268        632         88          0          0   ROM Totals

==============================================================================

    Total RO  Size (Code + RO Data)                 9344 (   9.12kB)
    Total RW  Size (RW Data + ZI Data)              1848 (   1.80kB)
    Total ROM Size (Code + RO Data + RW Data)       9432 (   9.21kB)

==============================================================================

