


ARM Macro Assembler    Page 1 


    1 00000000         #line   1                "RTE/Device/MDR32F9Q2I/startup_
MDR32F9Q2I.S"
    1 00000000         ;
    2 00000000         
    3 00000000         
    4 00000000         
    5 00000000         
    6 00000000         
    7 00000000         
    8 00000000         
    9 00000000         
   10 00000000         
   11 00000000         
   12 00000000         
   13 00000000         
   14 00000000         
   15 00000000         
   16 00000000         
   17 00000000         
   18 00000000         
   19 00000000         
   20 00000000         
   21 00000000         
   22 00000000         ;
   23 00000000         
   24 00000000         ;<h> Stack Configuration
   25 00000000         ;  <o> Stack Size (in Bytes) <0x0-0xFFFFFFFF:8>
   26 00000000         ;</h>
   27 00000000 00000400 
                       Stack_Size
                               EQU              0x00000400
   28 00000000         
   29 00000000                 AREA             STACK, NOINIT, READWRITE, ALIGN
=3
   30 00000000         __stack_limit
   31 00000000         Stack_Mem
                               SPACE            Stack_Size
   32 00000400         __initial_sp
   33 00000400         
   34 00000400         
   35 00000400         ;<h> Heap Configuration
   36 00000400         ;  <o>  Heap Size (in Bytes) <0x0-0xFFFFFFFF:8>
   37 00000400         ;</h>
   38 00000400         
   39 00000400 00000200 
                       Heap_Size
                               EQU              0x00000200
   40 00000400         
   41 00000400                 AREA             HEAP, NOINIT, READWRITE, ALIGN=
3
   42 00000000         __heap_base
   43 00000000         Heap_Mem
                               SPACE            Heap_Size
   44 00000200         __heap_limit
   45 00000200         
   46 00000200                 PRESERVE8
   47 00000200                 THUMB
   48 00000200         
   49 00000200         



ARM Macro Assembler    Page 2 


   50 00000200         ; Vector Table Mapped to Address 0 at Reset
   51 00000200                 AREA             RESET, DATA, READONLY
   52 00000000                 EXPORT           __Vectors
   53 00000000                 EXPORT           __Vectors_End
   54 00000000                 EXPORT           __Vectors_Size
   55 00000000         
   56 00000000 00000000 
                       __Vectors
                               DCD              __initial_sp ;     Top of Stack
                                                            
   57 00000004 00000000        DCD              Reset_Handler 
                                                            ;     Reset Handler
                                                            
   58 00000008 00000000        DCD              NMI_Handler ; -14 NMI Handler
   59 0000000C 00000000        DCD              HardFault_Handler ; -13 Hard Fa
                                                            ult Handler
   60 00000010 00000000        DCD              MemManage_Handler ; -12 MPU Fau
                                                            lt Handler
   61 00000014 00000000        DCD              BusFault_Handler ; -11 Bus Faul
                                                            t Handler
   62 00000018 00000000        DCD              UsageFault_Handler ;  -9 Usage 
                                                            Fault Handler
   63 0000001C 00000000        DCD              0           ;     Reserved
   64 00000020 00000000        DCD              0           ;     Reserved
   65 00000024 00000000        DCD              0           ;     Reserved
   66 00000028 00000000        DCD              0           ;     Reserved
   67 0000002C 00000000        DCD              SVC_Handler ;  -5 SVCall Handle
                                                            r
   68 00000030 00000000        DCD              DebugMon_Handler ;  -4 Debug Mo
                                                            nitor Handler
   69 00000034 00000000        DCD              0           ;     Reserved
   70 00000038 00000000        DCD              PendSV_Handler ;  -2 PendSV Han
                                                            dler
   71 0000003C 00000000        DCD              SysTick_Handler ;  -1 SysTick H
                                                            andler
   72 00000040         
   73 00000040         ; External Interrupts
   74 00000040 00000000        DCD              CAN1_IRQHandler 
                                                            ;   0 CAN1 Handler
   75 00000044 00000000        DCD              CAN2_IRQHandler 
                                                            ;   1 CAN2 Handler
   76 00000048 00000000        DCD              USB_IRQHandler ;   2 USB Host H
                                                            andler
   77 0000004C 00000000        DCD              0           ;     Reserved
   78 00000050 00000000        DCD              0           ;     Reserved
   79 00000054 00000000        DCD              DMA_IRQHandler 
                                                            ;   5 DMA Handler
   80 00000058 00000000        DCD              UART1_IRQHandler 
                                                            ;   6 UART1 Handler
                                                            
   81 0000005C 00000000        DCD              UART2_IRQHandler 
                                                            ;   7 UART2 Handler
                                                            
   82 00000060 00000000        DCD              SSP1_IRQHandler 
                                                            ;   8 SSP1 Handler
   83 00000064 00000000        DCD              0           ;     Reserved
   84 00000068 00000000        DCD              I2C_IRQHandler 
                                                            ;  10 I2C Handler
   85 0000006C 00000000        DCD              POWER_IRQHandler 



ARM Macro Assembler    Page 3 


                                                            ;  11 POWER Handler
                                                            
   86 00000070 00000000        DCD              WWDG_IRQHandler 
                                                            ;  12 WWDG Handler
   87 00000074 00000000        DCD              0           ;     Reserved
   88 00000078 00000000        DCD              Timer1_IRQHandler ;  14 Timer1 
                                                            Handler
   89 0000007C 00000000        DCD              Timer2_IRQHandler ;  15 Timer2 
                                                            Handler
   90 00000080 00000000        DCD              Timer3_IRQHandler ;  16 Timer3 
                                                            Handler
   91 00000084 00000000        DCD              ADC_IRQHandler 
                                                            ;  17 ADC Handler
   92 00000088 00000000        DCD              0           ;     Reserved
   93 0000008C 00000000        DCD              COMPARATOR_IRQHandler ;  19 Com
                                                            parator Handler
   94 00000090 00000000        DCD              SSP2_IRQHandler 
                                                            ;  20 SSP2 Handler
   95 00000094 00000000        DCD              0           ;     Reserved
   96 00000098 00000000        DCD              0           ;     Reserved
   97 0000009C 00000000        DCD              0           ;     Reserved
   98 000000A0 00000000        DCD              0           ;     Reserved
   99 000000A4 00000000        DCD              0           ;     Reserved
  100 000000A8 00000000        DCD              0           ;     Reserved
  101 000000AC 00000000        DCD              BACKUP_IRQHandler 
                                                            ;  27 BKP Handler
  102 000000B0 00000000        DCD              EXT_INT1_IRQHandler ;  28 EXT_I
                                                            NT1 Handler
  103 000000B4 00000000        DCD              EXT_INT2_IRQHandler ;  29 EXT_I
                                                            NT2 Handler
  104 000000B8 00000000        DCD              EXT_INT3_IRQHandler ;  30 EXT_I
                                                            NT3 Handler
  105 000000BC 00000000        DCD              EXT_INT4_IRQHandler ;  31 EXT_I
                                                            NT4 Handler
  106 000000C0         __Vectors_End
  107 000000C0         
  108 000000C0 000000C0 
                       __Vectors_Size
                               EQU              __Vectors_End - __Vectors
  109 000000C0         
  110 000000C0                 AREA             |.text|, CODE, READONLY
  111 00000000         
  112 00000000         ; Reset handler
  113 00000000         Reset_Handler
                               PROC
  114 00000000                 EXPORT           Reset_Handler               [WE
AK]
  115 00000000                 IMPORT           SystemInit
  116 00000000                 IMPORT           __main
  117 00000000 4813            LDR              R0, =SystemInit
  118 00000002 4780            BLX              R0
  119 00000004 4813            LDR              R0, =__main
  120 00000006 4700            BX               R0
  121 00000008                 ENDP
  122 00000008         
  123 00000008         ; Dummy Exception Handlers (infinite loops which can be 
                       modified)
  124 00000008         
  125 00000008         NMI_Handler



ARM Macro Assembler    Page 4 


                               PROC
  126 00000008                 EXPORT           NMI_Handler                 [WE
AK]
  127 00000008 E7FE            B                .
  128 0000000A                 ENDP
  129 0000000A         
  130 0000000A         HardFault_Handler
                               PROC
  131 0000000A                 EXPORT           HardFault_Handler           [WE
AK]
  132 0000000A E7FE            B                .
  133 0000000C                 ENDP
  134 0000000C         
  135 0000000C         MemManage_Handler
                               PROC
  136 0000000C                 EXPORT           MemManage_Handler           [WE
AK]
  137 0000000C E7FE            B                .
  138 0000000E                 ENDP
  139 0000000E         
  140 0000000E         BusFault_Handler
                               PROC
  141 0000000E                 EXPORT           BusFault_Handler            [WE
AK]
  142 0000000E E7FE            B                .
  143 00000010                 ENDP
  144 00000010         
  145 00000010         UsageFault_Handler
                               PROC
  146 00000010                 EXPORT           UsageFault_Handler          [WE
AK]
  147 00000010 E7FE            B                .
  148 00000012                 ENDP
  149 00000012         
  150 00000012         SVC_Handler
                               PROC
  151 00000012                 EXPORT           SVC_Handler                 [WE
AK]
  152 00000012 E7FE            B                .
  153 00000014                 ENDP
  154 00000014         
  155 00000014         DebugMon_Handler
                               PROC
  156 00000014                 EXPORT           DebugMon_Handler            [WE
AK]
  157 00000014 E7FE            B                .
  158 00000016                 ENDP
  159 00000016         
  160 00000016         PendSV_Handler
                               PROC
  161 00000016                 EXPORT           PendSV_Handler              [WE
AK]
  162 00000016 E7FE            B                .
  163 00000018                 ENDP
  164 00000018         
  165 00000018         SysTick_Handler
                               PROC
  166 00000018                 EXPORT           SysTick_Handler             [WE
AK]



ARM Macro Assembler    Page 5 


  167 00000018 E7FE            B                .
  168 0000001A                 ENDP
  169 0000001A         
  170 0000001A         
  171 0000001A         ; External Interrupts
  172 0000001A         
  173 0000001A         CAN1_IRQHandler
                               PROC
  174 0000001A                 EXPORT           CAN1_IRQHandler             [WE
AK]
  175 0000001A E7FE            B                .
  176 0000001C                 ENDP
  177 0000001C         
  178 0000001C         CAN2_IRQHandler
                               PROC
  179 0000001C                 EXPORT           CAN2_IRQHandler             [WE
AK]
  180 0000001C E7FE            B                .
  181 0000001E                 ENDP
  182 0000001E         
  183 0000001E         USB_IRQHandler
                               PROC
  184 0000001E                 EXPORT           USB_IRQHandler              [WE
AK]
  185 0000001E E7FE            B                .
  186 00000020                 ENDP
  187 00000020         
  188 00000020         DMA_IRQHandler
                               PROC
  189 00000020                 EXPORT           DMA_IRQHandler              [WE
AK]
  190 00000020 E7FE            B                .
  191 00000022                 ENDP
  192 00000022         
  193 00000022         UART1_IRQHandler
                               PROC
  194 00000022                 EXPORT           UART1_IRQHandler            [WE
AK]
  195 00000022 E7FE            B                .
  196 00000024                 ENDP
  197 00000024         
  198 00000024         UART2_IRQHandler
                               PROC
  199 00000024                 EXPORT           UART2_IRQHandler            [WE
AK]
  200 00000024 E7FE            B                .
  201 00000026                 ENDP
  202 00000026         
  203 00000026         SSP1_IRQHandler
                               PROC
  204 00000026                 EXPORT           SSP1_IRQHandler             [WE
AK]
  205 00000026 E7FE            B                .
  206 00000028                 ENDP
  207 00000028         
  208 00000028         I2C_IRQHandler
                               PROC
  209 00000028                 EXPORT           I2C_IRQHandler              [WE
AK]



ARM Macro Assembler    Page 6 


  210 00000028 E7FE            B                .
  211 0000002A                 ENDP
  212 0000002A         
  213 0000002A         POWER_IRQHandler
                               PROC
  214 0000002A                 EXPORT           POWER_IRQHandler            [WE
AK]
  215 0000002A E7FE            B                .
  216 0000002C                 ENDP
  217 0000002C         
  218 0000002C         WWDG_IRQHandler
                               PROC
  219 0000002C                 EXPORT           WWDG_IRQHandler             [WE
AK]
  220 0000002C E7FE            B                .
  221 0000002E                 ENDP
  222 0000002E         
  223 0000002E         Timer1_IRQHandler
                               PROC
  224 0000002E                 EXPORT           Timer1_IRQHandler           [WE
AK]
  225 0000002E E7FE            B                .
  226 00000030                 ENDP
  227 00000030         
  228 00000030         Timer2_IRQHandler
                               PROC
  229 00000030                 EXPORT           Timer2_IRQHandler           [WE
AK]
  230 00000030 E7FE            B                .
  231 00000032                 ENDP
  232 00000032         
  233 00000032         Timer3_IRQHandler
                               PROC
  234 00000032                 EXPORT           Timer3_IRQHandler           [WE
AK]
  235 00000032 E7FE            B                .
  236 00000034                 ENDP
  237 00000034         
  238 00000034         ADC_IRQHandler
                               PROC
  239 00000034                 EXPORT           ADC_IRQHandler              [WE
AK]
  240 00000034 E7FE            B                .
  241 00000036                 ENDP
  242 00000036         
  243 00000036         COMPARATOR_IRQHandler
                               PROC
  244 00000036                 EXPORT           COMPARATOR_IRQHandler       [WE
AK]
  245 00000036 E7FE            B                .
  246 00000038                 ENDP
  247 00000038         
  248 00000038         SSP2_IRQHandler
                               PROC
  249 00000038                 EXPORT           SSP2_IRQHandler             [WE
AK]
  250 00000038 E7FE            B                .
  251 0000003A                 ENDP
  252 0000003A         



ARM Macro Assembler    Page 7 


  253 0000003A         BACKUP_IRQHandler
                               PROC
  254 0000003A                 EXPORT           BACKUP_IRQHandler           [WE
AK]
  255 0000003A E7FE            B                .
  256 0000003C                 ENDP
  257 0000003C         
  258 0000003C         EXT_INT1_IRQHandler
                               PROC
  259 0000003C                 EXPORT           EXT_INT1_IRQHandler         [WE
AK]
  260 0000003C E7FE            B                .
  261 0000003E                 ENDP
  262 0000003E         
  263 0000003E         EXT_INT2_IRQHandler
                               PROC
  264 0000003E                 EXPORT           EXT_INT2_IRQHandler         [WE
AK]
  265 0000003E E7FE            B                .
  266 00000040                 ENDP
  267 00000040         
  268 00000040         EXT_INT3_IRQHandler
                               PROC
  269 00000040                 EXPORT           EXT_INT3_IRQHandler         [WE
AK]
  270 00000040 E7FE            B                .
  271 00000042                 ENDP
  272 00000042         
  273 00000042         EXT_INT4_IRQHandler
                               PROC
  274 00000042                 EXPORT           EXT_INT4_IRQHandler         [WE
AK]
  275 00000042 E7FE            B                .
  276 00000044                 ENDP
  277 00000044         
  278 00000044                 ALIGN
  279 00000044         
  280 00000044         
  281 00000044         
  282 00000044         ; User Stack and Heap initialization
  283 00000044         
  284 00000044                 IF               :DEF:__MICROLIB
  292 00000044         
  293 00000044                 IMPORT           __use_two_region_memory
  294 00000044                 EXPORT           __user_initial_stackheap
  295 00000044         __user_initial_stackheap
  296 00000044         
  297 00000044 4804            LDR              R0, = Heap_Mem
  298 00000046 4905            LDR              R1, = (Stack_Mem + Stack_Size)
  299 00000048 4A05            LDR              R2, = (Heap_Mem +  Heap_Size)
  300 0000004A 4B06            LDR              R3, = Stack_Mem
  301 0000004C 4770            BX               LR
  302 0000004E         
  303 0000004E 00 00           ALIGN
  304 00000050         
  305 00000050                 ENDIF
  306 00000050         
  307 00000050                 END
              00000000 



ARM Macro Assembler    Page 8 


              00000000 
              00000000 
              00000400 
              00000200 
              00000000 
Command Line: --debug --xref --cpreproc --diag_suppress=9931 --cpu=Cortex-M3 --
apcs=interwork --depend=.\objects\startup_mdr32f9q2i.d -o.\objects\startup_mdr3
2f9q2i.o -I.\RTE\Device\MDR32F9Q2I -I.\RTE\_Target_1 -IC:\Users\s20di\AppData\L
ocal\Arm\Packs\ARM\CMSIS\6.1.0\CMSIS\Core\Include -IC:\Users\s20di\AppData\Loca
l\Arm\Packs\Milandr\MDR32FxQI\1.1\Libraries\CMSIS\MDR32FxQI\CoreSupport\CM3 -IC
:\Users\s20di\AppData\Local\Arm\Packs\Milandr\MDR32FxQI\1.1\Libraries\CMSIS\MDR
32FxQI\DeviceSupport\MDR32F9Q2I\inc --predefine="__UVISION_VERSION SETA 538" --
predefine="_RTE_ SETA 1" --predefine="_RTE_ SETA 1" --list=.\listings\startup_m
dr32f9q2i.lst RTE/Device/MDR32F9Q2I/startup_MDR32F9Q2I.S



ARM Macro Assembler    Page 1 Alphabetic symbol ordering
Relocatable symbols

STACK 00000000

Symbol: STACK
   Definitions
      At line 29 in file RTE\Device\MDR32F9Q2I\startup_MDR32F9Q2I.S
   Uses
      None
Comment: STACK unused
Stack_Mem 00000000

Symbol: Stack_Mem
   Definitions
      At line 31 in file RTE\Device\MDR32F9Q2I\startup_MDR32F9Q2I.S
   Uses
      At line 298 in file RTE\Device\MDR32F9Q2I\startup_MDR32F9Q2I.S
      At line 300 in file RTE\Device\MDR32F9Q2I\startup_MDR32F9Q2I.S

__initial_sp 00000400

Symbol: __initial_sp
   Definitions
      At line 32 in file RTE\Device\MDR32F9Q2I\startup_MDR32F9Q2I.S
   Uses
      At line 56 in file RTE\Device\MDR32F9Q2I\startup_MDR32F9Q2I.S
Comment: __initial_sp used once
__stack_limit 00000000

Symbol: __stack_limit
   Definitions
      At line 30 in file RTE\Device\MDR32F9Q2I\startup_MDR32F9Q2I.S
   Uses
      None
Comment: __stack_limit unused
4 symbols



ARM Macro Assembler    Page 1 Alphabetic symbol ordering
Relocatable symbols

HEAP 00000000

Symbol: HEAP
   Definitions
      At line 41 in file RTE\Device\MDR32F9Q2I\startup_MDR32F9Q2I.S
   Uses
      None
Comment: HEAP unused
Heap_Mem 00000000

Symbol: Heap_Mem
   Definitions
      At line 43 in file RTE\Device\MDR32F9Q2I\startup_MDR32F9Q2I.S
   Uses
      At line 297 in file RTE\Device\MDR32F9Q2I\startup_MDR32F9Q2I.S
      At line 299 in file RTE\Device\MDR32F9Q2I\startup_MDR32F9Q2I.S

__heap_base 00000000

Symbol: __heap_base
   Definitions
      At line 42 in file RTE\Device\MDR32F9Q2I\startup_MDR32F9Q2I.S
   Uses
      None
Comment: __heap_base unused
__heap_limit 00000200

Symbol: __heap_limit
   Definitions
      At line 44 in file RTE\Device\MDR32F9Q2I\startup_MDR32F9Q2I.S
   Uses
      None
Comment: __heap_limit unused
4 symbols



ARM Macro Assembler    Page 1 Alphabetic symbol ordering
Relocatable symbols

RESET 00000000

Symbol: RESET
   Definitions
      At line 51 in file RTE\Device\MDR32F9Q2I\startup_MDR32F9Q2I.S
   Uses
      None
Comment: RESET unused
__Vectors 00000000

Symbol: __Vectors
   Definitions
      At line 56 in file RTE\Device\MDR32F9Q2I\startup_MDR32F9Q2I.S
   Uses
      At line 52 in file RTE\Device\MDR32F9Q2I\startup_MDR32F9Q2I.S
      At line 108 in file RTE\Device\MDR32F9Q2I\startup_MDR32F9Q2I.S

__Vectors_End 000000C0

Symbol: __Vectors_End
   Definitions
      At line 106 in file RTE\Device\MDR32F9Q2I\startup_MDR32F9Q2I.S
   Uses
      At line 53 in file RTE\Device\MDR32F9Q2I\startup_MDR32F9Q2I.S
      At line 108 in file RTE\Device\MDR32F9Q2I\startup_MDR32F9Q2I.S

3 symbols



ARM Macro Assembler    Page 1 Alphabetic symbol ordering
Relocatable symbols

.text 00000000

Symbol: .text
   Definitions
      At line 110 in file RTE\Device\MDR32F9Q2I\startup_MDR32F9Q2I.S
   Uses
      None
Comment: .text unused
ADC_IRQHandler 00000034

Symbol: ADC_IRQHandler
   Definitions
      At line 238 in file RTE\Device\MDR32F9Q2I\startup_MDR32F9Q2I.S
   Uses
      At line 91 in file RTE\Device\MDR32F9Q2I\startup_MDR32F9Q2I.S
      At line 239 in file RTE\Device\MDR32F9Q2I\startup_MDR32F9Q2I.S

BACKUP_IRQHandler 0000003A

Symbol: BACKUP_IRQHandler
   Definitions
      At line 253 in file RTE\Device\MDR32F9Q2I\startup_MDR32F9Q2I.S
   Uses
      At line 101 in file RTE\Device\MDR32F9Q2I\startup_MDR32F9Q2I.S
      At line 254 in file RTE\Device\MDR32F9Q2I\startup_MDR32F9Q2I.S

BusFault_Handler 0000000E

Symbol: BusFault_Handler
   Definitions
      At line 140 in file RTE\Device\MDR32F9Q2I\startup_MDR32F9Q2I.S
   Uses
      At line 61 in file RTE\Device\MDR32F9Q2I\startup_MDR32F9Q2I.S
      At line 141 in file RTE\Device\MDR32F9Q2I\startup_MDR32F9Q2I.S

CAN1_IRQHandler 0000001A

Symbol: CAN1_IRQHandler
   Definitions
      At line 173 in file RTE\Device\MDR32F9Q2I\startup_MDR32F9Q2I.S
   Uses
      At line 74 in file RTE\Device\MDR32F9Q2I\startup_MDR32F9Q2I.S
      At line 174 in file RTE\Device\MDR32F9Q2I\startup_MDR32F9Q2I.S

CAN2_IRQHandler 0000001C

Symbol: CAN2_IRQHandler
   Definitions
      At line 178 in file RTE\Device\MDR32F9Q2I\startup_MDR32F9Q2I.S
   Uses
      At line 75 in file RTE\Device\MDR32F9Q2I\startup_MDR32F9Q2I.S
      At line 179 in file RTE\Device\MDR32F9Q2I\startup_MDR32F9Q2I.S

COMPARATOR_IRQHandler 00000036

Symbol: COMPARATOR_IRQHandler
   Definitions
      At line 243 in file RTE\Device\MDR32F9Q2I\startup_MDR32F9Q2I.S
   Uses



ARM Macro Assembler    Page 2 Alphabetic symbol ordering
Relocatable symbols

      At line 93 in file RTE\Device\MDR32F9Q2I\startup_MDR32F9Q2I.S
      At line 244 in file RTE\Device\MDR32F9Q2I\startup_MDR32F9Q2I.S

DMA_IRQHandler 00000020

Symbol: DMA_IRQHandler
   Definitions
      At line 188 in file RTE\Device\MDR32F9Q2I\startup_MDR32F9Q2I.S
   Uses
      At line 79 in file RTE\Device\MDR32F9Q2I\startup_MDR32F9Q2I.S
      At line 189 in file RTE\Device\MDR32F9Q2I\startup_MDR32F9Q2I.S

DebugMon_Handler 00000014

Symbol: DebugMon_Handler
   Definitions
      At line 155 in file RTE\Device\MDR32F9Q2I\startup_MDR32F9Q2I.S
   Uses
      At line 68 in file RTE\Device\MDR32F9Q2I\startup_MDR32F9Q2I.S
      At line 156 in file RTE\Device\MDR32F9Q2I\startup_MDR32F9Q2I.S

EXT_INT1_IRQHandler 0000003C

Symbol: EXT_INT1_IRQHandler
   Definitions
      At line 258 in file RTE\Device\MDR32F9Q2I\startup_MDR32F9Q2I.S
   Uses
      At line 102 in file RTE\Device\MDR32F9Q2I\startup_MDR32F9Q2I.S
      At line 259 in file RTE\Device\MDR32F9Q2I\startup_MDR32F9Q2I.S

EXT_INT2_IRQHandler 0000003E

Symbol: EXT_INT2_IRQHandler
   Definitions
      At line 263 in file RTE\Device\MDR32F9Q2I\startup_MDR32F9Q2I.S
   Uses
      At line 103 in file RTE\Device\MDR32F9Q2I\startup_MDR32F9Q2I.S
      At line 264 in file RTE\Device\MDR32F9Q2I\startup_MDR32F9Q2I.S

EXT_INT3_IRQHandler 00000040

Symbol: EXT_INT3_IRQHandler
   Definitions
      At line 268 in file RTE\Device\MDR32F9Q2I\startup_MDR32F9Q2I.S
   Uses
      At line 104 in file RTE\Device\MDR32F9Q2I\startup_MDR32F9Q2I.S
      At line 269 in file RTE\Device\MDR32F9Q2I\startup_MDR32F9Q2I.S

EXT_INT4_IRQHandler 00000042

Symbol: EXT_INT4_IRQHandler
   Definitions
      At line 273 in file RTE\Device\MDR32F9Q2I\startup_MDR32F9Q2I.S
   Uses
      At line 105 in file RTE\Device\MDR32F9Q2I\startup_MDR32F9Q2I.S
      At line 274 in file RTE\Device\MDR32F9Q2I\startup_MDR32F9Q2I.S

HardFault_Handler 0000000A




ARM Macro Assembler    Page 3 Alphabetic symbol ordering
Relocatable symbols

Symbol: HardFault_Handler
   Definitions
      At line 130 in file RTE\Device\MDR32F9Q2I\startup_MDR32F9Q2I.S
   Uses
      At line 59 in file RTE\Device\MDR32F9Q2I\startup_MDR32F9Q2I.S
      At line 131 in file RTE\Device\MDR32F9Q2I\startup_MDR32F9Q2I.S

I2C_IRQHandler 00000028

Symbol: I2C_IRQHandler
   Definitions
      At line 208 in file RTE\Device\MDR32F9Q2I\startup_MDR32F9Q2I.S
   Uses
      At line 84 in file RTE\Device\MDR32F9Q2I\startup_MDR32F9Q2I.S
      At line 209 in file RTE\Device\MDR32F9Q2I\startup_MDR32F9Q2I.S

MemManage_Handler 0000000C

Symbol: MemManage_Handler
   Definitions
      At line 135 in file RTE\Device\MDR32F9Q2I\startup_MDR32F9Q2I.S
   Uses
      At line 60 in file RTE\Device\MDR32F9Q2I\startup_MDR32F9Q2I.S
      At line 136 in file RTE\Device\MDR32F9Q2I\startup_MDR32F9Q2I.S

NMI_Handler 00000008

Symbol: NMI_Handler
   Definitions
      At line 125 in file RTE\Device\MDR32F9Q2I\startup_MDR32F9Q2I.S
   Uses
      At line 58 in file RTE\Device\MDR32F9Q2I\startup_MDR32F9Q2I.S
      At line 126 in file RTE\Device\MDR32F9Q2I\startup_MDR32F9Q2I.S

POWER_IRQHandler 0000002A

Symbol: POWER_IRQHandler
   Definitions
      At line 213 in file RTE\Device\MDR32F9Q2I\startup_MDR32F9Q2I.S
   Uses
      At line 85 in file RTE\Device\MDR32F9Q2I\startup_MDR32F9Q2I.S
      At line 214 in file RTE\Device\MDR32F9Q2I\startup_MDR32F9Q2I.S

PendSV_Handler 00000016

Symbol: PendSV_Handler
   Definitions
      At line 160 in file RTE\Device\MDR32F9Q2I\startup_MDR32F9Q2I.S
   Uses
      At line 70 in file RTE\Device\MDR32F9Q2I\startup_MDR32F9Q2I.S
      At line 161 in file RTE\Device\MDR32F9Q2I\startup_MDR32F9Q2I.S

Reset_Handler 00000000

Symbol: Reset_Handler
   Definitions
      At line 113 in file RTE\Device\MDR32F9Q2I\startup_MDR32F9Q2I.S
   Uses
      At line 57 in file RTE\Device\MDR32F9Q2I\startup_MDR32F9Q2I.S



ARM Macro Assembler    Page 4 Alphabetic symbol ordering
Relocatable symbols

      At line 114 in file RTE\Device\MDR32F9Q2I\startup_MDR32F9Q2I.S

SSP1_IRQHandler 00000026

Symbol: SSP1_IRQHandler
   Definitions
      At line 203 in file RTE\Device\MDR32F9Q2I\startup_MDR32F9Q2I.S
   Uses
      At line 82 in file RTE\Device\MDR32F9Q2I\startup_MDR32F9Q2I.S
      At line 204 in file RTE\Device\MDR32F9Q2I\startup_MDR32F9Q2I.S

SSP2_IRQHandler 00000038

Symbol: SSP2_IRQHandler
   Definitions
      At line 248 in file RTE\Device\MDR32F9Q2I\startup_MDR32F9Q2I.S
   Uses
      At line 94 in file RTE\Device\MDR32F9Q2I\startup_MDR32F9Q2I.S
      At line 249 in file RTE\Device\MDR32F9Q2I\startup_MDR32F9Q2I.S

SVC_Handler 00000012

Symbol: SVC_Handler
   Definitions
      At line 150 in file RTE\Device\MDR32F9Q2I\startup_MDR32F9Q2I.S
   Uses
      At line 67 in file RTE\Device\MDR32F9Q2I\startup_MDR32F9Q2I.S
      At line 151 in file RTE\Device\MDR32F9Q2I\startup_MDR32F9Q2I.S

SysTick_Handler 00000018

Symbol: SysTick_Handler
   Definitions
      At line 165 in file RTE\Device\MDR32F9Q2I\startup_MDR32F9Q2I.S
   Uses
      At line 71 in file RTE\Device\MDR32F9Q2I\startup_MDR32F9Q2I.S
      At line 166 in file RTE\Device\MDR32F9Q2I\startup_MDR32F9Q2I.S

Timer1_IRQHandler 0000002E

Symbol: Timer1_IRQHandler
   Definitions
      At line 223 in file RTE\Device\MDR32F9Q2I\startup_MDR32F9Q2I.S
   Uses
      At line 88 in file RTE\Device\MDR32F9Q2I\startup_MDR32F9Q2I.S
      At line 224 in file RTE\Device\MDR32F9Q2I\startup_MDR32F9Q2I.S

Timer2_IRQHandler 00000030

Symbol: Timer2_IRQHandler
   Definitions
      At line 228 in file RTE\Device\MDR32F9Q2I\startup_MDR32F9Q2I.S
   Uses
      At line 89 in file RTE\Device\MDR32F9Q2I\startup_MDR32F9Q2I.S
      At line 229 in file RTE\Device\MDR32F9Q2I\startup_MDR32F9Q2I.S

Timer3_IRQHandler 00000032

Symbol: Timer3_IRQHandler



ARM Macro Assembler    Page 5 Alphabetic symbol ordering
Relocatable symbols

   Definitions
      At line 233 in file RTE\Device\MDR32F9Q2I\startup_MDR32F9Q2I.S
   Uses
      At line 90 in file RTE\Device\MDR32F9Q2I\startup_MDR32F9Q2I.S
      At line 234 in file RTE\Device\MDR32F9Q2I\startup_MDR32F9Q2I.S

UART1_IRQHandler 00000022

Symbol: UART1_IRQHandler
   Definitions
      At line 193 in file RTE\Device\MDR32F9Q2I\startup_MDR32F9Q2I.S
   Uses
      At line 80 in file RTE\Device\MDR32F9Q2I\startup_MDR32F9Q2I.S
      At line 194 in file RTE\Device\MDR32F9Q2I\startup_MDR32F9Q2I.S

UART2_IRQHandler 00000024

Symbol: UART2_IRQHandler
   Definitions
      At line 198 in file RTE\Device\MDR32F9Q2I\startup_MDR32F9Q2I.S
   Uses
      At line 81 in file RTE\Device\MDR32F9Q2I\startup_MDR32F9Q2I.S
      At line 199 in file RTE\Device\MDR32F9Q2I\startup_MDR32F9Q2I.S

USB_IRQHandler 0000001E

Symbol: USB_IRQHandler
   Definitions
      At line 183 in file RTE\Device\MDR32F9Q2I\startup_MDR32F9Q2I.S
   Uses
      At line 76 in file RTE\Device\MDR32F9Q2I\startup_MDR32F9Q2I.S
      At line 184 in file RTE\Device\MDR32F9Q2I\startup_MDR32F9Q2I.S

UsageFault_Handler 00000010

Symbol: UsageFault_Handler
   Definitions
      At line 145 in file RTE\Device\MDR32F9Q2I\startup_MDR32F9Q2I.S
   Uses
      At line 62 in file RTE\Device\MDR32F9Q2I\startup_MDR32F9Q2I.S
      At line 146 in file RTE\Device\MDR32F9Q2I\startup_MDR32F9Q2I.S

WWDG_IRQHandler 0000002C

Symbol: WWDG_IRQHandler
   Definitions
      At line 218 in file RTE\Device\MDR32F9Q2I\startup_MDR32F9Q2I.S
   Uses
      At line 86 in file RTE\Device\MDR32F9Q2I\startup_MDR32F9Q2I.S
      At line 219 in file RTE\Device\MDR32F9Q2I\startup_MDR32F9Q2I.S

__user_initial_stackheap 00000044

Symbol: __user_initial_stackheap
   Definitions
      At line 295 in file RTE\Device\MDR32F9Q2I\startup_MDR32F9Q2I.S
   Uses
      At line 294 in file RTE\Device\MDR32F9Q2I\startup_MDR32F9Q2I.S
Comment: __user_initial_stackheap used once



ARM Macro Assembler    Page 6 Alphabetic symbol ordering
Relocatable symbols

33 symbols



ARM Macro Assembler    Page 1 Alphabetic symbol ordering
Absolute symbols

Heap_Size 00000200

Symbol: Heap_Size
   Definitions
      At line 39 in file RTE\Device\MDR32F9Q2I\startup_MDR32F9Q2I.S
   Uses
      At line 43 in file RTE\Device\MDR32F9Q2I\startup_MDR32F9Q2I.S
      At line 299 in file RTE\Device\MDR32F9Q2I\startup_MDR32F9Q2I.S

Stack_Size 00000400

Symbol: Stack_Size
   Definitions
      At line 27 in file RTE\Device\MDR32F9Q2I\startup_MDR32F9Q2I.S
   Uses
      At line 31 in file RTE\Device\MDR32F9Q2I\startup_MDR32F9Q2I.S
      At line 298 in file RTE\Device\MDR32F9Q2I\startup_MDR32F9Q2I.S

__Vectors_Size 000000C0

Symbol: __Vectors_Size
   Definitions
      At line 108 in file RTE\Device\MDR32F9Q2I\startup_MDR32F9Q2I.S
   Uses
      At line 54 in file RTE\Device\MDR32F9Q2I\startup_MDR32F9Q2I.S
Comment: __Vectors_Size used once
3 symbols



ARM Macro Assembler    Page 1 Alphabetic symbol ordering
External symbols

SystemInit 00000000

Symbol: SystemInit
   Definitions
      At line 115 in file RTE\Device\MDR32F9Q2I\startup_MDR32F9Q2I.S
   Uses
      At line 117 in file RTE\Device\MDR32F9Q2I\startup_MDR32F9Q2I.S
Comment: SystemInit used once
__main 00000000

Symbol: __main
   Definitions
      At line 116 in file RTE\Device\MDR32F9Q2I\startup_MDR32F9Q2I.S
   Uses
      At line 119 in file RTE\Device\MDR32F9Q2I\startup_MDR32F9Q2I.S
Comment: __main used once
__use_two_region_memory 00000000

Symbol: __use_two_region_memory
   Definitions
      At line 293 in file RTE\Device\MDR32F9Q2I\startup_MDR32F9Q2I.S
   Uses
      None
Comment: __use_two_region_memory unused
3 symbols
386 symbols in table
